==========================================================================
  version   : v4 (untested)
  fixes     : saturation-latch, rail-threshold, runaway-baseline, auto-disable
  channels  : 4 on of 4 -- [True, True, True, True]
  coil map  : [1, 3, 5, 7]
  Kp        : steady [np.float64(-0.03), np.float64(-0.03), np.float64(0.01), np.float64(-0.03)]
  Ki / Kd   : -0.04 / -0.0015
  calib     : 20 s     run length: 200 s
  kicks at  : [55.0, 105.0, 155.0]
==========================================================================
Connected on /dev/cu.usbserial-1120
DAC biases set. Press Enter to start fast-lock damping (Ctrl+C to stop)...     STREAMING
Logging to data/20260804_111807_fast_lock.csv

[CALIBRATING] measuring baseline noise for 20s (outputs held at bias, no damping yet)...

[    0.0s] CALIBRATING ch0:.... tr.. g=+0.0000 bp=+0.000V ratio=0.00  ch1:.... tr.. g=+0.0000 bp=+0.000V ratio=0.00  ch2:.... tr.. g=+0.0000 bp=+0.000V ratio=0.00  ch3:.... tr.. g=+0.0000 bp=+0.000V ratio=0.00
[    5.0s] CALIBRATING ch0:.... tr.. g=+0.0000 bp=+0.071V ratio=0.00  ch1:.... tr.. g=+0.0000 bp=+0.139V ratio=0.00  ch2:.... tr.. g=+0.0000 bp=-0.109V ratio=0.00  ch3:.... tr.. g=+0.0000 bp=+0.048V ratio=0.00
[   10.0s] CALIBRATING ch0:.... tr.. g=+0.0000 bp=+0.072V ratio=0.00  ch1:.... tr.. g=+0.0000 bp=-0.015V ratio=0.00  ch2:.... tr.. g=+0.0000 bp=+0.413V ratio=0.00  ch3:.... tr.. g=+0.0000 bp=+0.055V ratio=0.00
[   15.0s] CALIBRATING ch0:.... tr.. g=+0.0000 bp=+0.379V ratio=0.00  ch1:.... tr.. g=+0.0000 bp=+0.037V ratio=0.00  ch2:.... tr.. g=+0.0000 bp=+0.276V ratio=0.00  ch3:.... tr.. g=+0.0000 bp=-0.032V ratio=0.00
[DAMPING] baseline set (ch0=0.2577V, ch1=0.1122V, ch2=0.3973V, ch3=0.0951V). Gain will schedule between -0.035 (large amplitude) and -0.030 (near lock)...

[   20.0s] DAMPING     ch0:.... tr.. g=-0.0004 bp=+0.088V ratio=0.34  ch1:.... tr.. g=-0.0004 bp=+0.041V ratio=0.37  ch2:.... tr.. g=+0.0004 bp=+0.392V ratio=0.99  ch3:.... tr.. g=-0.0004 bp=+0.099V ratio=1.04
[   25.0s] DAMPING     ch0:.... hold g=-0.0300 bp=+0.058V ratio=0.20  ch1:.... hold g=-0.0302 bp=+0.018V ratio=0.22  ch2:.... hold g=+0.0100 bp=+0.070V ratio=0.11  ch3:.... hold g=-0.0300 bp=+0.016V ratio=0.10
[   30.1s] DAMPING     ch0:.... hold g=-0.0300 bp=+0.043V ratio=0.10  ch1:.... hold g=-0.0300 bp=+0.012V ratio=0.05  ch2:.... hold g=+0.0100 bp=-0.009V ratio=0.04  ch3:.... hold g=-0.0300 bp=+0.001V ratio=0.05

*** LOCKED -- 11.4s after gain was applied (t=31.4s total) ***

[   35.1s] DAMPING     ch0:LOCK hold g=-0.0300 bp=+0.011V ratio=0.10  ch1:LOCK hold g=-0.0300 bp=+0.006V ratio=0.07  ch2:LOCK hold g=+0.0100 bp=+0.007V ratio=0.05  ch3:LOCK hold g=-0.0300 bp=+0.004V ratio=0.05
[   40.2s] DAMPING     ch0:LOCK hold g=-0.0300 bp=+0.003V ratio=0.08  ch1:LOCK hold g=-0.0300 bp=-0.003V ratio=0.04  ch2:LOCK hold g=+0.0100 bp=+0.016V ratio=0.02  ch3:LOCK hold g=-0.0300 bp=+0.003V ratio=0.03
[   45.2s] DAMPING     ch0:LOCK hold g=-0.0300 bp=-0.001V ratio=0.09  ch1:LOCK hold g=-0.0300 bp=+0.006V ratio=0.05  ch2:LOCK hold g=+0.0100 bp=+0.008V ratio=0.02  ch3:LOCK hold g=-0.0300 bp=-0.000V ratio=0.03
[   50.2s] DAMPING     ch0:LOCK hold g=-0.0300 bp=+0.015V ratio=0.08  ch1:LOCK hold g=-0.0300 bp=+0.004V ratio=0.06  ch2:LOCK hold g=+0.0100 bp=+0.012V ratio=0.01  ch3:LOCK hold g=-0.0300 bp=+0.002V ratio=0.02

>>> KICK 1/3 REQUESTED at t=55.0s <<<

[   55.2s] DAMPING     ch0:LOCK hold g=-0.0300 bp=+0.014V ratio=0.11  ch1:LOCK hold g=-0.0300 bp=+0.009V ratio=0.06  ch2:LOCK hold g=+0.0100 bp=-0.014V ratio=0.03  ch3:LOCK hold g=-0.0300 bp=-0.002V ratio=0.04

!! ch3 runaway/saturation -- freezing all channels, entering FAULT.

[   60.2s] FAULT       ch0:.... tr.. g=+0.0000 bp=-0.191V ratio=0.83  ch1:.... tr.. g=+0.0000 bp=-0.165V ratio=1.05  ch2:.... tr.. g=+0.0000 bp=-0.286V ratio=0.80  ch3:.... tr.. g=+0.0000 bp=-0.132V ratio=1.03

[recovered] all channels clear for 5s -- re-calibrating and resuming.

[   65.2s] CALIBRATING ch0:.... tr.. g=+0.0000 bp=-0.251V ratio=0.00  ch1:.... tr.. g=+0.0000 bp=-0.082V ratio=0.00  ch2:.... tr.. g=+0.0000 bp=-0.511V ratio=0.00  ch3:.... tr.. g=+0.0000 bp=-0.078V ratio=0.00
[   70.2s] CALIBRATING ch0:.... tr.. g=+0.0000 bp=-0.386V ratio=0.00  ch1:.... tr.. g=+0.0000 bp=-0.062V ratio=0.00  ch2:.... tr.. g=+0.0000 bp=-0.583V ratio=0.00  ch3:.... tr.. g=+0.0000 bp=-0.042V ratio=0.00
[   75.2s] CALIBRATING ch0:.... tr.. g=+0.0000 bp=-0.275V ratio=0.00  ch1:.... tr.. g=+0.0000 bp=-0.098V ratio=0.00  ch2:.... tr.. g=+0.0000 bp=-0.521V ratio=0.00  ch3:.... tr.. g=+0.0000 bp=-0.084V ratio=0.00
[   80.2s] CALIBRATING ch0:.... tr.. g=+0.0000 bp=-0.267V ratio=0.00  ch1:.... tr.. g=+0.0000 bp=-0.179V ratio=0.00  ch2:.... tr.. g=+0.0000 bp=-0.379V ratio=0.00  ch3:.... tr.. g=+0.0000 bp=-0.143V ratio=0.00
[DAMPING] baseline set (ch0=0.2422V, ch1=0.1003V, ch2=0.3578V, ch3=0.0818V). Gain will schedule between -0.035 (large amplitude) and -0.030 (near lock)...

[   85.3s] DAMPING     ch0:.... tr.. g=-0.0184 bp=-0.186V ratio=0.64  ch1:.... tr.. g=-0.0184 bp=-0.092V ratio=0.88  ch2:.... CAP g=+0.0120 bp=-0.386V ratio=0.82  ch3:.... tr.. g=-0.0184 bp=-0.091V ratio=1.08
[   90.3s] DAMPING     ch0:.... hold g=-0.0300 bp=-0.000V ratio=0.13  ch1:.... hold g=-0.0300 bp=-0.004V ratio=0.09  ch2:.... hold g=+0.0100 bp=-0.017V ratio=0.08  ch3:.... hold g=-0.0300 bp=-0.004V ratio=0.06
[   95.3s] DAMPING     ch0:.... hold g=-0.0300 bp=+0.020V ratio=0.07  ch1:LOCK hold g=-0.0300 bp=+0.005V ratio=0.06  ch2:.... hold g=+0.0100 bp=-0.007V ratio=0.03  ch3:LOCK hold g=-0.0300 bp=-0.001V ratio=0.03

*** LOCKED -- 11.2s after gain was applied (t=95.5s total) ***

[  100.4s] DAMPING     ch0:LOCK hold g=-0.0300 bp=-0.054V ratio=0.08  ch1:LOCK hold g=-0.0300 bp=-0.012V ratio=0.06  ch2:LOCK hold g=+0.0100 bp=-0.009V ratio=0.03  ch3:LOCK hold g=-0.0300 bp=-0.000V ratio=0.02

>>> KICK 2/3 REQUESTED at t=105.0s <<<

[  105.4s] DAMPING     ch0:LOCK hold g=-0.0300 bp=+0.038V ratio=0.08  ch1:LOCK hold g=-0.0300 bp=+0.004V ratio=0.05  ch2:LOCK hold g=+0.0100 bp=+0.005V ratio=0.02  ch3:LOCK hold g=-0.0300 bp=-0.002V ratio=0.04
[  110.4s] DAMPING     ch0:.... CAP g=-0.0345 bp=+0.091V ratio=0.56  ch1:.... CAP g=-0.0350 bp=+0.022V ratio=0.62  ch2:.... tr.. g=+0.0118 bp=+0.186V ratio=0.55  ch3:.... CAP g=-0.0346 bp=+0.027V ratio=0.57
[  115.4s] DAMPING     ch0:.... hold g=-0.0300 bp=+0.010V ratio=0.12  ch1:.... hold g=-0.0300 bp=+0.002V ratio=0.06  ch2:.... hold g=+0.0100 bp=-0.031V ratio=0.07  ch3:.... hold g=-0.0300 bp=-0.006V ratio=0.07
[  120.5s] DAMPING     ch0:LOCK hold g=-0.0300 bp=-0.050V ratio=0.08  ch1:LOCK hold g=-0.0300 bp=-0.006V ratio=0.05  ch2:LOCK hold g=+0.0100 bp=-0.007V ratio=0.02  ch3:LOCK hold g=-0.0300 bp=-0.001V ratio=0.04
[  125.5s] DAMPING     ch0:LOCK hold g=-0.0300 bp=+0.053V ratio=0.11  ch1:LOCK hold g=-0.0300 bp=+0.009V ratio=0.06  ch2:LOCK hold g=+0.0100 bp=-0.005V ratio=0.02  ch3:LOCK hold g=-0.0300 bp=-0.001V ratio=0.02
[  130.5s] DAMPING     ch0:LOCK hold g=-0.0300 bp=-0.016V ratio=0.07  ch1:LOCK hold g=-0.0300 bp=-0.003V ratio=0.04  ch2:LOCK hold g=+0.0100 bp=-0.007V ratio=0.02  ch3:LOCK hold g=-0.0300 bp=+0.001V ratio=0.03
[  135.5s] DAMPING     ch0:LOCK hold g=-0.0300 bp=-0.026V ratio=0.09  ch1:LOCK hold g=-0.0300 bp=-0.009V ratio=0.07  ch2:LOCK hold g=+0.0100 bp=-0.003V ratio=0.02  ch3:LOCK hold g=-0.0300 bp=-0.002V ratio=0.03
[  140.6s] DAMPING     ch0:LOCK hold g=-0.0300 bp=-0.017V ratio=0.07  ch1:LOCK hold g=-0.0300 bp=+0.002V ratio=0.04  ch2:LOCK hold g=+0.0100 bp=-0.012V ratio=0.04  ch3:LOCK hold g=-0.0300 bp=-0.001V ratio=0.04
[  145.6s] DAMPING     ch0:LOCK hold g=-0.0300 bp=+0.020V ratio=0.11  ch1:LOCK hold g=-0.0300 bp=+0.006V ratio=0.06  ch2:LOCK hold g=+0.0100 bp=-0.016V ratio=0.03  ch3:LOCK hold g=-0.0300 bp=+0.000V ratio=0.03

!! ch1 runaway/saturation -- freezing all channels, entering FAULT.


!! ch3 runaway/saturation -- freezing all channels, entering FAULT.

[  150.6s] FAULT       ch0:.... tr.. g=+0.0000 bp=+0.458V ratio=1.57  ch1:.... tr.. g=+0.0000 bp=+0.213V ratio=2.19  ch2:.... tr.. g=+0.0000 bp=+0.917V ratio=1.84  ch3:.... tr.. g=+0.0000 bp=+0.189V ratio=2.80

>>> KICK 3/3 REQUESTED at t=155.0s <<<


[recovered] all channels clear for 5s -- re-calibrating and resuming.

[  155.6s] CALIBRATING ch0:.... tr.. g=+0.0000 bp=+0.638V ratio=0.00  ch1:.... tr.. g=+0.0000 bp=+0.094V ratio=0.00  ch2:.... tr.. g=+0.0000 bp=+0.941V ratio=0.00  ch3:.... tr.. g=+0.0000 bp=+0.058V ratio=0.00
[  160.6s] CALIBRATING ch0:.... tr.. g=+0.0000 bp=+0.399V ratio=0.00  ch1:.... tr.. g=+0.0000 bp=+0.081V ratio=0.00  ch2:.... tr.. g=+0.0000 bp=+0.801V ratio=0.00  ch3:.... tr.. g=+0.0000 bp=+0.072V ratio=0.00
[  165.6s] CALIBRATING ch0:.... tr.. g=+0.0000 bp=+0.190V ratio=0.00  ch1:.... tr.. g=+0.0000 bp=+0.171V ratio=0.00  ch2:.... tr.. g=+0.0000 bp=+0.335V ratio=0.00  ch3:.... tr.. g=+0.0000 bp=+0.174V ratio=0.00
[  170.6s] CALIBRATING ch0:.... tr.. g=+0.0000 bp=+0.050V ratio=0.00  ch1:.... tr.. g=+0.0000 bp=+0.171V ratio=0.00  ch2:.... tr.. g=+0.0000 bp=+0.106V ratio=0.00  ch3:.... tr.. g=+0.0000 bp=+0.141V ratio=0.00
[DAMPING] baseline set (ch0=0.4662V, ch1=0.1810V, ch2=0.6190V, ch3=0.1530V). Gain will schedule between -0.035 (large amplitude) and -0.030 (near lock)...

[  175.6s] DAMPING     ch0:.... tr.. g=-0.0274 bp=+0.094V ratio=0.65  ch1:.... tr.. g=-0.0274 bp=-0.001V ratio=0.77  ch2:.... CAP g=+0.0120 bp=+0.236V ratio=0.74  ch3:.... tr.. g=-0.0274 bp=+0.020V ratio=0.86
[  180.7s] DAMPING     ch0:.... hold g=-0.0300 bp=-0.033V ratio=0.09  ch1:.... hold g=-0.0300 bp=-0.014V ratio=0.08  ch2:.... hold g=+0.0100 bp=-0.075V ratio=0.11  ch3:.... hold g=-0.0300 bp=-0.016V ratio=0.09

*** LOCKED -- 11.3s after gain was applied (t=185.6s total) ***

[  185.7s] DAMPING     ch0:LOCK hold g=-0.0300 bp=-0.023V ratio=0.04  ch1:LOCK hold g=-0.0300 bp=-0.002V ratio=0.04  ch2:LOCK hold g=+0.0100 bp=-0.025V ratio=0.03  ch3:LOCK hold g=-0.0300 bp=-0.006V ratio=0.02
[  190.7s] DAMPING     ch0:LOCK hold g=-0.0300 bp=-0.005V ratio=0.05  ch1:LOCK hold g=-0.0300 bp=+0.004V ratio=0.03  ch2:LOCK hold g=+0.0100 bp=-0.008V ratio=0.01  ch3:LOCK hold g=-0.0300 bp=+0.002V ratio=0.01
[  195.7s] DAMPING     ch0:LOCK hold g=-0.0300 bp=-0.030V ratio=0.05  ch1:LOCK hold g=-0.0300 bp=-0.008V ratio=0.04  ch2:LOCK hold g=+0.0100 bp=-0.010V ratio=0.02  ch3:LOCK hold g=-0.0300 bp=-0.008V ratio=0.02

Stopped by user.
    ,636,706,678,565,578,761,744
Returning DAC outputs to bias voltages...
Connection closed.
Log saved to data/20260804_111807_fast_lock.csv
