  connected

  baseline:  600.0   630.9   708.1   677.2   569.2   535.8   760.5   732.2
  coil 0 (ch1):   -105    -49    +35    +36     +0     +4     +1     -0
  coil 1 (ch3):   -107    -68    +66    +14     +2     +0     +4     +3
  coil 2 (ch5):    -48    -33   +213    +58     +2     +0     +2     +1
  coil 3 (ch7):    +19    +18   -141    -51     +1     -6     +3     +0
  coil 4 (ch0):    -29     +5    -25     -1     +8     -0     +3     +1
  coil 5 (ch2):    -21     +7    -22     -2     +8     -7     +3     -1
  coil 6 (ch4):    -28     +4    -13     +2     +2     -1     +4     +6
  coil 7 (ch6):    -26     +8    -26     -1     +1     +8     +6     +7

  d(counts_i)/d(bias_j)  [row = sensor, col = coil]
         coil0  coil1  coil2  coil3  coil4  coil5  coil6  coil7 
   a0     -105  -107   -48   +19   -29   -21   -28   -26
   a1      -49   -68   -33   +18    +5    +7    +4    +8
   a2      +35   +66  +213  -141   -25   -22   -13   -26
   a3      +36   +14   +58   -51    -1    -2    +2    -1
   a4       +0    +2    +2    +1    +8    +8    +2    +1
   a5       +4    +0    +0    -6    -0    -7    -1    +8
   a6       +1    +4    +2    +3    +3    +3    +4    +6
   a7       -0    +3    +1    +0    +1    -1    +6    +7

  singular values: 1.000  0.482  0.121  0.073  0.043  0.017  0.007  0.001
  above 10%: 3    above 3%: 5    (8 coils on one body -> expect ~4)
  mean |resp| within 0-3: 66   within 4-7: 4   across: 14 / 2

  restoring coils to 0.25 V ...
