v5.5  N=8  coils=[1, 3, 5, 7, 0, 2, 4, 6]  enabled=[True, True, True, True, True, True, True, True]
Connected on /dev/cu.usbserial-1120
    OK ch=1 v=0.2500
    OK ch=3 v=0.2500
    OK ch=5 v=0.2500
    OK ch=7 v=0.2500
    OK ch=0 v=0.2500
    OK ch=2 v=0.2500
    OK ch=4 v=0.2500
    OK ch=6 v=0.2500
DAC biases set. Press Enter to start fast-lock damping (Ctrl+C to stop)...     STREAMING
Logging to data/20260804_140508_fast_lock.csv

[CALIBRATING] measuring baseline noise for 20s (outputs held at bias, no damping yet)...

    OK ch=1 v=0.2500
    OK ch=3 v=0.2500
    OK ch=5 v=0.2500
    OK ch=7 v=0.2500
    OK ch=0 v=0.2500
    OK ch=2 v=0.2500
    OK ch=4 v=0.2500
    OK ch=6 v=0.2500
[    0.0s] CALIBRATING ch0:.... g=+0.0000 bp=+0.000V ratio=0.00  ch1:.... g=+0.0000 bp=+0.000V ratio=0.00  ch2:.... g=+0.0000 bp=+0.000V ratio=0.00  ch3:.... g=+0.0000 bp=+0.000V ratio=0.00  ch4:.... g=+0.0000 bp=+0.000V ratio=0.00  ch5:.... g=+0.0000 bp=+0.000V ratio=0.00  ch6:.... g=+0.0000 bp=+0.000V ratio=0.00  ch7:.... g=+0.0000 bp=+0.000V ratio=0.00
[    5.0s] CALIBRATING ch0:.... g=+0.0000 bp=+0.572V ratio=0.00  ch1:.... g=+0.0000 bp=+0.262V ratio=0.00  ch2:.... g=+0.0000 bp=+0.368V ratio=0.00  ch3:.... g=+0.0000 bp=+0.078V ratio=0.00  ch4:.... g=+0.0000 bp=-0.001V ratio=0.00  ch5:.... g=+0.0000 bp=-0.123V ratio=0.00  ch6:.... g=+0.0000 bp=-0.005V ratio=0.00  ch7:.... g=+0.0000 bp=-0.001V ratio=0.00
[   10.0s] CALIBRATING ch0:.... g=+0.0000 bp=+0.313V ratio=0.00  ch1:.... g=+0.0000 bp=+0.030V ratio=0.00  ch2:.... g=+0.0000 bp=+0.896V ratio=0.00  ch3:.... g=+0.0000 bp=+0.156V ratio=0.00  ch4:.... g=+0.0000 bp=-0.000V ratio=0.00  ch5:.... g=+0.0000 bp=-0.099V ratio=0.00  ch6:.... g=+0.0000 bp=-0.000V ratio=0.00  ch7:.... g=+0.0000 bp=-0.001V ratio=0.00
[   15.0s] CALIBRATING ch0:.... g=+0.0000 bp=+0.648V ratio=0.00  ch1:.... g=+0.0000 bp=+0.171V ratio=0.00  ch2:.... g=+0.0000 bp=+0.553V ratio=0.00  ch3:.... g=+0.0000 bp=+0.037V ratio=0.00  ch4:.... g=+0.0000 bp=-0.003V ratio=0.00  ch5:.... g=+0.0000 bp=-0.097V ratio=0.00  ch6:.... g=+0.0000 bp=+0.002V ratio=0.00  ch7:.... g=+0.0000 bp=+0.001V ratio=0.00

[DAMPING] baseline set (ch0=0.3109V, ch1=0.1383V, ch2=0.4535V, ch3=0.1103V, ch4=0.0014V, ch5=0.0801V, ch6=0.0050V, ch7=0.0020V). Gain schedules -0.035 -> -0.030...

    OK ch=1 v=0.2471
    OK ch=3 v=0.2511
    OK ch=5 v=0.2537
[   20.0s] DAMPING     ch0:.... g=-0.0005 bp=+0.260V ratio=0.84  ch1:.... g=-0.0005 bp=+0.158V ratio=1.14  ch2:.... g=+0.0005 bp=+0.560V ratio=1.24  ch3:.... g=-0.0005 bp=+0.159V ratio=1.44  ch4:.... g=-0.0005 bp=+0.004V ratio=2.93  ch5:.... g=-0.0005 bp=-0.081V ratio=1.01  ch6:.... g=-0.0005 bp=+0.002V ratio=0.43  ch7:.... g=-0.0005 bp=-0.002V ratio=1.18
    OK ch=1 v=0.2425
    OK ch=3 v=0.2467
    OK ch=5 v=0.2627
    OK ch=2 v=0.2495
    OK ch=1 v=0.2457
    OK ch=3 v=0.2458
    OK ch=5 v=0.2708
    OK ch=7 v=0.2437
    OK ch=1 v=0.2504
    OK ch=5 v=0.2798
    OK ch=7 v=0.2398
    OK ch=2 v=0.2503
    OK ch=1 v=0.2365
    OK ch=3 v=0.2418
    OK ch=2 v=0.2497
    OK ch=3 v=0.2378
    OK ch=5 v=0.2868
    OK ch=7 v=0.2338
    OK ch=2 v=0.2511
    OK ch=1 v=0.2426
    OK ch=3 v=0.2387
    OK ch=5 v=0.2903
    OK ch=7 v=0.2326
    OK ch=1 v=0.2258
    OK ch=3 v=0.2357
    OK ch=5 v=0.3015
    OK ch=7 v=0.2288
    OK ch=2 v=0.2492
    OK ch=1 v=0.2172
    OK ch=3 v=0.2329
    OK ch=5 v=0.3093
    OK ch=7 v=0.2312
    OK ch=2 v=0.2521
    OK ch=1 v=0.2274
    OK ch=3 v=0.2415
    OK ch=5 v=0.3135
    OK ch=7 v=0.2340
    OK ch=2 v=0.2530
    OK ch=1 v=0.2145
    OK ch=5 v=0.3123
    OK ch=7 v=0.2365
    OK ch=2 v=0.2523
    OK ch=6 v=0.2508
    OK ch=1 v=0.2217
    OK ch=5 v=0.3031
    OK ch=7 v=0.2426
    OK ch=0 v=0.2507
    OK ch=2 v=0.2581
    OK ch=1 v=0.2226
    OK ch=3 v=0.2480
    OK ch=5 v=0.2811
    OK ch=7 v=0.2523
    OK ch=0 v=0.2498
    OK ch=2 v=0.2601
    OK ch=6 v=0.2501
    OK ch=1 v=0.2564
    OK ch=3 v=0.2611
    OK ch=5 v=0.2544
    OK ch=7 v=0.2603
    OK ch=0 v=0.2506
    OK ch=2 v=0.2595
    OK ch=1 v=0.2428
    OK ch=3 v=0.2537
    OK ch=5 v=0.2399
    OK ch=7 v=0.2610
    OK ch=0 v=0.2491
    OK ch=2 v=0.2566
    OK ch=4 v=0.2493
    OK ch=1 v=0.2729
    OK ch=3 v=0.2578
    OK ch=5 v=0.2103
    OK ch=7 v=0.2621
    OK ch=0 v=0.2506
    OK ch=2 v=0.2528
    OK ch=4 v=0.2508
    OK ch=6 v=0.2494
    OK ch=1 v=0.2957
    OK ch=3 v=0.2546
    OK ch=5 v=0.1651
    OK ch=7 v=0.2650
    OK ch=0 v=0.2499
    OK ch=2 v=0.2368
    OK ch=4 v=0.2497
    OK ch=1 v=0.2968
    OK ch=3 v=0.2498
    OK ch=5 v=0.1677
    OK ch=7 v=0.2568
    OK ch=0 v=0.2485
    OK ch=2 v=0.2302
    OK ch=4 v=0.2504
    OK ch=6 v=0.2500
    OK ch=1 v=0.2749
    OK ch=3 v=0.2442
    OK ch=5 v=0.2169
    OK ch=0 v=0.2491
    OK ch=1 v=0.2470
    OK ch=3 v=0.2448
    OK ch=5 v=0.2671
    OK ch=7 v=0.2491
    OK ch=2 v=0.2404
    OK ch=4 v=0.2495
    OK ch=6 v=0.2485
    OK ch=1 v=0.2275
    OK ch=3 v=0.2532
    OK ch=5 v=0.3058
    OK ch=7 v=0.2462
    OK ch=2 v=0.2445
    OK ch=4 v=0.2504
    OK ch=6 v=0.2497
    OK ch=1 v=0.1823
    OK ch=3 v=0.2430
    OK ch=5 v=0.3343
    OK ch=7 v=0.2404
    OK ch=0 v=0.2502
    OK ch=2 v=0.2514
    OK ch=1 v=0.1865
    OK ch=3 v=0.2319
    OK ch=5 v=0.3386
    OK ch=7 v=0.2384
    OK ch=0 v=0.2509
    OK ch=2 v=0.2535
    OK ch=1 v=0.1930
    OK ch=3 v=0.2289
    OK ch=5 v=0.3320
    OK ch=7 v=0.2223
    OK ch=0 v=0.2503
    OK ch=2 v=0.2520
    OK ch=4 v=0.2489
    OK ch=1 v=0.2428
    OK ch=3 v=0.2305
    OK ch=5 v=0.3202
    OK ch=7 v=0.2171
    OK ch=2 v=0.2629
    OK ch=4 v=0.2507
    OK ch=1 v=0.2300
    OK ch=3 v=0.2316
    OK ch=5 v=0.3038
    OK ch=7 v=0.2191
    OK ch=2 v=0.2638
    OK ch=6 v=0.2503
    OK ch=1 v=0.2544
    OK ch=3 v=0.2463
    OK ch=5 v=0.2878
    OK ch=7 v=0.2330
    OK ch=0 v=0.2513
    OK ch=4 v=0.2497
    OK ch=1 v=0.2568
    OK ch=3 v=0.2587
    OK ch=5 v=0.2774
    OK ch=7 v=0.2396
    OK ch=0 v=0.2501
    OK ch=2 v=0.2674
    OK ch=4 v=0.2515
    OK ch=6 v=0.2512
    OK ch=1 v=0.2698
    OK ch=3 v=0.2815
    OK ch=5 v=0.2633
    OK ch=7 v=0.2518
    OK ch=0 v=0.2508
    OK ch=2 v=0.2557
    OK ch=4 v=0.2480
    OK ch=6 v=0.2504
    OK ch=1 v=0.2856
    OK ch=3 v=0.2838
    OK ch=5 v=0.2467
    OK ch=7 v=0.2720
    OK ch=2 v=0.2404
    OK ch=4 v=0.2504
    OK ch=6 v=0.2496
    OK ch=1 v=0.2840
    OK ch=3 v=0.2655
    OK ch=5 v=0.2377
    OK ch=7 v=0.2687
    OK ch=0 v=0.2489
    OK ch=2 v=0.2316
    OK ch=4 v=0.2498
    OK ch=1 v=0.2521
    OK ch=3 v=0.2457
    OK ch=5 v=0.2345
    OK ch=7 v=0.2586
    OK ch=0 v=0.2494
    OK ch=2 v=0.2328
    OK ch=1 v=0.2768
    OK ch=3 v=0.2554
    OK ch=5 v=0.2334
    OK ch=7 v=0.2452
    OK ch=0 v=0.2483
    OK ch=2 v=0.2290
    OK ch=1 v=0.2563
    OK ch=3 v=0.2451
    OK ch=5 v=0.2485
    OK ch=7 v=0.2434
    OK ch=0 v=0.2492
    OK ch=2 v=0.2393
    OK ch=4 v=0.2489
    OK ch=6 v=0.2490
    OK ch=1 v=0.2139
    OK ch=3 v=0.2295
    OK ch=5 v=0.2728
    OK ch=7 v=0.2492
    OK ch=0 v=0.2507
    OK ch=2 v=0.2493
    OK ch=6 v=0.2507
    OK ch=1 v=0.2047
    OK ch=3 v=0.2200
    OK ch=5 v=0.2916
    OK ch=7 v=0.2442
    OK ch=2 v=0.2590
    OK ch=4 v=0.2512
    OK ch=6 v=0.2494
    OK ch=1 v=0.2012
    OK ch=3 v=0.2352
    OK ch=5 v=0.3022
    OK ch=7 v=0.2504
    OK ch=2 v=0.2603
    OK ch=6 v=0.2508
    OK ch=1 v=0.1851
    OK ch=3 v=0.2345
    OK ch=5 v=0.3043
    OK ch=7 v=0.2486
    OK ch=2 v=0.2588
    OK ch=1 v=0.2284
    OK ch=3 v=0.2425
    OK ch=5 v=0.2878
    OK ch=7 v=0.2391
    OK ch=0 v=0.2496
    OK ch=2 v=0.2562
    OK ch=1 v=0.2500
    OK ch=3 v=0.2500
    OK ch=5 v=0.2500
    OK ch=7 v=0.2500
    OK ch=2 v=0.2500
    OK ch=4 v=0.2500
    OK ch=6 v=0.2500

!! ch4 runaway/saturation -- freezing all channels, entering FAULT.

[   25.0s] FAULT       ch0:.... g=+0.0000 bp=+0.037V ratio=0.31  ch1:.... g=+0.0000 bp=+0.013V ratio=0.38  ch2:.... g=+0.0000 bp=+0.130V ratio=0.39  ch3:.... g=+0.0000 bp=+0.035V ratio=0.38  ch4:.... g=+0.0000 bp=+0.000V ratio=2.73  ch5:.... g=+0.0000 bp=-0.063V ratio=0.98  ch6:.... g=+0.0000 bp=-0.001V ratio=0.92  ch7:.... g=+0.0000 bp=+0.001V ratio=1.38

[recovered] re-engaging on the previous baseline -- re-faulted after only 2.6s, so the disturbance is still there (1/4 before a forced re-calibration). Gain ramps from zero.

    OK ch=1 v=0.2492
    OK ch=3 v=0.2505
    OK ch=1 v=0.2544
    OK ch=3 v=0.2514
    OK ch=5 v=0.2516
    OK ch=7 v=0.2538
    OK ch=1 v=0.2507
    OK ch=3 v=0.2508
    OK ch=5 v=0.2449
    OK ch=7 v=0.2516
    OK ch=1 v=0.2567
    OK ch=3 v=0.2486
    OK ch=5 v=0.2442
    OK ch=7 v=0.2532
    OK ch=1 v=0.2522
    OK ch=3 v=0.2555
    OK ch=5 v=0.2456
    OK ch=1 v=0.2391
    OK ch=3 v=0.2473
    OK ch=5 v=0.2430
    OK ch=7 v=0.2547
    OK ch=2 v=0.2486
    OK ch=1 v=0.2545
    OK ch=3 v=0.2523
    OK ch=5 v=0.2381
    OK ch=0 v=0.2501
    OK ch=1 v=0.2568
    OK ch=3 v=0.2540
    OK ch=5 v=0.2367
    OK ch=7 v=0.2535
    OK ch=2 v=0.2452
    OK ch=6 v=0.2506
    OK ch=1 v=0.2489
    OK ch=3 v=0.2491
    OK ch=5 v=0.2382
    OK ch=7 v=0.2573
    OK ch=6 v=0.2501
    OK ch=1 v=0.2558
    OK ch=3 v=0.2583
    OK ch=5 v=0.2361
    OK ch=7 v=0.2523
    OK ch=2 v=0.2422
    OK ch=1 v=0.2462
    OK ch=3 v=0.2442
    OK ch=7 v=0.2492
    OK ch=2 v=0.2458
    OK ch=1 v=0.2478
    OK ch=3 v=0.2430
    OK ch=5 v=0.2439
    OK ch=7 v=0.2513
    OK ch=2 v=0.2469
    OK ch=1 v=0.2465
    OK ch=3 v=0.2480
    OK ch=5 v=0.2456
    OK ch=7 v=0.2467
    OK ch=2 v=0.2485
    OK ch=1 v=0.2538
    OK ch=3 v=0.2528
    OK ch=5 v=0.2549
    OK ch=7 v=0.2540
    OK ch=2 v=0.2534
    OK ch=6 v=0.2485
    OK ch=1 v=0.2677
    OK ch=3 v=0.2549
    OK ch=7 v=0.2475
    OK ch=2 v=0.2564
    OK ch=1 v=0.2572
    OK ch=3 v=0.2531
    OK ch=5 v=0.2599
    OK ch=7 v=0.2496
    OK ch=2 v=0.2550
    OK ch=6 v=0.2506
    OK ch=1 v=0.2438
    OK ch=3 v=0.2510
    OK ch=5 v=0.2633
    OK ch=7 v=0.2481
    OK ch=0 v=0.2495
    OK ch=2 v=0.2621
    OK ch=1 v=0.2362
    OK ch=3 v=0.2475
    OK ch=5 v=0.2663
    OK ch=7 v=0.2519
    OK ch=2 v=0.2529
    OK ch=1 v=0.2531
    OK ch=3 v=0.2537
    OK ch=5 v=0.2565
    OK ch=7 v=0.2472
    OK ch=0 v=0.2506
    OK ch=2 v=0.2598
    OK ch=1 v=0.2297
    OK ch=3 v=0.2552
    OK ch=5 v=0.2547
    OK ch=7 v=0.2518
    OK ch=2 v=0.2581
    OK ch=4 v=0.2493
    OK ch=1 v=0.2711
    OK ch=3 v=0.2535
    OK ch=5 v=0.2477
    OK ch=0 v=0.2499
    OK ch=2 v=0.2570
    OK ch=1 v=0.2729
    OK ch=3 v=0.2425
    OK ch=5 v=0.2366
    OK ch=7 v=0.2470
    OK ch=0 v=0.2493
    OK ch=2 v=0.2543
    OK ch=4 v=0.2505
    OK ch=6 v=0.2499
    OK ch=1 v=0.2617
    OK ch=3 v=0.2476
    OK ch=5 v=0.2359
    OK ch=7 v=0.2519
    OK ch=2 v=0.2461
    OK ch=6 v=0.2507
    OK ch=1 v=0.2378
    OK ch=3 v=0.2616
    OK ch=5 v=0.2365
    OK ch=7 v=0.2539
    OK ch=0 v=0.2517
    OK ch=2 v=0.2432
    OK ch=6 v=0.2501
    OK ch=1 v=0.2549
    OK ch=3 v=0.2493
    OK ch=5 v=0.2331
    OK ch=7 v=0.2508
    OK ch=0 v=0.2492
    OK ch=2 v=0.2406
    OK ch=4 v=0.2493
    OK ch=1 v=0.2570
    OK ch=3 v=0.2535
    OK ch=5 v=0.2347
    OK ch=7 v=0.2604
    OK ch=2 v=0.2324
    OK ch=4 v=0.2502
    OK ch=6 v=0.2494
    OK ch=1 v=0.2489
    OK ch=3 v=0.2628
    OK ch=5 v=0.2422
    OK ch=0 v=0.2507
    OK ch=2 v=0.2363
    OK ch=4 v=0.2495
    OK ch=1 v=0.2432
    OK ch=3 v=0.2511
    OK ch=5 v=0.2453
    OK ch=7 v=0.2599
    OK ch=0 v=0.2502
    OK ch=2 v=0.2430
    OK ch=4 v=0.2512
    OK ch=1 v=0.2319
    OK ch=3 v=0.2372
    OK ch=5 v=0.2371
    OK ch=7 v=0.2447
    OK ch=0 v=0.2496
    OK ch=2 v=0.2526
    OK ch=4 v=0.2494
    OK ch=6 v=0.2501
    OK ch=1 v=0.2446
    OK ch=3 v=0.2326
    OK ch=5 v=0.2417
    OK ch=2 v=0.2509
    OK ch=1 v=0.2453
    OK ch=3 v=0.2387
    OK ch=5 v=0.2478
    OK ch=7 v=0.2482
    OK ch=0 v=0.2502
    OK ch=2 v=0.2519
    OK ch=4 v=0.2513
    OK ch=1 v=0.2576
    OK ch=3 v=0.2620
    OK ch=5 v=0.2594
    OK ch=7 v=0.2592
    OK ch=0 v=0.2512
    OK ch=2 v=0.2600
    OK ch=4 v=0.2499
    OK ch=1 v=0.1981
    OK ch=3 v=0.2551
    OK ch=5 v=0.2611
    OK ch=7 v=0.2614
    OK ch=4 v=0.2506
    OK ch=6 v=0.2520
    OK ch=1 v=0.2782
    OK ch=3 v=0.2582
    OK ch=5 v=0.2546
    OK ch=7 v=0.2530
    OK ch=0 v=0.2490
    OK ch=4 v=0.2500
    OK ch=6 v=0.2506
    OK ch=1 v=0.2793
    OK ch=3 v=0.2557
    OK ch=5 v=0.2483
    OK ch=7 v=0.2519
    OK ch=0 v=0.2498
    OK ch=2 v=0.2650
    OK ch=6 v=0.2491
    OK ch=1 v=0.2765
    OK ch=3 v=0.2532
    OK ch=5 v=0.2460
    OK ch=7 v=0.2490
    OK ch=2 v=0.2561
    OK ch=4 v=0.2488
    OK ch=1 v=0.2464
    OK ch=3 v=0.2415
    OK ch=5 v=0.2376
    OK ch=7 v=0.2415
    OK ch=0 v=0.2509
    OK ch=2 v=0.2523
    OK ch=1 v=0.2330
    OK ch=3 v=0.2479
    OK ch=5 v=0.2451
    OK ch=7 v=0.2546
    OK ch=0 v=0.2484
    OK ch=2 v=0.2400
    OK ch=4 v=0.2499
    OK ch=6 v=0.2485
    OK ch=1 v=0.2500
    OK ch=3 v=0.2500
    OK ch=5 v=0.2500
    OK ch=7 v=0.2500
    OK ch=0 v=0.2500
    OK ch=2 v=0.2500
    OK ch=6 v=0.2500

!! ch7 runaway/saturation -- freezing all channels, entering FAULT.

[   30.1s] FAULT       ch0:.... g=+0.0000 bp=+0.028V ratio=0.14  ch1:.... g=+0.0000 bp=-0.004V ratio=0.14  ch2:.... g=+0.0000 bp=+0.029V ratio=0.10  ch3:.... g=+0.0000 bp=-0.009V ratio=0.13  ch4:.... g=+0.0000 bp=-0.002V ratio=2.60  ch5:.... g=+0.0000 bp=-0.052V ratio=0.79  ch6:.... g=+0.0000 bp=-0.000V ratio=0.61  ch7:.... g=+0.0000 bp=-0.002V ratio=2.03

[recovered] re-engaging on the previous baseline -- re-faulted after only 2.4s, so the disturbance is still there (2/4 before a forced re-calibration). Gain ramps from zero.

[   35.1s] DAMPING     ch0:.... g=+0.0000 bp=+0.001V ratio=0.00  ch1:.... g=+0.0000 bp=-0.007V ratio=0.00  ch2:.... g=+0.0000 bp=+0.075V ratio=0.00  ch3:.... g=+0.0000 bp=+0.014V ratio=0.00  ch4:.... g=+0.0000 bp=-0.003V ratio=0.00  ch5:.... g=+0.0000 bp=-0.065V ratio=0.00  ch6:.... g=+0.0000 bp=-0.001V ratio=0.00  ch7:.... g=+0.0000 bp=-0.005V ratio=0.00
    OK ch=1 v=0.2517
    OK ch=5 v=0.2492
    OK ch=7 v=0.2494
    OK ch=1 v=0.2533
    OK ch=3 v=0.2522
    OK ch=5 v=0.2516
    OK ch=7 v=0.2516
    OK ch=2 v=0.2494
    OK ch=1 v=0.2514
    OK ch=7 v=0.2477
    OK ch=1 v=0.2523
    OK ch=3 v=0.2536
    OK ch=5 v=0.2534
    OK ch=7 v=0.2502
    OK ch=2 v=0.2501
    OK ch=1 v=0.2495
    OK ch=3 v=0.2514
    OK ch=5 v=0.2540
    OK ch=7 v=0.2524
    OK ch=2 v=0.2514
    OK ch=1 v=0.2510
    OK ch=5 v=0.2547
    OK ch=7 v=0.2486
    OK ch=1 v=0.2477
    OK ch=3 v=0.2441
    OK ch=5 v=0.2523
    OK ch=7 v=0.2499
    OK ch=2 v=0.2504
    OK ch=6 v=0.2515
    OK ch=1 v=0.2500
    OK ch=3 v=0.2501
    OK ch=5 v=0.2560
    OK ch=2 v=0.2510
    OK ch=6 v=0.2496
    OK ch=1 v=0.2558
    OK ch=3 v=0.2543
    OK ch=5 v=0.2578
    OK ch=7 v=0.2472
    OK ch=2 v=0.2534
    OK ch=1 v=0.2420
    OK ch=3 v=0.2426
    OK ch=5 v=0.2541
    OK ch=7 v=0.2479
    OK ch=2 v=0.2507
    OK ch=4 v=0.2490
    OK ch=6 v=0.2502
    OK ch=1 v=0.2370
    OK ch=3 v=0.2493
    OK ch=5 v=0.2587
    OK ch=7 v=0.2430
    OK ch=0 v=0.2507
    OK ch=2 v=0.2535
    OK ch=4 v=0.2497
    OK ch=6 v=0.2531
    OK ch=1 v=0.2550
    OK ch=3 v=0.2522
    OK ch=5 v=0.2574
    OK ch=7 v=0.2459
    OK ch=2 v=0.2562
    OK ch=1 v=0.2493
    OK ch=3 v=0.2468
    OK ch=5 v=0.2536
    OK ch=7 v=0.2489
    OK ch=0 v=0.2499
    OK ch=2 v=0.2569
    OK ch=6 v=0.2502
    OK ch=1 v=0.2564
    OK ch=3 v=0.2541
    OK ch=5 v=0.2581
    OK ch=7 v=0.2520
    OK ch=0 v=0.2490
    OK ch=2 v=0.2545
    OK ch=4 v=0.2508
    OK ch=6 v=0.2472
    OK ch=1 v=0.2599
    OK ch=5 v=0.2539
    OK ch=7 v=0.2545
    OK ch=2 v=0.2529
    OK ch=6 v=0.2460
    OK ch=1 v=0.2485
    OK ch=3 v=0.2500
    OK ch=5 v=0.2449
    OK ch=7 v=0.2501
    OK ch=0 v=0.2498
    OK ch=2 v=0.2450
    OK ch=4 v=0.2490
    OK ch=6 v=0.2481
    OK ch=1 v=0.2597
    OK ch=3 v=0.2523
    OK ch=5 v=0.2468
    OK ch=7 v=0.2536
    OK ch=2 v=0.2369
    OK ch=6 v=0.2489
    OK ch=1 v=0.2481
    OK ch=3 v=0.2471
    OK ch=5 v=0.2430
    OK ch=7 v=0.2517
    OK ch=0 v=0.2491
    OK ch=2 v=0.2359
    OK ch=4 v=0.2501
    OK ch=6 v=0.2474
    OK ch=1 v=0.2325
    OK ch=7 v=0.2440
    OK ch=0 v=0.2506
    OK ch=2 v=0.2370
    OK ch=4 v=0.2493
    OK ch=6 v=0.2544
    OK ch=1 v=0.2552
    OK ch=3 v=0.2511
    OK ch=5 v=0.2469
    OK ch=7 v=0.2491
    OK ch=2 v=0.2412
    OK ch=4 v=0.2499
    OK ch=6 v=0.2530
    OK ch=1 v=0.2318
    OK ch=3 v=0.2547
    OK ch=5 v=0.2548
    OK ch=7 v=0.2476
    OK ch=2 v=0.2457
    OK ch=4 v=0.2506
    OK ch=6 v=0.2545
    OK ch=1 v=0.2645
    OK ch=3 v=0.2500
    OK ch=5 v=0.2506
    OK ch=7 v=0.2500
    OK ch=2 v=0.2579
    OK ch=4 v=0.2501
    OK ch=6 v=0.2520
    OK ch=1 v=0.2519
    OK ch=3 v=0.2411
    OK ch=5 v=0.2548
    OK ch=7 v=0.2548
    OK ch=0 v=0.2491
    OK ch=4 v=0.2495
    OK ch=6 v=0.2460
    OK ch=1 v=0.2529
    OK ch=3 v=0.2480
    OK ch=5 v=0.2564
    OK ch=7 v=0.2525
    OK ch=0 v=0.2497
    OK ch=2 v=0.2588
    OK ch=4 v=0.2506
    OK ch=6 v=0.2449
    OK ch=1 v=0.2236
    OK ch=5 v=0.2585
    OK ch=7 v=0.2433
    OK ch=0 v=0.2508
    OK ch=2 v=0.2636
    OK ch=4 v=0.2492
    OK ch=6 v=0.2503
    OK ch=1 v=0.2289
    OK ch=3 v=0.2503
    OK ch=5 v=0.2595
    OK ch=7 v=0.2452
    OK ch=2 v=0.2670
    OK ch=4 v=0.2507
    OK ch=6 v=0.2549
    OK ch=1 v=0.2434
    OK ch=3 v=0.2548
    OK ch=5 v=0.2543
    OK ch=7 v=0.2464
    OK ch=2 v=0.2562
    OK ch=6 v=0.2539
    OK ch=1 v=0.2632
    OK ch=3 v=0.2538
    OK ch=5 v=0.2504
    OK ch=7 v=0.2481
    OK ch=0 v=0.2501
    OK ch=2 v=0.2549
    OK ch=6 v=0.2503
    OK ch=1 v=0.2834
    OK ch=3 v=0.2470
    OK ch=5 v=0.2491
    OK ch=7 v=0.2597
    OK ch=0 v=0.2486
    OK ch=2 v=0.2435
    OK ch=4 v=0.2502
    OK ch=6 v=0.2446
    OK ch=1 v=0.2759
    OK ch=3 v=0.2611
    OK ch=5 v=0.2563
    OK ch=7 v=0.2545
    OK ch=0 v=0.2502
    OK ch=2 v=0.2331
    OK ch=6 v=0.2511
    OK ch=1 v=0.2500
    OK ch=3 v=0.2500
    OK ch=5 v=0.2500
    OK ch=7 v=0.2500
    OK ch=2 v=0.2500
    OK ch=6 v=0.2500

!! ch4, ch7 runaway/saturation -- freezing all channels, entering FAULT.

[   40.1s] FAULT       ch0:.... g=+0.0000 bp=+0.008V ratio=0.15  ch1:.... g=+0.0000 bp=+0.009V ratio=0.09  ch2:.... g=+0.0000 bp=-0.008V ratio=0.07  ch3:.... g=+0.0000 bp=+0.003V ratio=0.09  ch4:.... g=+0.0000 bp=-0.001V ratio=2.20  ch5:.... g=+0.0000 bp=-0.048V ratio=0.89  ch6:.... g=+0.0000 bp=+0.002V ratio=0.89  ch7:.... g=+0.0000 bp=+0.005V ratio=7.44

[recovered] re-engaging on the previous baseline -- re-faulted after only 2.0s, so the disturbance is still there (3/4 before a forced re-calibration). Gain ramps from zero.

    OK ch=1 v=0.2521
    OK ch=7 v=0.2493
    OK ch=3 v=0.2513
    OK ch=5 v=0.2519
    OK ch=7 v=0.2479
    OK ch=1 v=0.2546
    OK ch=3 v=0.2483
    OK ch=7 v=0.2520
    OK ch=1 v=0.2506
    OK ch=3 v=0.2500
    OK ch=5 v=0.2530
    OK ch=7 v=0.2484
    OK ch=2 v=0.2507
    OK ch=1 v=0.2461
    OK ch=5 v=0.2515
    OK ch=2 v=0.2494
    OK ch=1 v=0.2522
    OK ch=3 v=0.2489
    OK ch=5 v=0.2509
    OK ch=2 v=0.2509
    OK ch=1 v=0.2581
    OK ch=3 v=0.2525
    OK ch=5 v=0.2501
    OK ch=7 v=0.2505
    OK ch=1 v=0.2539
    OK ch=3 v=0.2531
    OK ch=5 v=0.2526
    OK ch=2 v=0.2518
    OK ch=1 v=0.2429
    OK ch=3 v=0.2498
    OK ch=5 v=0.2479
    OK ch=7 v=0.2544
    OK ch=2 v=0.2527
    OK ch=1 v=0.2413
    OK ch=3 v=0.2470
    OK ch=5 v=0.2545
    OK ch=7 v=0.2526
    OK ch=2 v=0.2493
    OK ch=4 v=0.2494
    OK ch=1 v=0.2444
    OK ch=7 v=0.2471
    OK ch=2 v=0.2540
    OK ch=4 v=0.2502
    OK ch=1 v=0.2609
    OK ch=3 v=0.2544
    OK ch=5 v=0.2512
    OK ch=7 v=0.2490
    OK ch=2 v=0.2584
    OK ch=1 v=0.2632
    OK ch=3 v=0.2489
    OK ch=5 v=0.2481
    OK ch=7 v=0.2497
    OK ch=1 v=0.2340
    OK ch=3 v=0.2477
    OK ch=5 v=0.2440
    OK ch=7 v=0.2539
    OK ch=0 v=0.2495
    OK ch=2 v=0.2518
    OK ch=4 v=0.2495
    OK ch=1 v=0.2387
    OK ch=3 v=0.2445
    OK ch=5 v=0.2480
    OK ch=7 v=0.2522
    OK ch=2 v=0.2544
    OK ch=6 v=0.2507
    OK ch=1 v=0.2596
    OK ch=3 v=0.2505
    OK ch=5 v=0.2529
    OK ch=7 v=0.2468
    OK ch=2 v=0.2494
    OK ch=6 v=0.2499
    OK ch=1 v=0.2671
    OK ch=3 v=0.2542
    OK ch=7 v=0.2457
    OK ch=2 v=0.2433
    OK ch=4 v=0.2501
    OK ch=6 v=0.2494
    OK ch=1 v=0.2485
    OK ch=3 v=0.2524
    OK ch=5 v=0.2478
    OK ch=7 v=0.2540
    OK ch=0 v=0.2490
    OK ch=2 v=0.2447
    OK ch=6 v=0.2502
    OK ch=1 v=0.2358
    OK ch=3 v=0.2449
    OK ch=5 v=0.2536
    OK ch=7 v=0.2483
    OK ch=0 v=0.2505
    OK ch=2 v=0.2341
    OK ch=6 v=0.2495
    OK ch=1 v=0.2625
    OK ch=3 v=0.2505
    OK ch=5 v=0.2531
    OK ch=7 v=0.2489
    OK ch=2 v=0.2367
    OK ch=1 v=0.2446
    OK ch=3 v=0.2512
    OK ch=7 v=0.2494
    OK ch=2 v=0.2420
    OK ch=1 v=0.2617
    OK ch=3 v=0.2561
    OK ch=5 v=0.2497
    OK ch=0 v=0.2497
    OK ch=2 v=0.2458
    OK ch=1 v=0.2357
    OK ch=3 v=0.2518
    OK ch=5 v=0.2437
    OK ch=7 v=0.2500
    OK ch=0 v=0.2491
    OK ch=2 v=0.2484
    OK ch=6 v=0.2505
    OK ch=1 v=0.2452
    OK ch=3 v=0.2457
    OK ch=5 v=0.2501
    OK ch=7 v=0.2456
    OK ch=0 v=0.2498
    OK ch=2 v=0.2540
    OK ch=4 v=0.2507
    OK ch=6 v=0.2495
    OK ch=1 v=0.2609
    OK ch=3 v=0.2518
    OK ch=5 v=0.2434
    OK ch=7 v=0.2541
    OK ch=0 v=0.2509
    OK ch=2 v=0.2562
    OK ch=4 v=0.2496
    OK ch=6 v=0.2505
    OK ch=1 v=0.2479
    OK ch=3 v=0.2435
    OK ch=5 v=0.2543
    OK ch=7 v=0.2492
    OK ch=0 v=0.2494
    OK ch=2 v=0.2591
    OK ch=4 v=0.2504
    OK ch=6 v=0.2491
    OK ch=1 v=0.2378
    OK ch=3 v=0.2496
    OK ch=5 v=0.2501
    OK ch=7 v=0.2565
    OK ch=0 v=0.2512
    OK ch=2 v=0.2665
    OK ch=6 v=0.2502
    OK ch=1 v=0.2453
    OK ch=5 v=0.2552
    OK ch=7 v=0.2490
    OK ch=0 v=0.2502
    OK ch=2 v=0.2649
    OK ch=4 v=0.2498
    OK ch=6 v=0.2513
    OK ch=1 v=0.2529
    OK ch=3 v=0.2531
    OK ch=5 v=0.2465
    OK ch=7 v=0.2501
    OK ch=0 v=0.2494
    OK ch=2 v=0.2549
    OK ch=6 v=0.2501
    OK ch=1 v=0.2733
    OK ch=3 v=0.2503
    OK ch=5 v=0.2506
    OK ch=7 v=0.2438
    OK ch=2 v=0.2453
    OK ch=6 v=0.2508
    OK ch=1 v=0.2449
    OK ch=3 v=0.2497
    OK ch=5 v=0.2468
    OK ch=7 v=0.2528
    OK ch=2 v=0.2440
    OK ch=1 v=0.2540
    OK ch=3 v=0.2562
    OK ch=5 v=0.2491
    OK ch=7 v=0.2521
    OK ch=0 v=0.2503
    OK ch=2 v=0.2406
    OK ch=4 v=0.2507
    OK ch=6 v=0.2494
    OK ch=1 v=0.2436
    OK ch=3 v=0.2480
    OK ch=5 v=0.2562
    OK ch=7 v=0.2455
    OK ch=2 v=0.2398
    OK ch=4 v=0.2502
    OK ch=6 v=0.2507
    OK ch=1 v=0.2455
    OK ch=3 v=0.2518
    OK ch=5 v=0.2510
    OK ch=7 v=0.2530
    OK ch=2 v=0.2386
    OK ch=6 v=0.2493
    OK ch=1 v=0.2297
    OK ch=3 v=0.2503
    OK ch=5 v=0.2516
    OK ch=7 v=0.2507
    OK ch=0 v=0.2490
    OK ch=2 v=0.2424
    OK ch=6 v=0.2488
    OK ch=1 v=0.2562
    OK ch=3 v=0.2464
    OK ch=5 v=0.2510
    OK ch=0 v=0.2502
    OK ch=2 v=0.2487
    OK ch=1 v=0.2798
    OK ch=3 v=0.2437
    OK ch=5 v=0.2505
    OK ch=7 v=0.2450
    OK ch=0 v=0.2508
    OK ch=2 v=0.2510
    OK ch=6 v=0.2501
    OK ch=1 v=0.2477
    OK ch=3 v=0.2448
    OK ch=5 v=0.2515
    OK ch=7 v=0.2472
    OK ch=2 v=0.2592
    OK ch=4 v=0.2495
    OK ch=6 v=0.2513
    OK ch=1 v=0.2600
    OK ch=3 v=0.2551
    OK ch=7 v=0.2499
    OK ch=0 v=0.2503
    OK ch=4 v=0.2504
    OK ch=1 v=0.2664
    OK ch=3 v=0.2571
    OK ch=5 v=0.2455
    OK ch=7 v=0.2595
    OK ch=2 v=0.2574
    OK ch=4 v=0.2496
    OK ch=6 v=0.2502
    OK ch=1 v=0.2543
    OK ch=3 v=0.2465
    OK ch=5 v=0.2492
    OK ch=7 v=0.2537
    OK ch=2 v=0.2627
    OK ch=1 v=0.2429
    OK ch=3 v=0.2541
    OK ch=5 v=0.2473
    OK ch=7 v=0.2522
    OK ch=2 v=0.2586
    OK ch=4 v=0.2506
    OK ch=6 v=0.2493
    OK ch=1 v=0.2252
    OK ch=3 v=0.2422
    OK ch=5 v=0.2540
    OK ch=7 v=0.2406
    OK ch=0 v=0.2495
    OK ch=2 v=0.2493
    OK ch=4 v=0.2493
    OK ch=6 v=0.2503
    OK ch=1 v=0.2278
    OK ch=3 v=0.2412
    OK ch=5 v=0.2523
    OK ch=7 v=0.2425
    OK ch=2 v=0.2470
    OK ch=4 v=0.2502
    OK ch=1 v=0.2569
    OK ch=3 v=0.2561
    OK ch=5 v=0.2481
    OK ch=7 v=0.2561
    OK ch=0 v=0.2500
    OK ch=2 v=0.2455
    OK ch=6 v=0.2483
    OK ch=3 v=0.2640
    OK ch=5 v=0.2473
    OK ch=7 v=0.2548
    OK ch=0 v=0.2491
    OK ch=2 v=0.2365
    OK ch=6 v=0.2504
    OK ch=1 v=0.2433
    OK ch=3 v=0.2470
    OK ch=5 v=0.2541
    OK ch=7 v=0.2447
    OK ch=0 v=0.2497
    OK ch=6 v=0.2497
[   45.1s] DAMPING     ch0:.... g=-0.0300 bp=-0.018V ratio=0.10  ch1:.... g=-0.0300 bp=+0.005V ratio=0.07  ch2:.... g=+0.0100 bp=-0.002V ratio=0.02  ch3:.... g=-0.0300 bp=-0.005V ratio=0.07  ch4:.... g=-0.0180 bp=-0.000V ratio=2.46  ch5:.... g=-0.0180 bp=-0.050V ratio=0.66  ch6:.... g=-0.0164 bp=-0.002V ratio=0.39  ch7:.... g=-0.0180 bp=-0.001V ratio=1.87
    OK ch=1 v=0.2306
    OK ch=3 v=0.2430
    OK ch=5 v=0.2480
    OK ch=7 v=0.2564
    OK ch=0 v=0.2504
    OK ch=2 v=0.2395
    OK ch=1 v=0.2755
    OK ch=3 v=0.2519
    OK ch=5 v=0.2506
    OK ch=7 v=0.2455
    OK ch=2 v=0.2472
    OK ch=6 v=0.2512
    OK ch=1 v=0.2682
    OK ch=3 v=0.2570
    OK ch=5 v=0.2491
    OK ch=7 v=0.2523
    OK ch=0 v=0.2493
    OK ch=2 v=0.2540
    OK ch=6 v=0.2492
    OK ch=1 v=0.2560
    OK ch=3 v=0.2469
    OK ch=5 v=0.2531
    OK ch=7 v=0.2501
    OK ch=2 v=0.2521
    OK ch=6 v=0.2486
    OK ch=1 v=0.2263
    OK ch=3 v=0.2430
    OK ch=5 v=0.2543
    OK ch=7 v=0.2463
    OK ch=4 v=0.2492
    OK ch=6 v=0.2500
    OK ch=1 v=0.2288
    OK ch=3 v=0.2452
    OK ch=5 v=0.2532
    OK ch=0 v=0.2505
    OK ch=4 v=0.2501
    OK ch=6 v=0.2508
    OK ch=1 v=0.2632
    OK ch=3 v=0.2555
    OK ch=5 v=0.2455
    OK ch=7 v=0.2522
    OK ch=0 v=0.2519
    OK ch=2 v=0.2599
    OK ch=1 v=0.2650
    OK ch=3 v=0.2539
    OK ch=5 v=0.2489
    OK ch=7 v=0.2535
    OK ch=0 v=0.2496
    OK ch=2 v=0.2635
    OK ch=1 v=0.2389
    OK ch=3 v=0.2553
    OK ch=5 v=0.2470
    OK ch=7 v=0.2568
    OK ch=2 v=0.2586
    OK ch=4 v=0.2506
    OK ch=6 v=0.2500
    OK ch=1 v=0.2405
    OK ch=3 v=0.2453
    OK ch=5 v=0.2508
    OK ch=7 v=0.2476
    OK ch=0 v=0.2490
    OK ch=2 v=0.2531
    OK ch=6 v=0.2495
    OK ch=1 v=0.2686
    OK ch=3 v=0.2477
    OK ch=7 v=0.2424
    OK ch=0 v=0.2508
    OK ch=2 v=0.2493
    OK ch=4 v=0.2500
    OK ch=6 v=0.2514
    OK ch=1 v=0.2443
    OK ch=3 v=0.2399
    OK ch=5 v=0.2522
    OK ch=7 v=0.2435
    OK ch=2 v=0.2431
    OK ch=4 v=0.2491
    OK ch=6 v=0.2498
    OK ch=1 v=0.2742
    OK ch=3 v=0.2587
    OK ch=5 v=0.2479
    OK ch=7 v=0.2555
    OK ch=0 v=0.2492
    OK ch=2 v=0.2397
    OK ch=4 v=0.2501
    OK ch=6 v=0.2491
    OK ch=1 v=0.2350
    OK ch=3 v=0.2492
    OK ch=5 v=0.2520
    OK ch=7 v=0.2463
    OK ch=0 v=0.2498
    OK ch=2 v=0.2356
    OK ch=6 v=0.2502
    OK ch=1 v=0.2605
    OK ch=3 v=0.2581
    OK ch=5 v=0.2470
    OK ch=7 v=0.2577
    OK ch=2 v=0.2398
    OK ch=4 v=0.2506
    OK ch=6 v=0.2494
    OK ch=1 v=0.2500
    OK ch=3 v=0.2500
    OK ch=5 v=0.2500
    OK ch=7 v=0.2500
    OK ch=2 v=0.2500
    OK ch=4 v=0.2500
    OK ch=6 v=0.2500

!! ch4 runaway/saturation -- freezing all channels, entering FAULT.

[   50.1s] FAULT       ch0:.... g=+0.0000 bp=+0.019V ratio=0.08  ch1:.... g=+0.0000 bp=+0.003V ratio=0.07  ch2:.... g=+0.0000 bp=+0.017V ratio=0.02  ch3:.... g=+0.0000 bp=-0.000V ratio=0.07  ch4:.... g=+0.0000 bp=-0.001V ratio=2.57  ch5:.... g=+0.0000 bp=-0.050V ratio=0.65  ch6:.... g=+0.0000 bp=+0.002V ratio=0.37  ch7:.... g=+0.0000 bp=-0.002V ratio=1.72

[recovered] re-engaging on the previous baseline -- re-faulted after only 4.1s, so the disturbance is still there (4/4 before a forced re-calibration). Gain ramps from zero.

    OK ch=5 v=0.2495
    OK ch=7 v=0.2507
    OK ch=1 v=0.2471
    OK ch=3 v=0.2495
    OK ch=5 v=0.2489
    OK ch=7 v=0.2523
    OK ch=1 v=0.2523
    OK ch=3 v=0.2486
    OK ch=5 v=0.2510
    OK ch=2 v=0.2505
    OK ch=1 v=0.2440
    OK ch=3 v=0.2464
    OK ch=5 v=0.2538
    OK ch=7 v=0.2475
    OK ch=6 v=0.2506
    OK ch=1 v=0.2502
    OK ch=3 v=0.2555
    OK ch=5 v=0.2476
    OK ch=7 v=0.2496
    OK ch=6 v=0.2501
    OK ch=1 v=0.2600
    OK ch=3 v=0.2498
    OK ch=5 v=0.2485
    OK ch=7 v=0.2516
    OK ch=2 v=0.2513
    OK ch=4 v=0.2506
    OK ch=1 v=0.2434
    OK ch=5 v=0.2478
    OK ch=2 v=0.2522
    OK ch=4 v=0.2494
    OK ch=6 v=0.2493
    OK ch=1 v=0.2390
    OK ch=5 v=0.2472
    OK ch=7 v=0.2489
    OK ch=2 v=0.2530
    OK ch=6 v=0.2504
    OK ch=1 v=0.2531
    OK ch=3 v=0.2480
    OK ch=5 v=0.2506
    OK ch=7 v=0.2457
    OK ch=2 v=0.2516
    OK ch=4 v=0.2503
    OK ch=6 v=0.2515
    OK ch=1 v=0.2595
    OK ch=7 v=0.2494
    OK ch=2 v=0.2560
    OK ch=1 v=0.2559
    OK ch=3 v=0.2518
    OK ch=5 v=0.2457
    OK ch=7 v=0.2522
    OK ch=0 v=0.2504
    OK ch=2 v=0.2545
    OK ch=6 v=0.2483
    OK ch=1 v=0.2391
    OK ch=3 v=0.2460
    OK ch=5 v=0.2506
    OK ch=7 v=0.2552
    OK ch=2 v=0.2484
    OK ch=1 v=0.2519
    OK ch=3 v=0.2552
    OK ch=5 v=0.2475
    OK ch=7 v=0.2522
    OK ch=0 v=0.2498
    OK ch=2 v=0.2415
    OK ch=4 v=0.2489
    OK ch=6 v=0.2509
    OK ch=3 v=0.2492
    OK ch=5 v=0.2531
    OK ch=7 v=0.2494
    OK ch=2 v=0.2461
    OK ch=4 v=0.2518
    OK ch=1 v=0.2458
    OK ch=3 v=0.2528
    OK ch=5 v=0.2501
    OK ch=7 v=0.2457
    OK ch=2 v=0.2366
    OK ch=4 v=0.2499
    OK ch=6 v=0.2492
    OK ch=1 v=0.2603
    OK ch=3 v=0.2543
    OK ch=5 v=0.2496
    OK ch=7 v=0.2483
    OK ch=2 v=0.2434
    OK ch=4 v=0.2491
    OK ch=1 v=0.2422
    OK ch=3 v=0.2431
    OK ch=5 v=0.2533
    OK ch=7 v=0.2525
    OK ch=0 v=0.2504
    OK ch=2 v=0.2482
    OK ch=4 v=0.2520
    OK ch=6 v=0.2482
    OK ch=1 v=0.2525
    OK ch=3 v=0.2464
    OK ch=5 v=0.2486
    OK ch=2 v=0.2519
    OK ch=4 v=0.2502
    OK ch=1 v=0.2517
    OK ch=3 v=0.2493
    OK ch=5 v=0.2539
    OK ch=7 v=0.2481
    OK ch=0 v=0.2498
    OK ch=2 v=0.2530
    OK ch=4 v=0.2511
    OK ch=6 v=0.2542
    OK ch=1 v=0.2567
    OK ch=3 v=0.2576
    OK ch=5 v=0.2498
    OK ch=7 v=0.2442
    OK ch=0 v=0.2489
    OK ch=2 v=0.2471
    OK ch=4 v=0.2485
    OK ch=6 v=0.2530
    OK ch=1 v=0.2439
    OK ch=3 v=0.2433
    OK ch=5 v=0.2491
    OK ch=7 v=0.2545
    OK ch=0 v=0.2496
    OK ch=2 v=0.2559
    OK ch=4 v=0.2508
    OK ch=6 v=0.2460
    OK ch=1 v=0.2556
    OK ch=3 v=0.2472
    OK ch=5 v=0.2505
    OK ch=7 v=0.2536
    OK ch=0 v=0.2504
    OK ch=2 v=0.2604
    OK ch=4 v=0.2499
    OK ch=6 v=0.2508
    OK ch=1 v=0.2723
    OK ch=3 v=0.2581
    OK ch=5 v=0.2480
    OK ch=0 v=0.2518
    OK ch=2 v=0.2677
    OK ch=4 v=0.2488
    OK ch=6 v=0.2467
    OK ch=1 v=0.2279
    OK ch=3 v=0.2475
    OK ch=5 v=0.2522
    OK ch=7 v=0.2439
    OK ch=0 v=0.2500
    OK ch=2 v=0.2580
    OK ch=6 v=0.2542
    OK ch=1 v=0.2492
    OK ch=3 v=0.2553
    OK ch=5 v=0.2500
    OK ch=7 v=0.2466
    OK ch=0 v=0.2506
    OK ch=2 v=0.2517
    OK ch=4 v=0.2504
    OK ch=6 v=0.2522
    OK ch=1 v=0.2308
    OK ch=3 v=0.2457
    OK ch=5 v=0.2460
    OK ch=7 v=0.2476
    OK ch=0 v=0.2495
    OK ch=2 v=0.2444
    OK ch=4 v=0.2492
    OK ch=1 v=0.2689
    OK ch=3 v=0.2608
    OK ch=5 v=0.2454
    OK ch=7 v=0.2489
    OK ch=2 v=0.2406
    OK ch=4 v=0.2502
    OK ch=1 v=0.2629
    OK ch=3 v=0.2547
    OK ch=5 v=0.2469
    OK ch=7 v=0.2518
    OK ch=2 v=0.2321
    OK ch=4 v=0.2494
    OK ch=6 v=0.2473
    OK ch=1 v=0.2388
    OK ch=3 v=0.2515
    OK ch=5 v=0.2554
    OK ch=7 v=0.2413
    OK ch=0 v=0.2488
    OK ch=2 v=0.2334
    OK ch=4 v=0.2500
    OK ch=6 v=0.2496
    OK ch=1 v=0.2349
    OK ch=3 v=0.2457
    OK ch=7 v=0.2509
    OK ch=0 v=0.2501
    OK ch=2 v=0.2448
    OK ch=4 v=0.2511
    OK ch=6 v=0.2505
    OK ch=1 v=0.2500
    OK ch=3 v=0.2500
    OK ch=5 v=0.2500
    OK ch=7 v=0.2500
    OK ch=2 v=0.2500
    OK ch=4 v=0.2500

!! ch7 runaway/saturation -- freezing all channels, entering FAULT.

[   55.1s] FAULT       ch0:.... g=+0.0000 bp=-0.008V ratio=0.08  ch1:.... g=+0.0000 bp=+0.003V ratio=0.10  ch2:.... g=+0.0000 bp=-0.003V ratio=0.03  ch3:.... g=+0.0000 bp=+0.004V ratio=0.11  ch4:.... g=+0.0000 bp=+0.001V ratio=2.32  ch5:.... g=+0.0000 bp=-0.033V ratio=0.75  ch6:.... g=+0.0000 bp=+0.001V ratio=0.91  ch7:.... g=+0.0000 bp=+0.007V ratio=6.52

[recovered] all channels clear for 5s -- re-calibrating and resuming.

[   60.1s] CALIBRATING ch0:.... g=+0.0000 bp=+0.007V ratio=0.00  ch1:.... g=+0.0000 bp=+0.003V ratio=0.00  ch2:.... g=+0.0000 bp=+0.013V ratio=0.00  ch3:.... g=+0.0000 bp=+0.003V ratio=0.00  ch4:.... g=+0.0000 bp=+0.001V ratio=0.00  ch5:.... g=+0.0000 bp=-0.014V ratio=0.00  ch6:.... g=+0.0000 bp=+0.001V ratio=0.00  ch7:.... g=+0.0000 bp=+0.002V ratio=0.00
[   65.1s] CALIBRATING ch0:.... g=+0.0000 bp=+0.022V ratio=0.00  ch1:.... g=+0.0000 bp=-0.000V ratio=0.00  ch2:.... g=+0.0000 bp=+0.022V ratio=0.00  ch3:.... g=+0.0000 bp=+0.002V ratio=0.00  ch4:.... g=+0.0000 bp=+0.001V ratio=0.00  ch5:.... g=+0.0000 bp=+0.005V ratio=0.00  ch6:.... g=+0.0000 bp=+0.000V ratio=0.00  ch7:.... g=+0.0000 bp=+0.000V ratio=0.00
[   70.2s] CALIBRATING ch0:.... g=+0.0000 bp=+0.009V ratio=0.00  ch1:.... g=+0.0000 bp=+0.005V ratio=0.00  ch2:.... g=+0.0000 bp=+0.025V ratio=0.00  ch3:.... g=+0.0000 bp=+0.002V ratio=0.00  ch4:.... g=+0.0000 bp=-0.003V ratio=0.00  ch5:.... g=+0.0000 bp=+0.009V ratio=0.00  ch6:.... g=+0.0000 bp=-0.001V ratio=0.00  ch7:.... g=+0.0000 bp=+0.002V ratio=0.00
[   75.2s] CALIBRATING ch0:.... g=+0.0000 bp=+0.005V ratio=0.00  ch1:.... g=+0.0000 bp=+0.003V ratio=0.00  ch2:.... g=+0.0000 bp=+0.033V ratio=0.00  ch3:.... g=+0.0000 bp=+0.008V ratio=0.00  ch4:.... g=+0.0000 bp=+0.000V ratio=0.00  ch5:.... g=+0.0000 bp=+0.024V ratio=0.00  ch6:.... g=+0.0000 bp=-0.004V ratio=0.00  ch7:.... g=+0.0000 bp=+0.001V ratio=0.00

[DAMPING] baseline set (ch0=0.0151V, ch1=0.0048V, ch2=0.0163V, ch3=0.0033V, ch4=0.0036V, ch5=0.0570V, ch6=0.0040V, ch7=0.0015V). Gain schedules -0.035 -> -0.030...

    OK ch=1 v=0.2488
    OK ch=1 v=0.2462
    OK ch=1 v=0.2423
    OK ch=3 v=0.2495
    OK ch=6 v=0.2499
    OK ch=1 v=0.2374
    OK ch=3 v=0.2477
    OK ch=5 v=0.2516
    OK ch=1 v=0.2501
    OK ch=3 v=0.2496
    OK ch=7 v=0.2493
    OK ch=1 v=0.2464
    OK ch=3 v=0.2517
    OK ch=7 v=0.2500
    OK ch=2 v=0.2491
    OK ch=1 v=0.2540
    OK ch=3 v=0.2507
    OK ch=5 v=0.2503
    OK ch=7 v=0.2507
    OK ch=0 v=0.2508
    OK ch=2 v=0.2505
    OK ch=4 v=0.2493
    OK ch=1 v=0.2563
    OK ch=3 v=0.2526
    OK ch=2 v=0.2517
    OK ch=1 v=0.2413
    OK ch=3 v=0.2484
    OK ch=0 v=0.2499
    OK ch=2 v=0.2533
    OK ch=4 v=0.2516
    OK ch=1 v=0.2494
    OK ch=5 v=0.2493
    OK ch=7 v=0.2500
    OK ch=2 v=0.2546
    OK ch=4 v=0.2503
    OK ch=1 v=0.2501
    OK ch=3 v=0.2498
    OK ch=5 v=0.2471
    OK ch=7 v=0.2511
    OK ch=0 v=0.2493
    OK ch=2 v=0.2514
    OK ch=4 v=0.2491
    OK ch=6 v=0.2512
    OK ch=1 v=0.2628
    OK ch=3 v=0.2575
    OK ch=5 v=0.2435
    OK ch=7 v=0.2502
    OK ch=2 v=0.2503
    OK ch=4 v=0.2504
    OK ch=6 v=0.2507
    OK ch=1 v=0.2400
    OK ch=3 v=0.2471
    OK ch=5 v=0.2423
    OK ch=7 v=0.2512
    OK ch=0 v=0.2503
    OK ch=2 v=0.2511
    OK ch=4 v=0.2497
    OK ch=1 v=0.2634
    OK ch=3 v=0.2508
    OK ch=7 v=0.2520
    OK ch=0 v=0.2495
    OK ch=2 v=0.2496
    OK ch=6 v=0.2501
    OK ch=3 v=0.2522
    OK ch=5 v=0.2456
    OK ch=7 v=0.2500
    OK ch=2 v=0.2488
    OK ch=4 v=0.2510
    OK ch=1 v=0.2456
    OK ch=3 v=0.2500
    OK ch=5 v=0.2491
    OK ch=0 v=0.2488
    OK ch=2 v=0.2452
    OK ch=4 v=0.2530
    OK ch=1 v=0.2409
    OK ch=3 v=0.2474
    OK ch=5 v=0.2525
    OK ch=7 v=0.2518
    OK ch=0 v=0.2515
    OK ch=2 v=0.2427
    OK ch=4 v=0.2490
    OK ch=6 v=0.2493
    OK ch=3 v=0.2465
    OK ch=5 v=0.2561
    OK ch=7 v=0.2499
    OK ch=0 v=0.2491
    OK ch=2 v=0.2453
    OK ch=4 v=0.2484
    OK ch=1 v=0.2299
    OK ch=7 v=0.2482
    OK ch=0 v=0.2525
    OK ch=2 v=0.2508
    OK ch=4 v=0.2512
    OK ch=6 v=0.2503
    OK ch=1 v=0.2513
    OK ch=3 v=0.2486
    OK ch=5 v=0.2543
    OK ch=0 v=0.2473
    OK ch=2 v=0.2485
    OK ch=1 v=0.2474
    OK ch=3 v=0.2521
    OK ch=5 v=0.2524
    OK ch=7 v=0.2488
    OK ch=2 v=0.2462
    OK ch=4 v=0.2527
    OK ch=6 v=0.2492
    OK ch=1 v=0.2555
    OK ch=3 v=0.2494
    OK ch=5 v=0.2519
    OK ch=7 v=0.2504
    OK ch=0 v=0.2479
    OK ch=2 v=0.2526
    OK ch=4 v=0.2511
    OK ch=1 v=0.2589
    OK ch=3 v=0.2560
    OK ch=5 v=0.2499
    OK ch=0 v=0.2504
    OK ch=2 v=0.2490
    OK ch=4 v=0.2479
    OK ch=6 v=0.2514
    OK ch=1 v=0.2539
    OK ch=3 v=0.2528
    OK ch=0 v=0.2533
    OK ch=2 v=0.2561
    OK ch=4 v=0.2465
    OK ch=6 v=0.2508
    OK ch=1 v=0.2421
    OK ch=3 v=0.2465
    OK ch=5 v=0.2483
    OK ch=7 v=0.2513
    OK ch=0 v=0.2523
    OK ch=2 v=0.2675
    OK ch=4 v=0.2512
    OK ch=6 v=0.2480
    OK ch=1 v=0.2541
    OK ch=3 v=0.2513
    OK ch=5 v=0.2473
    OK ch=7 v=0.2500
    OK ch=0 v=0.2541
    OK ch=2 v=0.2630
    OK ch=4 v=0.2479
    OK ch=1 v=0.2617
    OK ch=3 v=0.2495
    OK ch=5 v=0.2462
    OK ch=7 v=0.2508
    OK ch=0 v=0.2483
    OK ch=2 v=0.2545
    OK ch=4 v=0.2471
    OK ch=6 v=0.2514
    OK ch=1 v=0.2645
    OK ch=3 v=0.2503
    OK ch=7 v=0.2516
    OK ch=0 v=0.2525
    OK ch=2 v=0.2527
    OK ch=4 v=0.2490
    OK ch=6 v=0.2502
    OK ch=1 v=0.2182
    OK ch=3 v=0.2482
    OK ch=5 v=0.2470
    OK ch=7 v=0.2501
    OK ch=0 v=0.2466
    OK ch=2 v=0.2304
    OK ch=4 v=0.2536
[   80.2s] DAMPING     ch0:.... g=-0.0252 bp=-0.020V ratio=1.95  ch1:.... g=-0.0252 bp=+0.002V ratio=1.59  ch2:.... g=+0.0120 bp=+0.018V ratio=1.35  ch3:.... g=-0.0252 bp=+0.003V ratio=1.37  ch4:.... g=-0.0180 bp=-0.006V ratio=3.50  ch5:.... g=-0.0180 bp=-0.001V ratio=0.89  ch6:.... g=-0.0180 bp=+0.004V ratio=2.68  ch7:.... g=-0.0180 bp=-0.000V ratio=2.89
    OK ch=1 v=0.2535
    OK ch=3 v=0.2505
    OK ch=5 v=0.2480
    OK ch=0 v=0.2473
    OK ch=2 v=0.2371
    OK ch=6 v=0.2522
    OK ch=1 v=0.2525
    OK ch=3 v=0.2474
    OK ch=5 v=0.2498
    OK ch=0 v=0.2517
    OK ch=2 v=0.2485
    OK ch=4 v=0.2513
    OK ch=6 v=0.2484
    OK ch=1 v=0.2370
    OK ch=3 v=0.2457
    OK ch=5 v=0.2516
    OK ch=7 v=0.2467
    OK ch=0 v=0.2496
    OK ch=2 v=0.2437
    OK ch=4 v=0.2489
    OK ch=6 v=0.2501
    OK ch=1 v=0.2500
    OK ch=3 v=0.2500
    OK ch=5 v=0.2500
    OK ch=7 v=0.2500
    OK ch=2 v=0.2500
    OK ch=4 v=0.2500

!! ch3 runaway/saturation -- freezing all channels, entering FAULT.

[   85.2s] FAULT       ch0:.... g=+0.0000 bp=+0.007V ratio=1.45  ch1:.... g=+0.0000 bp=+0.003V ratio=1.35  ch2:.... g=+0.0000 bp=+0.036V ratio=1.01  ch3:.... g=+0.0000 bp=+0.006V ratio=0.80  ch4:.... g=+0.0000 bp=+0.004V ratio=3.47  ch5:.... g=+0.0000 bp=+0.017V ratio=0.93  ch6:.... g=+0.0000 bp=+0.007V ratio=2.94  ch7:.... g=+0.0000 bp=+0.001V ratio=3.20

[recovered] re-engaging on the previous baseline -- re-faulted after only 2.0s, so the disturbance is still there (1/4 before a forced re-calibration). Gain ramps from zero.

    OK ch=1 v=0.2480
    OK ch=1 v=0.2494
    OK ch=3 v=0.2493
    OK ch=5 v=0.2508
    OK ch=1 v=0.2421
    OK ch=3 v=0.2481
    OK ch=1 v=0.2558
    OK ch=3 v=0.2487
    OK ch=5 v=0.2497
    OK ch=0 v=0.2503
    OK ch=2 v=0.2505
    OK ch=1 v=0.2462
    OK ch=5 v=0.2504
    OK ch=7 v=0.2494
    OK ch=4 v=0.2505
    OK ch=1 v=0.2511
    OK ch=3 v=0.2494
    OK ch=5 v=0.2511
    OK ch=7 v=0.2487
    OK ch=0 v=0.2496
    OK ch=2 v=0.2500
    OK ch=4 v=0.2490
    OK ch=1 v=0.2591
    OK ch=3 v=0.2476
    OK ch=7 v=0.2496
    OK ch=0 v=0.2510
    OK ch=2 v=0.2519
    OK ch=4 v=0.2506
    OK ch=1 v=0.2577
    OK ch=3 v=0.2533
    OK ch=4 v=0.2494
    OK ch=6 v=0.2495
    OK ch=1 v=0.2565
    OK ch=3 v=0.2543
    OK ch=5 v=0.2504
    OK ch=2 v=0.2538
    OK ch=4 v=0.2501
    OK ch=6 v=0.2505
    OK ch=1 v=0.2588
    OK ch=3 v=0.2519
    OK ch=5 v=0.2498
    OK ch=7 v=0.2503
    OK ch=0 v=0.2489
    OK ch=2 v=0.2525
    OK ch=4 v=0.2493
    OK ch=1 v=0.2320
    OK ch=3 v=0.2470
    OK ch=7 v=0.2513
    OK ch=0 v=0.2498
    OK ch=2 v=0.2496
    OK ch=4 v=0.2500
    OK ch=6 v=0.2493
    OK ch=1 v=0.2515
    OK ch=3 v=0.2496
    OK ch=5 v=0.2474
    OK ch=7 v=0.2502
    OK ch=2 v=0.2470
    OK ch=4 v=0.2521
    OK ch=6 v=0.2512
    OK ch=1 v=0.2433
    OK ch=3 v=0.2482
    OK ch=5 v=0.2466
    OK ch=7 v=0.2492
    OK ch=0 v=0.2468
    OK ch=2 v=0.2439
    OK ch=4 v=0.2471
    OK ch=6 v=0.2505
    OK ch=1 v=0.2486
    OK ch=3 v=0.2524
    OK ch=7 v=0.2505
    OK ch=0 v=0.2509
    OK ch=2 v=0.2409
    OK ch=4 v=0.2531
    OK ch=6 v=0.2495
    OK ch=1 v=0.2574
    OK ch=5 v=0.2483
    OK ch=7 v=0.2497
    OK ch=0 v=0.2496
    OK ch=2 v=0.2459
    OK ch=4 v=0.2512
    OK ch=1 v=0.2438
    OK ch=3 v=0.2479
    OK ch=5 v=0.2505
    OK ch=7 v=0.2502
    OK ch=0 v=0.2516
    OK ch=2 v=0.2486
    OK ch=4 v=0.2503
    OK ch=1 v=0.2512
    OK ch=3 v=0.2471
    OK ch=5 v=0.2530
    OK ch=0 v=0.2503
    OK ch=2 v=0.2508
    OK ch=6 v=0.2508
    OK ch=1 v=0.2369
    OK ch=3 v=0.2488
    OK ch=5 v=0.2544
    OK ch=7 v=0.2491
    OK ch=4 v=0.2497
    OK ch=1 v=0.2400
    OK ch=5 v=0.2535
    OK ch=7 v=0.2484
    OK ch=0 v=0.2468
    OK ch=2 v=0.2442
    OK ch=6 v=0.2485
    OK ch=1 v=0.2657
    OK ch=3 v=0.2524
    OK ch=5 v=0.2525
    OK ch=7 v=0.2505
    OK ch=0 v=0.2512
    OK ch=2 v=0.2526
    OK ch=4 v=0.2487
    OK ch=6 v=0.2500
    OK ch=1 v=0.2529
    OK ch=3 v=0.2486
    OK ch=5 v=0.2519
    OK ch=7 v=0.2489
    OK ch=0 v=0.2470
    OK ch=2 v=0.2554
    OK ch=4 v=0.2461
    OK ch=1 v=0.2520
    OK ch=3 v=0.2493
    OK ch=5 v=0.2497
    OK ch=7 v=0.2507
    OK ch=0 v=0.2512
    OK ch=2 v=0.2656
    OK ch=4 v=0.2518
    OK ch=6 v=0.2516
    OK ch=1 v=0.2350
    OK ch=3 v=0.2444
    OK ch=0 v=0.2534
    OK ch=2 v=0.2637
    OK ch=4 v=0.2540
    OK ch=6 v=0.2499
    OK ch=1 v=0.2589
    OK ch=3 v=0.2530
    OK ch=5 v=0.2478
    OK ch=0 v=0.2503
    OK ch=2 v=0.2571
    OK ch=4 v=0.2459
    OK ch=1 v=0.2435
    OK ch=3 v=0.2477
    OK ch=7 v=0.2500
    OK ch=0 v=0.2519
    OK ch=2 v=0.2541
    OK ch=4 v=0.2506
    OK ch=6 v=0.2505
    OK ch=1 v=0.2416
    OK ch=3 v=0.2525
    OK ch=0 v=0.2472
    OK ch=2 v=0.2475
    OK ch=4 v=0.2498
    OK ch=1 v=0.2546
    OK ch=3 v=0.2512
    OK ch=7 v=0.2517
    OK ch=0 v=0.2497
    OK ch=2 v=0.2445
    OK ch=4 v=0.2479
    OK ch=6 v=0.2491
    OK ch=1 v=0.2600
    OK ch=3 v=0.2524
    OK ch=5 v=0.2486
    OK ch=7 v=0.2491
    OK ch=0 v=0.2474
    OK ch=2 v=0.2430
    OK ch=6 v=0.2500
    OK ch=1 v=0.2259
    OK ch=3 v=0.2463
    OK ch=5 v=0.2523
    OK ch=7 v=0.2520
    OK ch=0 v=0.2517
    OK ch=2 v=0.2411
    OK ch=4 v=0.2535
    OK ch=6 v=0.2478
    OK ch=1 v=0.2764
    OK ch=3 v=0.2530
    OK ch=5 v=0.2528
    OK ch=7 v=0.2462
    OK ch=0 v=0.2477
    OK ch=2 v=0.2308
    OK ch=4 v=0.2492
    OK ch=6 v=0.2491
    OK ch=1 v=0.2591
    OK ch=3 v=0.2549
    OK ch=5 v=0.2538
    OK ch=0 v=0.2465
    OK ch=2 v=0.2367
    OK ch=4 v=0.2469
    OK ch=1 v=0.2500
    OK ch=3 v=0.2500
    OK ch=5 v=0.2500
    OK ch=7 v=0.2500
    OK ch=0 v=0.2500
    OK ch=2 v=0.2500
    OK ch=4 v=0.2500
    OK ch=6 v=0.2500

!! ch4 runaway/saturation -- freezing all channels, entering FAULT.

[   90.2s] FAULT       ch0:.... g=+0.0000 bp=+0.004V ratio=1.68  ch1:.... g=+0.0000 bp=+0.007V ratio=1.46  ch2:.... g=+0.0000 bp=+0.000V ratio=0.72  ch3:.... g=+0.0000 bp=-0.000V ratio=1.20  ch4:.... g=+0.0000 bp=-0.006V ratio=3.28  ch5:.... g=+0.0000 bp=+0.044V ratio=1.12  ch6:.... g=+0.0000 bp=-0.008V ratio=2.84  ch7:.... g=+0.0000 bp=-0.000V ratio=3.24

[recovered] re-engaging on the previous baseline -- re-faulted after only 2.1s, so the disturbance is still there (2/4 before a forced re-calibration). Gain ramps from zero.

    OK ch=1 v=0.2492
    OK ch=1 v=0.2523
    OK ch=1 v=0.2487
    OK ch=3 v=0.2488
    OK ch=1 v=0.2544
    OK ch=3 v=0.2495
    OK ch=7 v=0.2506
    OK ch=2 v=0.2506
    OK ch=1 v=0.2464
    OK ch=3 v=0.2482
    OK ch=7 v=0.2495
    OK ch=1 v=0.2427
    OK ch=3 v=0.2494
    OK ch=4 v=0.2507
    OK ch=1 v=0.2490
    OK ch=3 v=0.2480
    OK ch=7 v=0.2502
    OK ch=2 v=0.2525
    OK ch=4 v=0.2500
    OK ch=6 v=0.2494
    OK ch=1 v=0.2476
    OK ch=3 v=0.2546
    OK ch=5 v=0.2489
    OK ch=2 v=0.2513
    OK ch=6 v=0.2511
    OK ch=1 v=0.2603
    OK ch=3 v=0.2521
    OK ch=0 v=0.2490
    OK ch=4 v=0.2490
    OK ch=6 v=0.2489
    OK ch=1 v=0.2505
    OK ch=3 v=0.2486
    OK ch=5 v=0.2484
    OK ch=7 v=0.2495
    OK ch=2 v=0.2497
    OK ch=4 v=0.2496
    OK ch=6 v=0.2500
    OK ch=1 v=0.2572
    OK ch=3 v=0.2507
    OK ch=5 v=0.2468
    OK ch=7 v=0.2513
    OK ch=0 v=0.2517
    OK ch=2 v=0.2532
    OK ch=4 v=0.2512
    OK ch=6 v=0.2508
    OK ch=1 v=0.2356
    OK ch=3 v=0.2455
    OK ch=0 v=0.2497
    OK ch=2 v=0.2499
    OK ch=4 v=0.2502
    OK ch=6 v=0.2501
    OK ch=1 v=0.2524
    OK ch=3 v=0.2507
    OK ch=5 v=0.2457
    OK ch=7 v=0.2504
    OK ch=2 v=0.2439
    OK ch=6 v=0.2480
    OK ch=1 v=0.2424
    OK ch=3 v=0.2488
    OK ch=0 v=0.2519
    OK ch=2 v=0.2427
    OK ch=4 v=0.2521
    OK ch=6 v=0.2519
    OK ch=1 v=0.2435
    OK ch=5 v=0.2482
    OK ch=0 v=0.2492
    OK ch=2 v=0.2412
    OK ch=4 v=0.2508
    OK ch=1 v=0.2648
    OK ch=3 v=0.2524
    OK ch=5 v=0.2488
    OK ch=7 v=0.2495
    OK ch=2 v=0.2484
    OK ch=4 v=0.2495
    OK ch=6 v=0.2512
    OK ch=1 v=0.2433
    OK ch=3 v=0.2479
    OK ch=5 v=0.2508
    OK ch=7 v=0.2509
    OK ch=0 v=0.2498
    OK ch=2 v=0.2439
    OK ch=6 v=0.2462
    OK ch=1 v=0.2506
    OK ch=3 v=0.2495
    OK ch=5 v=0.2540
    OK ch=7 v=0.2493
    OK ch=0 v=0.2540
    OK ch=2 v=0.2526
    OK ch=4 v=0.2506
    OK ch=6 v=0.2486
    OK ch=1 v=0.2538
    OK ch=5 v=0.2531
    OK ch=7 v=0.2508
    OK ch=0 v=0.2515
    OK ch=2 v=0.2558
    OK ch=6 v=0.2480
    OK ch=1 v=0.2450
    OK ch=3 v=0.2488
    OK ch=5 v=0.2526
    OK ch=7 v=0.2500
    OK ch=0 v=0.2508
    OK ch=2 v=0.2550
    OK ch=6 v=0.2499
    OK ch=1 v=0.2424
    OK ch=3 v=0.2460
    OK ch=7 v=0.2483
    OK ch=0 v=0.2502
    OK ch=2 v=0.2584
    OK ch=4 v=0.2500
    OK ch=6 v=0.2549
    OK ch=1 v=0.2452
    OK ch=3 v=0.2498
    OK ch=5 v=0.2500
    OK ch=7 v=0.2504
    OK ch=0 v=0.2489
    OK ch=2 v=0.2628
    OK ch=6 v=0.2533
    OK ch=1 v=0.2548
    OK ch=3 v=0.2515
    OK ch=5 v=0.2485
    OK ch=7 v=0.2498
    OK ch=0 v=0.2451
    OK ch=2 v=0.2562
    OK ch=4 v=0.2490
    OK ch=6 v=0.2517
    OK ch=1 v=0.2354
    OK ch=3 v=0.2556
    OK ch=5 v=0.2459
    OK ch=0 v=0.2476
    OK ch=2 v=0.2523
    OK ch=4 v=0.2472
    OK ch=6 v=0.2511
    OK ch=1 v=0.2448
    OK ch=3 v=0.2513
    OK ch=7 v=0.2509
    OK ch=0 v=0.2489
    OK ch=2 v=0.2440
    OK ch=4 v=0.2477
    OK ch=6 v=0.2462
    OK ch=1 v=0.2889
    OK ch=5 v=0.2474
    OK ch=7 v=0.2517
    OK ch=0 v=0.2539
    OK ch=2 v=0.2456
    OK ch=4 v=0.2490
    OK ch=6 v=0.2447
    OK ch=1 v=0.2767
    OK ch=3 v=0.2529
    OK ch=5 v=0.2487
    OK ch=7 v=0.2511
    OK ch=0 v=0.2506
    OK ch=2 v=0.2378
    OK ch=4 v=0.2501
    OK ch=6 v=0.2454
    OK ch=1 v=0.2395
    OK ch=3 v=0.2487
    OK ch=5 v=0.2513
    OK ch=7 v=0.2525
    OK ch=0 v=0.2497
    OK ch=2 v=0.2426
    OK ch=6 v=0.2553
    OK ch=3 v=0.2433
    OK ch=5 v=0.2523
    OK ch=7 v=0.2477
    OK ch=0 v=0.2520
    OK ch=2 v=0.2459
    OK ch=1 v=0.2544
    OK ch=3 v=0.2522
    OK ch=5 v=0.2492
    OK ch=7 v=0.2498
    OK ch=2 v=0.2493
    OK ch=4 v=0.2482
    OK ch=6 v=0.2490
    OK ch=1 v=0.2441
    OK ch=3 v=0.2475
    OK ch=7 v=0.2471
    OK ch=0 v=0.2499
    OK ch=2 v=0.2543
    OK ch=4 v=0.2476
    OK ch=6 v=0.2443
    OK ch=1 v=0.2562
    OK ch=3 v=0.2499
    OK ch=5 v=0.2501
    OK ch=7 v=0.2489
    OK ch=0 v=0.2513
    OK ch=2 v=0.2554
    OK ch=4 v=0.2489
    OK ch=6 v=0.2484
    OK ch=1 v=0.2500
    OK ch=7 v=0.2500
    OK ch=0 v=0.2500
    OK ch=2 v=0.2500
    OK ch=4 v=0.2500
    OK ch=6 v=0.2500

!! ch6, ch7 runaway/saturation -- freezing all channels, entering FAULT.

[   95.2s] FAULT       ch0:.... g=+0.0000 bp=-0.009V ratio=2.56  ch1:.... g=+0.0000 bp=+0.000V ratio=1.91  ch2:.... g=+0.0000 bp=+0.014V ratio=0.55  ch3:.... g=+0.0000 bp=+0.001V ratio=1.17  ch4:.... g=+0.0000 bp=-0.000V ratio=3.13  ch5:.... g=+0.0000 bp=+0.026V ratio=0.67  ch6:.... g=+0.0000 bp=-0.005V ratio=3.30  ch7:.... g=+0.0000 bp=+0.010V ratio=11.31

[recovered] re-engaging on the previous baseline -- re-faulted after only 2.1s, so the disturbance is still there (3/4 before a forced re-calibration). Gain ramps from zero.

    OK ch=1 v=0.2478
    OK ch=1 v=0.2431
    OK ch=3 v=0.2485
    OK ch=5 v=0.2493
    OK ch=1 v=0.2439
    OK ch=3 v=0.2475
    OK ch=3 v=0.2500
    OK ch=1 v=0.2389
    OK ch=1 v=0.2474
    OK ch=3 v=0.2509
    OK ch=7 v=0.2492
    OK ch=1 v=0.2462
    OK ch=3 v=0.2500
    OK ch=5 v=0.2488
    OK ch=2 v=0.2512
    OK ch=6 v=0.2494
    OK ch=1 v=0.2567
    OK ch=3 v=0.2507
    OK ch=5 v=0.2477
    OK ch=2 v=0.2507
    OK ch=6 v=0.2501
    OK ch=1 v=0.2639
    OK ch=3 v=0.2519
    OK ch=7 v=0.2500
    OK ch=1 v=0.2560
    OK ch=3 v=0.2498
    OK ch=7 v=0.2507
    OK ch=0 v=0.2494
    OK ch=2 v=0.2497
    OK ch=6 v=0.2516
    OK ch=1 v=0.2379
    OK ch=3 v=0.2484
    OK ch=5 v=0.2490
    OK ch=0 v=0.2502
    OK ch=4 v=0.2493
    OK ch=6 v=0.2505
    OK ch=1 v=0.2543
    OK ch=3 v=0.2510
    OK ch=2 v=0.2472
    OK ch=4 v=0.2487
[  100.3s] DAMPING     ch0:.... g=-0.0074 bp=+0.029V ratio=2.29  ch1:.... g=-0.0074 bp=+0.003V ratio=1.24  ch2:.... g=+0.0074 bp=+0.013V ratio=0.93  ch3:.... g=-0.0074 bp=+0.001V ratio=0.91  ch4:.... g=-0.0074 bp=-0.014V ratio=3.24  ch5:.... g=-0.0074 bp=+0.028V ratio=0.82  ch6:.... g=-0.0074 bp=+0.001V ratio=3.90  ch7:.... g=-0.0074 bp=+0.024V ratio=8.09
    OK ch=1 v=0.2501
    OK ch=3 v=0.2522
    OK ch=0 v=0.2524
    OK ch=2 v=0.2485
    OK ch=4 v=0.2480
    OK ch=6 v=0.2484
    OK ch=1 v=0.2494
    OK ch=3 v=0.2503
    OK ch=5 v=0.2499
    OK ch=0 v=0.2515
    OK ch=2 v=0.2435
    OK ch=4 v=0.2463
    OK ch=1 v=0.2467
    OK ch=3 v=0.2492
    OK ch=7 v=0.2500
    OK ch=2 v=0.2477
    OK ch=4 v=0.2499
    OK ch=6 v=0.2468
    OK ch=1 v=0.2441
    OK ch=3 v=0.2481
    OK ch=7 v=0.2506
    OK ch=0 v=0.2499
    OK ch=2 v=0.2435
    OK ch=6 v=0.2512
    OK ch=1 v=0.2634
    OK ch=3 v=0.2508
    OK ch=7 v=0.2491
    OK ch=0 v=0.2472
    OK ch=2 v=0.2485
    OK ch=4 v=0.2535
    OK ch=6 v=0.2518
    OK ch=1 v=0.2473
    OK ch=3 v=0.2475
    OK ch=0 v=0.2482
    OK ch=2 v=0.2512
    OK ch=6 v=0.2503
    OK ch=3 v=0.2503
    OK ch=0 v=0.2468
    OK ch=2 v=0.2495
    OK ch=4 v=0.2526
    OK ch=6 v=0.2521
    OK ch=1 v=0.2645
    OK ch=3 v=0.2515
    OK ch=5 v=0.2506
    OK ch=7 v=0.2476
    OK ch=0 v=0.2509
    OK ch=2 v=0.2538
    OK ch=4 v=0.2508
    OK ch=6 v=0.2481
    OK ch=1 v=0.2467
    OK ch=3 v=0.2504
    OK ch=7 v=0.2499
    OK ch=0 v=0.2541
    OK ch=2 v=0.2546
    OK ch=4 v=0.2449
    OK ch=3 v=0.2493
    OK ch=5 v=0.2499
    OK ch=7 v=0.2512
    OK ch=0 v=0.2503
    OK ch=2 v=0.2540
    OK ch=4 v=0.2522
    OK ch=1 v=0.2367
    OK ch=5 v=0.2480
    OK ch=7 v=0.2518
    OK ch=0 v=0.2480
    OK ch=2 v=0.2605
    OK ch=6 v=0.2543
    OK ch=1 v=0.2648
    OK ch=3 v=0.2507
    OK ch=7 v=0.2512
    OK ch=2 v=0.2572
    OK ch=4 v=0.2500
    OK ch=6 v=0.2529
    OK ch=1 v=0.2620
    OK ch=3 v=0.2542
    OK ch=5 v=0.2469
    OK ch=0 v=0.2524
    OK ch=2 v=0.2550
    OK ch=6 v=0.2505
    OK ch=1 v=0.2657
    OK ch=5 v=0.2478
    OK ch=7 v=0.2490
    OK ch=0 v=0.2532
    OK ch=2 v=0.2536
    OK ch=4 v=0.2475
    OK ch=6 v=0.2432
    OK ch=1 v=0.2420
    OK ch=3 v=0.2531
    OK ch=5 v=0.2487
    OK ch=2 v=0.2452
    OK ch=4 v=0.2461
    OK ch=6 v=0.2458
    OK ch=1 v=0.2324
    OK ch=3 v=0.2430
    OK ch=0 v=0.2526
    OK ch=2 v=0.2476
    OK ch=4 v=0.2473
    OK ch=6 v=0.2465
    OK ch=1 v=0.2350
    OK ch=3 v=0.2460
    OK ch=7 v=0.2507
    OK ch=0 v=0.2471
    OK ch=2 v=0.2344
    OK ch=4 v=0.2468
    OK ch=6 v=0.2547
    OK ch=1 v=0.2381
    OK ch=3 v=0.2502
    OK ch=7 v=0.2486
    OK ch=0 v=0.2455
    OK ch=2 v=0.2366
    OK ch=4 v=0.2556
    OK ch=6 v=0.2523
    OK ch=1 v=0.2773
    OK ch=3 v=0.2561
    OK ch=5 v=0.2501
    OK ch=0 v=0.2487
    OK ch=2 v=0.2459
    OK ch=4 v=0.2534
    OK ch=6 v=0.2488
    OK ch=1 v=0.2492
    OK ch=3 v=0.2505
    OK ch=5 v=0.2512
    OK ch=7 v=0.2515
    OK ch=0 v=0.2478
    OK ch=2 v=0.2500
    OK ch=4 v=0.2514
    OK ch=6 v=0.2552
    OK ch=1 v=0.2527
    OK ch=3 v=0.2536
    OK ch=5 v=0.2524
    OK ch=0 v=0.2490
    OK ch=2 v=0.2508
    OK ch=4 v=0.2495
    OK ch=6 v=0.2531
    OK ch=1 v=0.2480
    OK ch=3 v=0.2470
    OK ch=7 v=0.2497
    OK ch=0 v=0.2534
    OK ch=2 v=0.2559
    OK ch=6 v=0.2431
    OK ch=1 v=0.2380
    OK ch=3 v=0.2448
    OK ch=5 v=0.2508
    OK ch=7 v=0.2484
    OK ch=0 v=0.2474
    OK ch=2 v=0.2522
    OK ch=4 v=0.2514
    OK ch=6 v=0.2498
    OK ch=1 v=0.2500
    OK ch=3 v=0.2500
    OK ch=5 v=0.2500
    OK ch=7 v=0.2500
    OK ch=0 v=0.2500
    OK ch=2 v=0.2500
    OK ch=4 v=0.2500

!! ch4, ch6, ch7 runaway/saturation -- freezing all channels, entering FAULT.

[  105.3s] FAULT       ch0:.... g=+0.0000 bp=+0.019V ratio=1.89  ch1:.... g=+0.0000 bp=+0.003V ratio=1.71  ch2:.... g=+0.0000 bp=+0.018V ratio=0.63  ch3:.... g=+0.0000 bp=+0.007V ratio=0.80  ch4:.... g=+0.0000 bp=+0.001V ratio=3.51  ch5:.... g=+0.0000 bp=+0.030V ratio=0.81  ch6:.... g=+0.0000 bp=+0.005V ratio=3.27  ch7:.... g=+0.0000 bp=+0.002V ratio=10.54

[recovered] re-engaging on the previous baseline -- re-faulted after only 2.1s, so the disturbance is still there (4/4 before a forced re-calibration). Gain ramps from zero.

    OK ch=1 v=0.2524
    OK ch=1 v=0.2549
    OK ch=3 v=0.2508
    OK ch=7 v=0.2492
    OK ch=3 v=0.2514
    OK ch=7 v=0.2498
    OK ch=1 v=0.2446
    OK ch=3 v=0.2490
    OK ch=1 v=0.2617
    OK ch=1 v=0.2491
    OK ch=1 v=0.2477
    OK ch=1 v=0.2451
    OK ch=5 v=0.2489
    OK ch=1 v=0.2422
    OK ch=3 v=0.2499
    OK ch=7 v=0.2505
    OK ch=0 v=0.2505
    OK ch=4 v=0.2494
    OK ch=6 v=0.2506
    OK ch=1 v=0.2485
    OK ch=3 v=0.2529
    OK ch=5 v=0.2476
    OK ch=7 v=0.2500
    OK ch=2 v=0.2487
    OK ch=3 v=0.2486
    OK ch=5 v=0.2483
    OK ch=0 v=0.2490
    OK ch=2 v=0.2472
    OK ch=4 v=0.2502
    OK ch=6 v=0.2485
    OK ch=1 v=0.2501
    OK ch=3 v=0.2496
    OK ch=5 v=0.2491
    OK ch=7 v=0.2505
    OK ch=0 v=0.2498
    OK ch=2 v=0.2456
    OK ch=4 v=0.2513
    OK ch=6 v=0.2504
    OK ch=1 v=0.2591
    OK ch=3 v=0.2515
    OK ch=7 v=0.2499
    OK ch=2 v=0.2484
    OK ch=4 v=0.2491
    OK ch=6 v=0.2495
    OK ch=1 v=0.2431
    OK ch=3 v=0.2467
    OK ch=5 v=0.2505
    OK ch=7 v=0.2488
    OK ch=0 v=0.2507
    OK ch=2 v=0.2464
    OK ch=4 v=0.2480
    OK ch=6 v=0.2479
    OK ch=1 v=0.2494
    OK ch=3 v=0.2497
    OK ch=5 v=0.2515
    OK ch=7 v=0.2504
    OK ch=4 v=0.2513
    OK ch=6 v=0.2521
    OK ch=1 v=0.2347
    OK ch=3 v=0.2442
    OK ch=5 v=0.2533
    OK ch=7 v=0.2518
    OK ch=0 v=0.2481
    OK ch=2 v=0.2510
    OK ch=4 v=0.2528
    OK ch=6 v=0.2506
    OK ch=1 v=0.2656
    OK ch=3 v=0.2550
    OK ch=5 v=0.2519
    OK ch=7 v=0.2501
    OK ch=0 v=0.2475
    OK ch=4 v=0.2519
    OK ch=6 v=0.2492
    OK ch=3 v=0.2521
    OK ch=5 v=0.2505
    OK ch=0 v=0.2492
    OK ch=2 v=0.2545
    OK ch=4 v=0.2513
    OK ch=1 v=0.2512
    OK ch=5 v=0.2490
    OK ch=0 v=0.2537
    OK ch=2 v=0.2561
    OK ch=4 v=0.2464
    OK ch=6 v=0.2530
    OK ch=1 v=0.2401
    OK ch=3 v=0.2476
    OK ch=0 v=0.2502
    OK ch=2 v=0.2638
    OK ch=4 v=0.2510
    OK ch=6 v=0.2498
    OK ch=1 v=0.2377
    OK ch=3 v=0.2456
    OK ch=5 v=0.2477
    OK ch=7 v=0.2494
    OK ch=2 v=0.2483
    OK ch=4 v=0.2499
    OK ch=6 v=0.2492
    OK ch=1 v=0.2449
    OK ch=5 v=0.2470
    OK ch=0 v=0.2519
    OK ch=2 v=0.2504
    OK ch=4 v=0.2471
    OK ch=6 v=0.2527
    OK ch=1 v=0.2414
    OK ch=3 v=0.2508
    OK ch=7 v=0.2523
    OK ch=0 v=0.2472
    OK ch=2 v=0.2521
    OK ch=4 v=0.2483
    OK ch=6 v=0.2458
    OK ch=1 v=0.2606
    OK ch=3 v=0.2548
    OK ch=7 v=0.2511
    OK ch=2 v=0.2508
    OK ch=4 v=0.2501
    OK ch=6 v=0.2510
    OK ch=1 v=0.2641
    OK ch=3 v=0.2519
    OK ch=5 v=0.2486
    OK ch=0 v=0.2499
    OK ch=2 v=0.2446
    OK ch=4 v=0.2537
    OK ch=6 v=0.2526
    OK ch=1 v=0.2633
    OK ch=3 v=0.2568
    OK ch=5 v=0.2500
    OK ch=0 v=0.2553
    OK ch=2 v=0.2428
    OK ch=4 v=0.2474
    OK ch=6 v=0.2500
    OK ch=1 v=0.2439
    OK ch=3 v=0.2529
    OK ch=5 v=0.2515
    OK ch=7 v=0.2495
    OK ch=0 v=0.2525
    OK ch=4 v=0.2453
    OK ch=1 v=0.2344
    OK ch=3 v=0.2462
    OK ch=5 v=0.2522
    OK ch=7 v=0.2476
    OK ch=0 v=0.2492
    OK ch=2 v=0.2415
    OK ch=4 v=0.2514
    OK ch=1 v=0.2325
    OK ch=3 v=0.2455
    OK ch=5 v=0.2504
    OK ch=7 v=0.2493
    OK ch=0 v=0.2525
    OK ch=2 v=0.2493
    OK ch=4 v=0.2503
    OK ch=6 v=0.2530
    OK ch=1 v=0.2691
    OK ch=3 v=0.2481
    OK ch=5 v=0.2490
    OK ch=0 v=0.2465
    OK ch=4 v=0.2496
    OK ch=6 v=0.2453
    OK ch=1 v=0.2508
    OK ch=3 v=0.2514
    OK ch=5 v=0.2503
    OK ch=7 v=0.2485
    OK ch=0 v=0.2513
    OK ch=6 v=0.2521
    OK ch=1 v=0.2537
    OK ch=3 v=0.2504
    OK ch=5 v=0.2520
    OK ch=7 v=0.2512
    OK ch=0 v=0.2465
    OK ch=4 v=0.2542
    OK ch=6 v=0.2464
    OK ch=1 v=0.2591
    OK ch=3 v=0.2554
    OK ch=7 v=0.2524
    OK ch=2 v=0.2530
    OK ch=4 v=0.2525
    OK ch=6 v=0.2472
    OK ch=1 v=0.2670
    OK ch=3 v=0.2518
    OK ch=5 v=0.2506
    OK ch=7 v=0.2518
    OK ch=0 v=0.2529
    OK ch=2 v=0.2609
    OK ch=4 v=0.2489
    OK ch=6 v=0.2526
    OK ch=1 v=0.2500
    OK ch=3 v=0.2500
    OK ch=5 v=0.2500
    OK ch=7 v=0.2500
    OK ch=0 v=0.2500
    OK ch=2 v=0.2500
    OK ch=4 v=0.2500
    OK ch=6 v=0.2500

!! ch7 runaway/saturation -- freezing all channels, entering FAULT.

[  110.3s] FAULT       ch0:.... g=+0.0000 bp=-0.004V ratio=1.80  ch1:.... g=+0.0000 bp=+0.007V ratio=2.09  ch2:.... g=+0.0000 bp=-0.004V ratio=0.65  ch3:.... g=+0.0000 bp=+0.004V ratio=1.12  ch4:.... g=+0.0000 bp=+0.001V ratio=3.22  ch5:.... g=+0.0000 bp=+0.035V ratio=0.64  ch6:.... g=+0.0000 bp=-0.000V ratio=2.55  ch7:.... g=+0.0000 bp=+0.002V ratio=6.56

[recovered] all channels clear for 5s -- re-calibrating and resuming.

[  115.3s] CALIBRATING ch0:.... g=+0.0000 bp=-0.028V ratio=0.00  ch1:.... g=+0.0000 bp=-0.026V ratio=0.00  ch2:.... g=+0.0000 bp=+0.012V ratio=0.00  ch3:.... g=+0.0000 bp=-0.009V ratio=0.00  ch4:.... g=+0.0000 bp=+0.002V ratio=0.00  ch5:.... g=+0.0000 bp=+0.143V ratio=0.00  ch6:.... g=+0.0000 bp=+0.062V ratio=0.00  ch7:.... g=+0.0000 bp=-0.028V ratio=0.00
[  120.3s] CALIBRATING ch0:.... g=+0.0000 bp=+0.083V ratio=0.00  ch1:.... g=+0.0000 bp=+0.036V ratio=0.00  ch2:.... g=+0.0000 bp=+0.124V ratio=0.00  ch3:.... g=+0.0000 bp=+0.023V ratio=0.00  ch4:.... g=+0.0000 bp=+0.058V ratio=0.00  ch5:.... g=+0.0000 bp=+0.132V ratio=0.00  ch6:.... g=+0.0000 bp=+0.369V ratio=0.00  ch7:.... g=+0.0000 bp=-0.014V ratio=0.00
[  125.3s] CALIBRATING ch0:.... g=+0.0000 bp=+0.072V ratio=0.00  ch1:.... g=+0.0000 bp=+0.015V ratio=0.00  ch2:.... g=+0.0000 bp=+0.090V ratio=0.00  ch3:.... g=+0.0000 bp=+0.012V ratio=0.00  ch4:.... g=+0.0000 bp=-0.068V ratio=0.00  ch5:.... g=+0.0000 bp=+0.129V ratio=0.00  ch6:.... g=+0.0000 bp=-0.401V ratio=0.00  ch7:.... g=+0.0000 bp=-0.032V ratio=0.00
[  130.3s] CALIBRATING ch0:.... g=+0.0000 bp=+0.030V ratio=0.00  ch1:.... g=+0.0000 bp=-0.008V ratio=0.00  ch2:.... g=+0.0000 bp=+0.115V ratio=0.00  ch3:.... g=+0.0000 bp=+0.007V ratio=0.00  ch4:.... g=+0.0000 bp=+0.045V ratio=0.00  ch5:.... g=+0.0000 bp=+0.046V ratio=0.00  ch6:.... g=+0.0000 bp=+0.334V ratio=0.00  ch7:.... g=+0.0000 bp=+0.027V ratio=0.00

[DAMPING] baseline set (ch0=0.1499V, ch1=0.0580V, ch2=0.2280V, ch3=0.0486V, ch4=0.0517V, ch5=0.2237V, ch6=0.3526V, ch7=0.0408V). Gain schedules -0.035 -> -0.030...

    OK ch=1 v=0.2548
    OK ch=3 v=0.2514
    OK ch=5 v=0.2478
    OK ch=1 v=0.2541
    OK ch=3 v=0.2532
    OK ch=5 v=0.2386
    OK ch=7 v=0.2520
    OK ch=4 v=0.2536
    OK ch=1 v=0.2631
    OK ch=5 v=0.2343
    OK ch=2 v=0.2512
    OK ch=4 v=0.2475
    OK ch=1 v=0.2592
    OK ch=3 v=0.2525
    OK ch=5 v=0.2297
    OK ch=7 v=0.2536
    OK ch=0 v=0.2491
    OK ch=2 v=0.2542
    OK ch=4 v=0.2454
    OK ch=1 v=0.2706
    OK ch=3 v=0.2549
    OK ch=5 v=0.2159
    OK ch=7 v=0.2550
    OK ch=0 v=0.2520
    OK ch=2 v=0.2579
    OK ch=4 v=0.2633
    OK ch=1 v=0.2656
    OK ch=3 v=0.2514
    OK ch=5 v=0.2187
    OK ch=7 v=0.2541
    OK ch=0 v=0.2484
    OK ch=2 v=0.2614
    OK ch=4 v=0.2393
    OK ch=6 v=0.2489
    OK ch=1 v=0.2566
    OK ch=3 v=0.2556
    OK ch=5 v=0.2301
    OK ch=7 v=0.2550
    OK ch=0 v=0.2525
    OK ch=2 v=0.2524
    OK ch=4 v=0.2696
    OK ch=6 v=0.2499
    OK ch=1 v=0.2469
    OK ch=3 v=0.2532
    OK ch=5 v=0.2495
    OK ch=7 v=0.2523
    OK ch=0 v=0.2478
    OK ch=2 v=0.2380
    OK ch=4 v=0.2370
    OK ch=6 v=0.2508
    OK ch=1 v=0.2360
    OK ch=3 v=0.2481
    OK ch=5 v=0.2674
    OK ch=7 v=0.2476
    OK ch=0 v=0.2518
    OK ch=2 v=0.2212
    OK ch=4 v=0.2596
    OK ch=6 v=0.2514
    OK ch=1 v=0.2199
    OK ch=3 v=0.2424
    OK ch=5 v=0.2816
    OK ch=7 v=0.2445
    OK ch=0 v=0.2485
    OK ch=2 v=0.2255
    OK ch=4 v=0.2403
    OK ch=6 v=0.2502
    OK ch=1 v=0.2381
    OK ch=3 v=0.2414
    OK ch=5 v=0.2805
    OK ch=7 v=0.2437
    OK ch=0 v=0.2505
    OK ch=2 v=0.2418
    OK ch=4 v=0.2527
    OK ch=1 v=0.2434
    OK ch=3 v=0.2430
    OK ch=5 v=0.2675
    OK ch=7 v=0.2444
    OK ch=0 v=0.2486
    OK ch=2 v=0.2520
    OK ch=4 v=0.2460
    OK ch=6 v=0.2492
    OK ch=1 v=0.2575
    OK ch=3 v=0.2489
    OK ch=5 v=0.2479
    OK ch=7 v=0.2482
    OK ch=0 v=0.2514
    OK ch=2 v=0.2552
    OK ch=4 v=0.2515
    OK ch=1 v=0.2745
    OK ch=3 v=0.2546
    OK ch=5 v=0.2333
    OK ch=7 v=0.2525
    OK ch=0 v=0.2489
    OK ch=2 v=0.2559
    OK ch=4 v=0.2460
    OK ch=1 v=0.2516
    OK ch=3 v=0.2563
    OK ch=5 v=0.2207
    OK ch=7 v=0.2571
    OK ch=0 v=0.2527
    OK ch=2 v=0.2597
    OK ch=4 v=0.2761
    OK ch=6 v=0.2502
    OK ch=1 v=0.2785
    OK ch=3 v=0.2654
    OK ch=5 v=0.2130
    OK ch=7 v=0.2605
    OK ch=0 v=0.2491
    OK ch=2 v=0.2717
    OK ch=4 v=0.2434
    OK ch=6 v=0.2512
[  135.3s] DAMPING     ch0:.... g=-0.0148 bp=-0.002V ratio=0.71  ch1:.... g=-0.0148 bp=+0.005V ratio=0.68  ch2:.... g=+0.0120 bp=-0.023V ratio=0.81  ch3:.... g=-0.0148 bp=-0.003V ratio=0.78  ch4:.... g=-0.0148 bp=+0.000V ratio=0.27  ch5:.... g=-0.0148 bp=+0.062V ratio=0.84  ch6:.... g=-0.0148 bp=+0.026V ratio=0.27  ch7:.... g=-0.0148 bp=+0.001V ratio=0.19
    OK ch=1 v=0.2899
    OK ch=3 v=0.2666
    OK ch=5 v=0.2078
    OK ch=0 v=0.2503
    OK ch=2 v=0.2862
    OK ch=4 v=0.2400
    OK ch=6 v=0.2486
    OK ch=1 v=0.2649
    OK ch=3 v=0.2564
    OK ch=5 v=0.2155
    OK ch=7 v=0.2578
    OK ch=0 v=0.2492
    OK ch=2 v=0.2873
    OK ch=4 v=0.2434
    OK ch=6 v=0.2479
    OK ch=1 v=0.2701
    OK ch=5 v=0.2263
    OK ch=7 v=0.2538
    OK ch=0 v=0.2505
    OK ch=2 v=0.2508
    OK ch=4 v=0.2538
    OK ch=6 v=0.2474
    OK ch=1 v=0.2458
    OK ch=3 v=0.2489
    OK ch=5 v=0.2456
    OK ch=7 v=0.2487
    OK ch=0 v=0.2489
    OK ch=2 v=0.2198
    OK ch=4 v=0.2423
    OK ch=6 v=0.2521
    OK ch=1 v=0.2202
    OK ch=3 v=0.2363
    OK ch=5 v=0.2577
    OK ch=7 v=0.2481
    OK ch=0 v=0.2510
    OK ch=2 v=0.1918
    OK ch=4 v=0.2506
    OK ch=6 v=0.2515
    OK ch=1 v=0.2245
    OK ch=3 v=0.2413
    OK ch=5 v=0.2657
    OK ch=7 v=0.2459
    OK ch=0 v=0.2518
    OK ch=2 v=0.1995
    OK ch=4 v=0.2700
    OK ch=1 v=0.2528
    OK ch=3 v=0.2521
    OK ch=5 v=0.2610
    OK ch=7 v=0.2481
    OK ch=0 v=0.2489
    OK ch=2 v=0.2348
    OK ch=4 v=0.2508
    OK ch=1 v=0.2434
    OK ch=3 v=0.2504
    OK ch=5 v=0.2532
    OK ch=7 v=0.2493
    OK ch=2 v=0.2561
    OK ch=4 v=0.2444
    OK ch=1 v=0.2535
    OK ch=3 v=0.2481
    OK ch=5 v=0.2422
    OK ch=7 v=0.2518
    OK ch=0 v=0.2541
    OK ch=2 v=0.2597
    OK ch=4 v=0.2760
    OK ch=6 v=0.2503
    OK ch=1 v=0.2708
    OK ch=5 v=0.2352
    OK ch=7 v=0.2526
    OK ch=0 v=0.2464
    OK ch=2 v=0.2670
    OK ch=4 v=0.2306
    OK ch=6 v=0.2508
    OK ch=1 v=0.2662
    OK ch=3 v=0.2548
    OK ch=5 v=0.2278
    OK ch=7 v=0.2538
    OK ch=0 v=0.2521
    OK ch=2 v=0.2513
    OK ch=4 v=0.2651
    OK ch=6 v=0.2493
    OK ch=1 v=0.2895
    OK ch=3 v=0.2563
    OK ch=5 v=0.2255
    OK ch=7 v=0.2566
    OK ch=0 v=0.2469
    OK ch=2 v=0.2692
    OK ch=4 v=0.2210
    OK ch=1 v=0.2493
    OK ch=3 v=0.2593
    OK ch=5 v=0.2230
    OK ch=7 v=0.2586
    OK ch=0 v=0.2529
    OK ch=2 v=0.2893
    OK ch=4 v=0.2729
    OK ch=6 v=0.2519
    OK ch=1 v=0.2530
    OK ch=3 v=0.2569
    OK ch=5 v=0.2283
    OK ch=0 v=0.2474
    OK ch=2 v=0.2986
    OK ch=4 v=0.2279
    OK ch=6 v=0.2476
    OK ch=1 v=0.2742
    OK ch=5 v=0.2339
    OK ch=7 v=0.2556
    OK ch=0 v=0.2540
    OK ch=2 v=0.2732
    OK ch=4 v=0.2717
    OK ch=6 v=0.2461
    OK ch=1 v=0.2568
    OK ch=3 v=0.2476
    OK ch=5 v=0.2446
    OK ch=7 v=0.2488
    OK ch=0 v=0.2450
    OK ch=2 v=0.2331
    OK ch=4 v=0.2143
    OK ch=6 v=0.2501
    OK ch=1 v=0.2662
    OK ch=3 v=0.2557
    OK ch=5 v=0.2466
    OK ch=0 v=0.2523
    OK ch=2 v=0.1934
    OK ch=4 v=0.2745
    OK ch=6 v=0.2524
    OK ch=1 v=0.2541
    OK ch=3 v=0.2519
    OK ch=5 v=0.2553
    OK ch=7 v=0.2465
    OK ch=0 v=0.2460
    OK ch=2 v=0.1948
    OK ch=4 v=0.2225
    OK ch=6 v=0.2516
    OK ch=1 v=0.2261
    OK ch=3 v=0.2477
    OK ch=5 v=0.2520
    OK ch=7 v=0.2484
    OK ch=0 v=0.2539
    OK ch=2 v=0.2235
    OK ch=4 v=0.2717
    OK ch=6 v=0.2497
    OK ch=1 v=0.2273
    OK ch=3 v=0.2418
    OK ch=5 v=0.2504
    OK ch=7 v=0.2446
    OK ch=0 v=0.2463
    OK ch=2 v=0.2552
    OK ch=4 v=0.2368
    OK ch=6 v=0.2503
    OK ch=1 v=0.2474
    OK ch=3 v=0.2486
    OK ch=5 v=0.2415
    OK ch=7 v=0.2496
    OK ch=0 v=0.2508
    OK ch=4 v=0.2551
    OK ch=1 v=0.2512
    OK ch=3 v=0.2502
    OK ch=5 v=0.2405
    OK ch=7 v=0.2518
    OK ch=0 v=0.2461
    OK ch=2 v=0.2590
    OK ch=4 v=0.2218
    OK ch=1 v=0.2853
    OK ch=3 v=0.2583
    OK ch=5 v=0.2333
    OK ch=7 v=0.2538
    OK ch=0 v=0.2557
    OK ch=2 v=0.2525
    OK ch=4 v=0.2875
    OK ch=1 v=0.2548
    OK ch=3 v=0.2538
    OK ch=5 v=0.2361
    OK ch=7 v=0.2572
    OK ch=0 v=0.2457
    OK ch=2 v=0.2628
    OK ch=4 v=0.2188
    OK ch=6 v=0.2497
    OK ch=1 v=0.2626
    OK ch=3 v=0.2580
    OK ch=5 v=0.2308
    OK ch=0 v=0.2553
    OK ch=2 v=0.2795
    OK ch=4 v=0.2839
    OK ch=6 v=0.2504
    OK ch=1 v=0.2572
    OK ch=3 v=0.2562
    OK ch=5 v=0.2325
    OK ch=7 v=0.2561
    OK ch=0 v=0.2457
    OK ch=2 v=0.2951
    OK ch=4 v=0.2138
    OK ch=6 v=0.2476
    OK ch=1 v=0.2747
    OK ch=3 v=0.2461
    OK ch=5 v=0.2316
    OK ch=7 v=0.2542
    OK ch=0 v=0.2555
    OK ch=2 v=0.2812
    OK ch=4 v=0.2854
    OK ch=1 v=0.2187
    OK ch=5 v=0.2382
    OK ch=7 v=0.2529
    OK ch=0 v=0.2449
    OK ch=2 v=0.2463
    OK ch=4 v=0.2201
    OK ch=6 v=0.2492
    OK ch=1 v=0.2278
    OK ch=3 v=0.2538
    OK ch=5 v=0.2399
    OK ch=7 v=0.2521
    OK ch=0 v=0.2556
    OK ch=2 v=0.2090
    OK ch=4 v=0.2880
    OK ch=6 v=0.2521
    OK ch=1 v=0.2799
    OK ch=3 v=0.2590
    OK ch=5 v=0.2461
    OK ch=7 v=0.2496
    OK ch=0 v=0.2451
    OK ch=2 v=0.1946
    OK ch=4 v=0.2152
    OK ch=6 v=0.2516
    OK ch=1 v=0.2459
    OK ch=3 v=0.2502
    OK ch=7 v=0.2512
    OK ch=0 v=0.2521
    OK ch=2 v=0.2107
    OK ch=4 v=0.2750
    OK ch=6 v=0.2505
    OK ch=1 v=0.2526
    OK ch=3 v=0.2562
    OK ch=5 v=0.2472
    OK ch=7 v=0.2507
    OK ch=0 v=0.2460
    OK ch=2 v=0.2465
    OK ch=4 v=0.2253
    OK ch=1 v=0.2586
    OK ch=3 v=0.2508
    OK ch=5 v=0.2426
    OK ch=0 v=0.2560
    OK ch=2 v=0.2547
    OK ch=4 v=0.2851
    OK ch=1 v=0.2608
    OK ch=3 v=0.2491
    OK ch=5 v=0.2434
    OK ch=7 v=0.2517
    OK ch=0 v=0.2456
    OK ch=2 v=0.2647
    OK ch=4 v=0.2156
    OK ch=1 v=0.2524
    OK ch=3 v=0.2500
    OK ch=5 v=0.2372
    OK ch=7 v=0.2509
    OK ch=0 v=0.2553
    OK ch=2 v=0.2491
    OK ch=4 v=0.2852
    OK ch=6 v=0.2500
    OK ch=1 v=0.2681
    OK ch=3 v=0.2543
    OK ch=5 v=0.2390
    OK ch=0 v=0.2456
    OK ch=2 v=0.2666
    OK ch=4 v=0.2106
    OK ch=6 v=0.2514
    OK ch=1 v=0.2597
    OK ch=3 v=0.2552
    OK ch=5 v=0.2353
    OK ch=7 v=0.2518
    OK ch=0 v=0.2550
    OK ch=4 v=0.2863
    OK ch=6 v=0.2456
    OK ch=1 v=0.2812
    OK ch=3 v=0.2449
    OK ch=5 v=0.2392
    OK ch=7 v=0.2532
    OK ch=0 v=0.2461
    OK ch=2 v=0.2879
    OK ch=4 v=0.2212
    OK ch=6 v=0.2516
    OK ch=1 v=0.2610
    OK ch=3 v=0.2563
    OK ch=5 v=0.2365
    OK ch=7 v=0.2553
    OK ch=0 v=0.2554
    OK ch=2 v=0.2899
    OK ch=4 v=0.2858
    OK ch=6 v=0.2501
    OK ch=1 v=0.2566
    OK ch=3 v=0.2552
    OK ch=5 v=0.2408
    OK ch=7 v=0.2544
    OK ch=0 v=0.2459
    OK ch=2 v=0.2623
    OK ch=4 v=0.2100
    OK ch=6 v=0.2433
    OK ch=1 v=0.2283
    OK ch=3 v=0.2480
    OK ch=5 v=0.2369
    OK ch=7 v=0.2532
    OK ch=0 v=0.2543
    OK ch=2 v=0.2266
    OK ch=4 v=0.2877
    OK ch=6 v=0.2523
    OK ch=1 v=0.2092
    OK ch=3 v=0.2417
    OK ch=5 v=0.2396
    OK ch=7 v=0.2491
    OK ch=0 v=0.2438
    OK ch=2 v=0.2009
    OK ch=4 v=0.2173
    OK ch=6 v=0.2575
    OK ch=1 v=0.2460
    OK ch=3 v=0.2518
    OK ch=5 v=0.2366
    OK ch=7 v=0.2496
    OK ch=0 v=0.2532
    OK ch=2 v=0.2027
    OK ch=4 v=0.2824
    OK ch=6 v=0.2494
    OK ch=1 v=0.2513
    OK ch=3 v=0.2549
    OK ch=5 v=0.2427
    OK ch=0 v=0.2454
    OK ch=2 v=0.2372
    OK ch=4 v=0.2187
    OK ch=1 v=0.2931
    OK ch=3 v=0.2656
    OK ch=5 v=0.2418
    OK ch=7 v=0.2530
    OK ch=0 v=0.2548
    OK ch=2 v=0.2458
    OK ch=4 v=0.2863
    OK ch=1 v=0.2724
    OK ch=3 v=0.2549
    OK ch=5 v=0.2487
    OK ch=7 v=0.2544
    OK ch=0 v=0.2452
    OK ch=2 v=0.2599
    OK ch=4 v=0.2137
    OK ch=6 v=0.2486
    OK ch=1 v=0.2654
    OK ch=3 v=0.2562
    OK ch=5 v=0.2432
    OK ch=0 v=0.2552
    OK ch=2 v=0.2581
    OK ch=4 v=0.2820
    OK ch=6 v=0.2481
    OK ch=1 v=0.2446
    OK ch=3 v=0.2431
    OK ch=7 v=0.2527
    OK ch=0 v=0.2434
    OK ch=2 v=0.2682
    OK ch=4 v=0.2125
    OK ch=6 v=0.2508
    OK ch=1 v=0.2613
    OK ch=3 v=0.2455
    OK ch=5 v=0.2339
    OK ch=7 v=0.2498
    OK ch=0 v=0.2546
    OK ch=2 v=0.2670
    OK ch=4 v=0.2852
    OK ch=6 v=0.2527
    OK ch=1 v=0.2381
    OK ch=3 v=0.2429
    OK ch=5 v=0.2357
    OK ch=7 v=0.2491
    OK ch=0 v=0.2466
    OK ch=2 v=0.2832
    OK ch=4 v=0.2147
    OK ch=6 v=0.2491
    OK ch=1 v=0.2528
    OK ch=3 v=0.2543
    OK ch=5 v=0.2330
    OK ch=7 v=0.2514
    OK ch=0 v=0.2510
    OK ch=2 v=0.2840
    OK ch=4 v=0.2819
    OK ch=6 v=0.2483
    OK ch=1 v=0.2609
    OK ch=5 v=0.2377
    OK ch=7 v=0.2556
    OK ch=0 v=0.2448
    OK ch=2 v=0.2621
    OK ch=4 v=0.2175
    OK ch=1 v=0.2384
    OK ch=3 v=0.2558
    OK ch=7 v=0.2571
    OK ch=0 v=0.2537
    OK ch=2 v=0.2257
    OK ch=4 v=0.2834
    OK ch=6 v=0.2506
    OK ch=1 v=0.2749
    OK ch=3 v=0.2637
    OK ch=5 v=0.2421
    OK ch=7 v=0.2541
    OK ch=0 v=0.2470
    OK ch=2 v=0.2047
    OK ch=4 v=0.2172
    OK ch=6 v=0.2512
    OK ch=1 v=0.2378
    OK ch=3 v=0.2520
    OK ch=5 v=0.2395
    OK ch=7 v=0.2515
    OK ch=0 v=0.2554
    OK ch=2 v=0.2073
    OK ch=4 v=0.2823
    OK ch=6 v=0.2505
    OK ch=1 v=0.2764
    OK ch=3 v=0.2544
    OK ch=5 v=0.2418
    OK ch=7 v=0.2489
    OK ch=0 v=0.2450
    OK ch=2 v=0.2333
    OK ch=4 v=0.2173
    OK ch=1 v=0.2750
    OK ch=3 v=0.2500
    OK ch=5 v=0.2401
    OK ch=0 v=0.2530
    OK ch=2 v=0.2446
    OK ch=4 v=0.2834
    OK ch=6 v=0.2493
    OK ch=1 v=0.2425
    OK ch=3 v=0.2442
    OK ch=5 v=0.2458
    OK ch=7 v=0.2500
    OK ch=0 v=0.2455
    OK ch=2 v=0.2666
    OK ch=4 v=0.2165
    OK ch=1 v=0.2397
    OK ch=3 v=0.2509
    OK ch=5 v=0.2438
    OK ch=0 v=0.2519
    OK ch=2 v=0.2507
    OK ch=4 v=0.2799
    OK ch=6 v=0.2508
    OK ch=1 v=0.2703
    OK ch=3 v=0.2457
    OK ch=5 v=0.2452
    OK ch=7 v=0.2522
    OK ch=0 v=0.2500
    OK ch=2 v=0.2563
    OK ch=4 v=0.2290
    OK ch=6 v=0.2500
    OK ch=1 v=0.2498
    OK ch=3 v=0.2566
    OK ch=5 v=0.2408
    OK ch=7 v=0.2538
    OK ch=0 v=0.2578
    OK ch=2 v=0.2576
    OK ch=4 v=0.2766
    OK ch=1 v=0.2531
    OK ch=3 v=0.2532
    OK ch=5 v=0.2394
    OK ch=7 v=0.2524
    OK ch=0 v=0.2488
    OK ch=2 v=0.2825
    OK ch=4 v=0.2234
    OK ch=6 v=0.2506
[  140.4s] DAMPING     ch0:.... g=-0.0300 bp=+0.005V ratio=0.14  ch1:.... g=-0.0300 bp=+0.000V ratio=0.19  ch2:.... g=+0.0100 bp=-0.032V ratio=0.10  ch3:.... g=-0.0300 bp=-0.004V ratio=0.12  ch4:LOCK g=-0.0162 bp=+0.002V ratio=0.36  ch5:.... g=-0.0180 bp=+0.077V ratio=0.65  ch6:LOCK g=-0.0158 bp=-0.081V ratio=0.31  ch7:LOCK g=-0.0150 bp=+0.004V ratio=0.09
    OK ch=1 v=0.2578
    OK ch=3 v=0.2499
    OK ch=5 v=0.2319
    OK ch=7 v=0.2532
    OK ch=0 v=0.2547
    OK ch=2 v=0.2980
    OK ch=4 v=0.2789
    OK ch=6 v=0.2485
    OK ch=1 v=0.2462
    OK ch=3 v=0.2402
    OK ch=5 v=0.2343
    OK ch=7 v=0.2541
    OK ch=0 v=0.2459
    OK ch=2 v=0.2732
    OK ch=4 v=0.2178
    OK ch=6 v=0.2479
    OK ch=1 v=0.2796
    OK ch=3 v=0.2617
    OK ch=5 v=0.2337
    OK ch=0 v=0.2546
    OK ch=2 v=0.2394
    OK ch=4 v=0.2792
    OK ch=6 v=0.2505
    OK ch=1 v=0.2297
    OK ch=3 v=0.2580
    OK ch=5 v=0.2404
    OK ch=7 v=0.2536
    OK ch=0 v=0.2450
    OK ch=2 v=0.2074
    OK ch=4 v=0.2175
    OK ch=6 v=0.2513
    OK ch=1 v=0.2580
    OK ch=3 v=0.2561
    OK ch=5 v=0.2391
    OK ch=7 v=0.2516
    OK ch=0 v=0.2539
    OK ch=2 v=0.2048
    OK ch=4 v=0.2823
    OK ch=6 v=0.2522
    OK ch=1 v=0.2796
    OK ch=3 v=0.2584
    OK ch=5 v=0.2444
    OK ch=0 v=0.2446
    OK ch=2 v=0.2260
    OK ch=4 v=0.2202
    OK ch=6 v=0.2488
    OK ch=1 v=0.2379
    OK ch=3 v=0.2468
    OK ch=5 v=0.2420
    OK ch=7 v=0.2505
    OK ch=0 v=0.2537
    OK ch=2 v=0.2392
    OK ch=4 v=0.2780
    OK ch=6 v=0.2494
    OK ch=1 v=0.2257
    OK ch=3 v=0.2389
    OK ch=5 v=0.2449
    OK ch=7 v=0.2510
    OK ch=0 v=0.2455
    OK ch=2 v=0.2616
    OK ch=4 v=0.2180
    OK ch=1 v=0.2531
    OK ch=3 v=0.2487
    OK ch=5 v=0.2387
    OK ch=7 v=0.2504
    OK ch=0 v=0.2540
    OK ch=2 v=0.2541
    OK ch=4 v=0.2815
    OK ch=6 v=0.2511
    OK ch=1 v=0.2400
    OK ch=3 v=0.2507
    OK ch=5 v=0.2430
    OK ch=7 v=0.2511
    OK ch=0 v=0.2452
    OK ch=2 v=0.2587
    OK ch=4 v=0.2208
    OK ch=6 v=0.2498
    OK ch=1 v=0.2779
    OK ch=3 v=0.2575
    OK ch=5 v=0.2390
    OK ch=7 v=0.2517
    OK ch=0 v=0.2533
    OK ch=2 v=0.2611
    OK ch=4 v=0.2751
    OK ch=1 v=0.2698
    OK ch=3 v=0.2565
    OK ch=5 v=0.2417
    OK ch=7 v=0.2532
    OK ch=0 v=0.2473
    OK ch=2 v=0.2909
    OK ch=4 v=0.2208
    OK ch=6 v=0.2504
    OK ch=1 v=0.2581
    OK ch=3 v=0.2545
    OK ch=5 v=0.2387
    OK ch=7 v=0.2542
    OK ch=0 v=0.2538
    OK ch=2 v=0.2880
    OK ch=4 v=0.2792
    OK ch=6 v=0.2484
    OK ch=1 v=0.2459
    OK ch=3 v=0.2463
    OK ch=5 v=0.2393
    OK ch=7 v=0.2524
    OK ch=0 v=0.2465
    OK ch=2 v=0.2642
    OK ch=4 v=0.2284
    OK ch=1 v=0.2534
    OK ch=3 v=0.2541
    OK ch=5 v=0.2354
    OK ch=0 v=0.2534
    OK ch=2 v=0.2362
    OK ch=4 v=0.2741
    OK ch=6 v=0.2512
    OK ch=1 v=0.2476
    OK ch=3 v=0.2477
    OK ch=5 v=0.2381
    OK ch=0 v=0.2452
    OK ch=2 v=0.2141
    OK ch=4 v=0.2222
    OK ch=6 v=0.2505
    OK ch=1 v=0.2908
    OK ch=3 v=0.2541
    OK ch=5 v=0.2352
    OK ch=0 v=0.2536
    OK ch=2 v=0.2090
    OK ch=4 v=0.2800
    OK ch=6 v=0.2514
    OK ch=1 v=0.2649
    OK ch=3 v=0.2611
    OK ch=5 v=0.2419
    OK ch=7 v=0.2532
    OK ch=0 v=0.2465
    OK ch=2 v=0.2203
    OK ch=4 v=0.2200
    OK ch=6 v=0.2503
    OK ch=1 v=0.2312
    OK ch=3 v=0.2494
    OK ch=5 v=0.2404
    OK ch=7 v=0.2541
    OK ch=0 v=0.2542
    OK ch=2 v=0.2446
    OK ch=4 v=0.2775
    OK ch=1 v=0.2328
    OK ch=5 v=0.2424
    OK ch=7 v=0.2511
    OK ch=0 v=0.2455
    OK ch=2 v=0.2581
    OK ch=4 v=0.2238
    OK ch=6 v=0.2495
    OK ch=1 v=0.2776
    OK ch=3 v=0.2550
    OK ch=5 v=0.2386
    OK ch=7 v=0.2533
    OK ch=0 v=0.2549
    OK ch=2 v=0.2586
    OK ch=4 v=0.2773
    OK ch=1 v=0.2600
    OK ch=3 v=0.2512
    OK ch=5 v=0.2410
    OK ch=7 v=0.2497
    OK ch=0 v=0.2467
    OK ch=2 v=0.2569
    OK ch=4 v=0.2230
    OK ch=1 v=0.2539
    OK ch=5 v=0.2396
    OK ch=7 v=0.2524
    OK ch=0 v=0.2528
    OK ch=2 v=0.2648
    OK ch=4 v=0.2725
    OK ch=6 v=0.2503
    OK ch=3 v=0.2500
    OK ch=5 v=0.2419
    OK ch=7 v=0.2516
    OK ch=0 v=0.2476
    OK ch=2 v=0.2754
    OK ch=4 v=0.2316
    OK ch=1 v=0.2434
    OK ch=3 v=0.2518
    OK ch=5 v=0.2412
    OK ch=0 v=0.2499
    OK ch=2 v=0.2838
    OK ch=4 v=0.2508
    OK ch=6 v=0.2497
    OK ch=1 v=0.2274
    OK ch=3 v=0.2477
    OK ch=0 v=0.2512
    OK ch=2 v=0.2742
    OK ch=4 v=0.2597
    OK ch=6 v=0.2485
    OK ch=1 v=0.2605
    OK ch=3 v=0.2523
    OK ch=5 v=0.2403
    OK ch=7 v=0.2521
    OK ch=0 v=0.2482
    OK ch=2 v=0.2602
    OK ch=4 v=0.2344
    OK ch=1 v=0.2724
    OK ch=3 v=0.2541
    OK ch=5 v=0.2381
    OK ch=7 v=0.2533
    OK ch=0 v=0.2535
    OK ch=2 v=0.2380
    OK ch=4 v=0.2715
    OK ch=6 v=0.2506
    OK ch=1 v=0.2519
    OK ch=3 v=0.2491
    OK ch=5 v=0.2421
    OK ch=7 v=0.2496
    OK ch=0 v=0.2468
    OK ch=2 v=0.2067
    OK ch=4 v=0.2363
    OK ch=6 v=0.2515
    OK ch=1 v=0.2840
    OK ch=3 v=0.2608
    OK ch=5 v=0.2399
    OK ch=7 v=0.2512
    OK ch=0 v=0.2511
    OK ch=2 v=0.2035
    OK ch=4 v=0.2618
    OK ch=1 v=0.2445
    OK ch=3 v=0.2523
    OK ch=5 v=0.2413
    OK ch=7 v=0.2531
    OK ch=0 v=0.2479
    OK ch=2 v=0.2219
    OK ch=4 v=0.2315
    OK ch=6 v=0.2503
    OK ch=1 v=0.2466
    OK ch=3 v=0.2507
    OK ch=5 v=0.2384
    OK ch=0 v=0.2516
    OK ch=2 v=0.2493
    OK ch=4 v=0.2622
    OK ch=6 v=0.2496
    OK ch=1 v=0.2684
    OK ch=5 v=0.2374
    OK ch=7 v=0.2538
    OK ch=0 v=0.2482
    OK ch=2 v=0.2617
    OK ch=4 v=0.2409
    OK ch=1 v=0.2461
    OK ch=3 v=0.2434
    OK ch=5 v=0.2366
    OK ch=7 v=0.2510
    OK ch=0 v=0.2533
    OK ch=2 v=0.2517
    OK ch=4 v=0.2751
    OK ch=1 v=0.2720
    OK ch=3 v=0.2537
    OK ch=5 v=0.2399
    OK ch=7 v=0.2521
    OK ch=0 v=0.2464
    OK ch=2 v=0.2571
    OK ch=4 v=0.2253
    OK ch=1 v=0.2645
    OK ch=3 v=0.2525
    OK ch=5 v=0.2381
    OK ch=7 v=0.2534
    OK ch=0 v=0.2531
    OK ch=4 v=0.2747
    OK ch=1 v=0.2680
    OK ch=3 v=0.2579
    OK ch=5 v=0.2412
    OK ch=7 v=0.2542
    OK ch=0 v=0.2485
    OK ch=2 v=0.2730
    OK ch=4 v=0.2289
    OK ch=6 v=0.2505
    OK ch=1 v=0.2534
    OK ch=3 v=0.2518
    OK ch=5 v=0.2387
    OK ch=7 v=0.2534
    OK ch=0 v=0.2533
    OK ch=2 v=0.2868
    OK ch=4 v=0.2707
    OK ch=6 v=0.2496
    OK ch=1 v=0.2363
    OK ch=3 v=0.2576
    OK ch=7 v=0.2549
    OK ch=0 v=0.2463
    OK ch=2 v=0.2755
    OK ch=4 v=0.2255
    OK ch=6 v=0.2472
    OK ch=1 v=0.2408
    OK ch=3 v=0.2471
    OK ch=5 v=0.2378
    OK ch=7 v=0.2505
    OK ch=0 v=0.2534
    OK ch=2 v=0.2578
    OK ch=4 v=0.2713
    OK ch=6 v=0.2498
    OK ch=1 v=0.2498
    OK ch=3 v=0.2506
    OK ch=5 v=0.2399
    OK ch=7 v=0.2492
    OK ch=0 v=0.2471
    OK ch=2 v=0.2273
    OK ch=4 v=0.2242
    OK ch=6 v=0.2520
    OK ch=1 v=0.2673
    OK ch=3 v=0.2596
    OK ch=5 v=0.2421
    OK ch=7 v=0.2501
    OK ch=0 v=0.2529
    OK ch=2 v=0.2055
    OK ch=4 v=0.2744
    OK ch=1 v=0.2563
    OK ch=3 v=0.2522
    OK ch=5 v=0.2463
    OK ch=7 v=0.2511
    OK ch=0 v=0.2458
    OK ch=2 v=0.2093
    OK ch=4 v=0.2283
    OK ch=6 v=0.2498
    OK ch=1 v=0.2653
    OK ch=3 v=0.2563
    OK ch=5 v=0.2433
    OK ch=7 v=0.2529
    OK ch=0 v=0.2539
    OK ch=2 v=0.2391
    OK ch=4 v=0.2751
    OK ch=1 v=0.2636
    OK ch=3 v=0.2549
    OK ch=7 v=0.2518
    OK ch=0 v=0.2472
    OK ch=2 v=0.2536
    OK ch=4 v=0.2258
    OK ch=1 v=0.2481
    OK ch=3 v=0.2509
    OK ch=5 v=0.2387
    OK ch=7 v=0.2507
    OK ch=0 v=0.2521
    OK ch=2 v=0.2513
    OK ch=4 v=0.2684
    OK ch=6 v=0.2487
    OK ch=1 v=0.2425
    OK ch=3 v=0.2436
    OK ch=7 v=0.2500
    OK ch=0 v=0.2467
    OK ch=2 v=0.2593
    OK ch=4 v=0.2295
    OK ch=6 v=0.2502
    OK ch=1 v=0.2580
    OK ch=3 v=0.2480
    OK ch=5 v=0.2352
    OK ch=7 v=0.2531
    OK ch=0 v=0.2521
    OK ch=2 v=0.2628
    OK ch=4 v=0.2678
    OK ch=1 v=0.2436
    OK ch=3 v=0.2470
    OK ch=5 v=0.2375
    OK ch=7 v=0.2522
    OK ch=0 v=0.2480
    OK ch=2 v=0.2596
    OK ch=4 v=0.2386
    OK ch=1 v=0.2609
    OK ch=3 v=0.2535
    OK ch=7 v=0.2555
    OK ch=0 v=0.2519
    OK ch=2 v=0.2779
    OK ch=4 v=0.2624
    OK ch=6 v=0.2513
    OK ch=1 v=0.2582
    OK ch=3 v=0.2508
    OK ch=5 v=0.2402
    OK ch=7 v=0.2547
    OK ch=0 v=0.2500
    OK ch=2 v=0.2843
    OK ch=4 v=0.2432
    OK ch=6 v=0.2490
    OK ch=1 v=0.2679
    OK ch=3 v=0.2498
    OK ch=7 v=0.2523
    OK ch=0 v=0.2508
    OK ch=2 v=0.2726
    OK ch=4 v=0.2582
    OK ch=6 v=0.2478
    OK ch=1 v=0.2427
    OK ch=3 v=0.2507
    OK ch=7 v=0.2529
    OK ch=0 v=0.2491
    OK ch=2 v=0.2369
    OK ch=4 v=0.2429
    OK ch=6 v=0.2499
    OK ch=1 v=0.2549
    OK ch=3 v=0.2550
    OK ch=5 v=0.2390
    OK ch=7 v=0.2515
    OK ch=0 v=0.2499
    OK ch=2 v=0.2175
    OK ch=4 v=0.2497
    OK ch=6 v=0.2508
    OK ch=1 v=0.2672
    OK ch=3 v=0.2534
    OK ch=5 v=0.2380
    OK ch=7 v=0.2492
    OK ch=0 v=0.2489
    OK ch=2 v=0.2087
    OK ch=4 v=0.2413
    OK ch=1 v=0.2247
    OK ch=3 v=0.2470
    OK ch=5 v=0.2399
    OK ch=0 v=0.2499
    OK ch=2 v=0.2194
    OK ch=4 v=0.2548
    OK ch=6 v=0.2497
    OK ch=1 v=0.2689
    OK ch=3 v=0.2549
    OK ch=5 v=0.2415
    OK ch=7 v=0.2514
    OK ch=2 v=0.2429
    OK ch=4 v=0.2533
    OK ch=6 v=0.2504
    OK ch=1 v=0.2640
    OK ch=3 v=0.2528
    OK ch=5 v=0.2440
    OK ch=7 v=0.2533
    OK ch=0 v=0.2494
    OK ch=2 v=0.2578
    OK ch=4 v=0.2441
    OK ch=1 v=0.2394
    OK ch=3 v=0.2522
    OK ch=7 v=0.2544
    OK ch=0 v=0.2515
    OK ch=2 v=0.2628
    OK ch=4 v=0.2637
    OK ch=6 v=0.2511
    OK ch=1 v=0.2488
    OK ch=3 v=0.2554
    OK ch=5 v=0.2417
    OK ch=7 v=0.2537
    OK ch=0 v=0.2486
    OK ch=4 v=0.2377
    OK ch=6 v=0.2497
    OK ch=1 v=0.2613
    OK ch=3 v=0.2511
    OK ch=5 v=0.2385
    OK ch=7 v=0.2507
    OK ch=0 v=0.2521
    OK ch=2 v=0.2577
    OK ch=4 v=0.2651
    OK ch=1 v=0.2600
    OK ch=3 v=0.2485
    OK ch=0 v=0.2473
    OK ch=2 v=0.2651
    OK ch=4 v=0.2302
    OK ch=6 v=0.2508
    OK ch=1 v=0.2659
    OK ch=3 v=0.2552
    OK ch=5 v=0.2360
    OK ch=7 v=0.2514
    OK ch=0 v=0.2506
    OK ch=2 v=0.2744
    OK ch=4 v=0.2720
    OK ch=6 v=0.2500
[  145.4s] DAMPING     ch0:LOCK g=-0.0300 bp=+0.011V ratio=0.13  ch1:LOCK g=-0.0300 bp=+0.002V ratio=0.12  ch2:LOCK g=+0.0100 bp=+0.001V ratio=0.05  ch3:LOCK g=-0.0300 bp=-0.004V ratio=0.08  ch4:LOCK g=-0.0150 bp=-0.004V ratio=0.11  ch5:.... g=-0.0179 bp=+0.124V ratio=0.58  ch6:LOCK g=-0.0150 bp=+0.089V ratio=0.13  ch7:LOCK g=-0.0150 bp=+0.003V ratio=0.10
    OK ch=1 v=0.2568
    OK ch=3 v=0.2504
    OK ch=5 v=0.2392
    OK ch=0 v=0.2487
    OK ch=4 v=0.2270
    OK ch=6 v=0.2490
    OK ch=3 v=0.2514
    OK ch=7 v=0.2544
    OK ch=0 v=0.2493
    OK ch=2 v=0.2633
    OK ch=4 v=0.2697
    OK ch=1 v=0.2469
    OK ch=3 v=0.2552
    OK ch=5 v=0.2410
    OK ch=0 v=0.2517
    OK ch=2 v=0.2480
    OK ch=4 v=0.2472
    OK ch=6 v=0.2500
    OK ch=1 v=0.2475
    OK ch=3 v=0.2522
    OK ch=5 v=0.2402
    OK ch=7 v=0.2519
    OK ch=0 v=0.2465
    OK ch=2 v=0.2233
    OK ch=4 v=0.2443
    OK ch=6 v=0.2510
    OK ch=1 v=0.2453
    OK ch=3 v=0.2471
    OK ch=5 v=0.2388
    OK ch=7 v=0.2528
    OK ch=0 v=0.2493
    OK ch=2 v=0.2104
    OK ch=4 v=0.2489
    OK ch=1 v=0.2550
    OK ch=3 v=0.2494
    OK ch=5 v=0.2379
    OK ch=0 v=0.2515
    OK ch=2 v=0.2202
    OK ch=4 v=0.2451
    OK ch=6 v=0.2496
    OK ch=1 v=0.2673
    OK ch=3 v=0.2566
    OK ch=7 v=0.2490
    OK ch=2 v=0.2387
    OK ch=4 v=0.2579
    OK ch=6 v=0.2502
    OK ch=1 v=0.2477
    OK ch=3 v=0.2559
    OK ch=5 v=0.2402
    OK ch=7 v=0.2542
    OK ch=0 v=0.2458
    OK ch=2 v=0.2437
    OK ch=4 v=0.2341
    OK ch=1 v=0.2658
    OK ch=3 v=0.2553
    OK ch=7 v=0.2531
    OK ch=0 v=0.2520
    OK ch=2 v=0.2576
    OK ch=4 v=0.2700
    OK ch=6 v=0.2497
    OK ch=1 v=0.2724
    OK ch=3 v=0.2559
    OK ch=5 v=0.2439
    OK ch=7 v=0.2525
    OK ch=0 v=0.2490
    OK ch=2 v=0.2587
    OK ch=4 v=0.2311
    OK ch=6 v=0.2512
    OK ch=1 v=0.2346
    OK ch=3 v=0.2452
    OK ch=5 v=0.2414
    OK ch=0 v=0.2555
    OK ch=4 v=0.2696
    OK ch=6 v=0.2491
    OK ch=1 v=0.2390
    OK ch=3 v=0.2393
    OK ch=7 v=0.2510
    OK ch=0 v=0.2466
    OK ch=2 v=0.2648
    OK ch=4 v=0.2305
    OK ch=6 v=0.2501
    OK ch=1 v=0.2377
    OK ch=3 v=0.2493
    OK ch=5 v=0.2381
    OK ch=7 v=0.2501
    OK ch=0 v=0.2558
    OK ch=2 v=0.2684
    OK ch=4 v=0.2684
    OK ch=1 v=0.2748
    OK ch=3 v=0.2602
    OK ch=5 v=0.2389
    OK ch=7 v=0.2519
    OK ch=0 v=0.2491
    OK ch=2 v=0.2822
    OK ch=4 v=0.2351
    OK ch=6 v=0.2489
    OK ch=1 v=0.2812
    OK ch=3 v=0.2554
    OK ch=5 v=0.2370
    OK ch=7 v=0.2512
    OK ch=0 v=0.2524
    OK ch=2 v=0.2725
    OK ch=4 v=0.2704
    OK ch=1 v=0.2547
    OK ch=5 v=0.2411
    OK ch=7 v=0.2527
    OK ch=0 v=0.2491
    OK ch=2 v=0.2464
    OK ch=4 v=0.2315
    OK ch=1 v=0.2266
    OK ch=3 v=0.2495
    OK ch=0 v=0.2508
    OK ch=2 v=0.2188
    OK ch=4 v=0.2580
    OK ch=6 v=0.2498
    OK ch=1 v=0.2553
    OK ch=3 v=0.2517
    OK ch=5 v=0.2400
    OK ch=2 v=0.2105
    OK ch=4 v=0.2548
    OK ch=6 v=0.2512
    OK ch=1 v=0.2671
    OK ch=3 v=0.2533
    OK ch=7 v=0.2512
    OK ch=0 v=0.2471
    OK ch=2 v=0.2192
    OK ch=4 v=0.2337
    OK ch=6 v=0.2503
    OK ch=1 v=0.2520
    OK ch=5 v=0.2379
    OK ch=7 v=0.2525
    OK ch=0 v=0.2527
    OK ch=2 v=0.2372
    OK ch=4 v=0.2678
    OK ch=1 v=0.2690
    OK ch=3 v=0.2502
    OK ch=5 v=0.2410
    OK ch=0 v=0.2478
    OK ch=2 v=0.2542
    OK ch=4 v=0.2309
    OK ch=6 v=0.2492
    OK ch=1 v=0.2548
    OK ch=3 v=0.2549
    OK ch=5 v=0.2385
    OK ch=7 v=0.2536
    OK ch=0 v=0.2525
    OK ch=4 v=0.2706
    OK ch=6 v=0.2497
    OK ch=1 v=0.2423
    OK ch=3 v=0.2477
    OK ch=5 v=0.2412
    OK ch=7 v=0.2520
    OK ch=0 v=0.2479
    OK ch=2 v=0.2645
    OK ch=4 v=0.2336
    OK ch=1 v=0.2715
    OK ch=3 v=0.2617
    OK ch=5 v=0.2386
    OK ch=0 v=0.2521
    OK ch=2 v=0.2523
    OK ch=4 v=0.2656
    OK ch=6 v=0.2508
    OK ch=1 v=0.2582
    OK ch=3 v=0.2520
    OK ch=5 v=0.2394
    OK ch=7 v=0.2530
    OK ch=0 v=0.2485
    OK ch=2 v=0.2618
    OK ch=4 v=0.2360
    OK ch=1 v=0.2613
    OK ch=3 v=0.2457
    OK ch=7 v=0.2506
    OK ch=0 v=0.2514
    OK ch=2 v=0.2692
    OK ch=4 v=0.2595
    OK ch=1 v=0.2476
    OK ch=3 v=0.2471
    OK ch=5 v=0.2401
    OK ch=0 v=0.2490
    OK ch=2 v=0.2791
    OK ch=4 v=0.2509
    OK ch=6 v=0.2500
    OK ch=1 v=0.2426
    OK ch=3 v=0.2517
    OK ch=5 v=0.2407
    OK ch=7 v=0.2537
    OK ch=0 v=0.2465
    OK ch=2 v=0.2781
    OK ch=4 v=0.2442
    OK ch=6 v=0.2490
    OK ch=1 v=0.2706
    OK ch=3 v=0.2583
    OK ch=5 v=0.2398
    OK ch=7 v=0.2524
    OK ch=0 v=0.2473
    OK ch=2 v=0.2586
    OK ch=4 v=0.2509
    OK ch=6 v=0.2484
    OK ch=1 v=0.2361
    OK ch=3 v=0.2500
    OK ch=7 v=0.2532
    OK ch=0 v=0.2505
    OK ch=2 v=0.2269
    OK ch=4 v=0.2537

Stopped by user.
    ,558,522,765,735
Returning DAC outputs to bias voltages...
    OK ch=6 v=0.2493
    OK ch=1 v=0.2500
    OK ch=3 v=0.2500
    OK ch=5 v=0.2500
    OK ch=7 v=0.2500
    OK ch=0 v=0.2500
    OK ch=2 v=0.2500
    OK ch=4 v=0.2500
Connection closed.
Log saved to data/20260804_140508_fast_lock.csv
