Connected on /dev/cu.usbserial-1120 at 115200 baud (fire-and-forget)

  v6.1: continuous multisine, 4 coils, 16 bins, 4 rotation passes
  20s settle + 120s record per pass -> 9 min total. Nothing is damping.
  bins: [0.3, 0.358, 0.425, 0.5, 0.6, 0.708, 0.842, 1.008, 1.192, 1.417, 1.683, 2.008, 2.383, 2.833, 3.367, 4.0] Hz
  Press Enter to start (Ctrl+C to stop)...   raw samples -> data/20260804_113117_v61_multisine4_raw.csv
  pass 1/4:
    coil 0 (DAC ch1) <- [0.3, 0.6, 1.192, 2.383] Hz
    coil 1 (DAC ch3) <- [0.358, 0.708, 1.417, 2.833] Hz
    coil 2 (DAC ch5) <- [0.425, 0.842, 1.683, 3.367] Hz
    coil 3 (DAC ch7) <- [0.5, 1.008, 2.008, 4.0] Hz
    27161 samples, 14.8 Hz effective
    !! railed: ch2
  pass 2/4:
    coil 0 (DAC ch1) <- [0.358, 0.708, 1.417, 2.833] Hz
    coil 1 (DAC ch3) <- [0.425, 0.842, 1.683, 3.367] Hz
    coil 2 (DAC ch5) <- [0.5, 1.008, 2.008, 4.0] Hz
    coil 3 (DAC ch7) <- [0.3, 0.6, 1.192, 2.383] Hz
    30226 samples, 251.9 Hz effective
    !! railed: ch0, ch2
  pass 3/4:
    coil 0 (DAC ch1) <- [0.425, 0.842, 1.683, 3.367] Hz
    coil 1 (DAC ch3) <- [0.5, 1.008, 2.008, 4.0] Hz
    coil 2 (DAC ch5) <- [0.3, 0.6, 1.192, 2.383] Hz
    coil 3 (DAC ch7) <- [0.358, 0.708, 1.417, 2.833] Hz
    30255 samples, 252.1 Hz effective
    !! railed: ch2
  pass 4/4:
    coil 0 (DAC ch1) <- [0.5, 1.008, 2.008, 4.0] Hz
    coil 1 (DAC ch3) <- [0.3, 0.6, 1.192, 2.383] Hz
    coil 2 (DAC ch5) <- [0.358, 0.708, 1.417, 2.833] Hz
    coil 3 (DAC ch7) <- [0.425, 0.842, 1.683, 3.367] Hz
    30213 samples, 251.8 Hz effective
    !! railed: ch2

========================================================================

  0.300 Hz    magnitude (V/V), phase (deg)
          coil 0               coil 1               coil 2               coil 3             
   ch0   4711.8102 / -121.4    0.9717 /  -45.1    0.9814 / +174.7        --  railed
   ch1   5154.4140 / -121.0    0.3527 / -171.2    0.2198 / -151.0    0.1204 /   +6.8
   ch2         --  railed        --  railed        --  railed        --  railed
   ch3   5187.6653 / -120.9    0.3940 /  -30.8    0.2231 /  +58.7    0.5253 / +175.5

  0.358 Hz    magnitude (V/V), phase (deg)
          coil 0               coil 1               coil 2               coil 3             
   ch0         --  railed   67.1919 / -178.2    0.4876 / -150.1    0.2718 /   -3.3
   ch1     0.3632 / +163.6   73.1290 / -179.0    0.2973 / -173.9    0.0615 /  -52.4
   ch2         --  railed        --  railed        --  railed        --  railed
   ch3     0.0631 /   -8.7   73.5260 / -179.2    0.4354 /   -2.2    0.1634 / +159.8

  0.425 Hz    magnitude (V/V), phase (deg)
          coil 0               coil 1               coil 2               coil 3             
   ch0     0.7738 / -134.7        --  railed   63.6914 / -177.5    0.1225 / -137.3
   ch1     0.3196 / -138.0    0.3673 / -166.1   68.7708 / -178.6    0.0951 / -141.7
   ch2         --  railed        --  railed        --  railed        --  railed
   ch3     0.1543 /  +96.4    0.2255 / +102.5   69.0282 / -178.8    0.1367 / -138.0

  0.500 Hz    magnitude (V/V), phase (deg)
          coil 0               coil 1               coil 2               coil 3             
   ch0     1.0957 / -163.4    0.7517 / -101.4        --  railed   68.1749 / +179.9
   ch1     0.4343 / -167.3    0.5846 / -110.1    0.1169 /   +0.5   74.6535 / +179.7
   ch2         --  railed        --  railed        --  railed        --  railed
   ch3     0.1968 /  +20.8    0.4926 / +113.7    0.1027 /  +74.3   75.1426 / +179.6

  0.600 Hz    magnitude (V/V), phase (deg)
          coil 0               coil 1               coil 2               coil 3             
   ch0   2950.0729 / +123.4    0.8397 / +177.8    0.9537 /  -81.3        --  railed
   ch1   3205.8963 / +124.3    0.6212 / +172.6    0.6925 / -101.0    0.6847 / +146.0
   ch2         --  railed        --  railed        --  railed        --  railed
   ch3   3221.7244 / +124.5    0.4034 /  -51.6    0.7955 /  +65.9    0.6535 /  -64.1

  0.708 Hz    magnitude (V/V), phase (deg)
          coil 0               coil 1               coil 2               coil 3             
   ch0         --  railed   66.1052 / -179.5    6.8130 / -164.2   10.6282 /   +6.6
   ch1     5.6387 / -160.2   72.4102 / -179.4    4.1697 / -172.8    6.0539 /   -3.5
   ch2         --  railed        --  railed        --  railed        --  railed
   ch3     4.4391 /  +18.4   72.9449 / -179.3    3.7477 /   +8.0    5.2367 / +179.9

  0.842 Hz    magnitude (V/V), phase (deg)
          coil 0               coil 1               coil 2               coil 3             
   ch0     1.5007 /  +44.0        --  railed   62.0714 / -179.7    4.0068 / -120.2
   ch1     1.1018 /  +36.0    2.6448 / +102.0   67.9861 / -180.0    2.2756 / -129.8
   ch2         --  railed        --  railed        --  railed        --  railed
   ch3     1.3896 / -137.2    1.8264 /  -95.6   68.4570 / +180.0    0.9449 /  +52.6

  1.008 Hz    magnitude (V/V), phase (deg)
          coil 0               coil 1               coil 2               coil 3             
   ch0    19.4333 /  +64.5    8.9856 /  +61.3        --  railed   68.6668 / +178.5
   ch1     7.6157 /  +56.3    3.3761 /  +55.4    7.0524 /  -99.1   74.9676 / +179.1
   ch2         --  railed        --  railed        --  railed        --  railed
   ch3     7.2605 /  +63.2    2.4567 /  +55.7    7.9021 /  -83.6   75.4179 / +179.2

  1.192 Hz    magnitude (V/V), phase (deg)
          coil 0               coil 1               coil 2               coil 3             
   ch0   2420.3253 / +164.8    1.3891 /  +57.0    0.2476 / -172.5        --  railed
   ch1   2639.7530 / +165.5    0.4026 /  +47.1    0.2196 / -158.6    0.1741 / -118.5
   ch2         --  railed        --  railed        --  railed        --  railed
   ch3   2655.2075 / +165.7    0.4546 / -148.4    0.8702 / -142.3    0.5317 / +119.4

  1.417 Hz    magnitude (V/V), phase (deg)
          coil 0               coil 1               coil 2               coil 3             
   ch0         --  railed   65.9270 / +178.9    0.4344 /  -37.0    1.7654 /  -83.9
   ch1     0.5885 /  +41.8   72.1768 / +179.3    0.3402 / -149.7    0.6738 / -140.0
   ch2         --  railed        --  railed        --  railed        --  railed
   ch3     0.2594 /  +38.8   72.6481 / +179.3    0.5060 / -137.2    0.1901 / +152.3

  1.683 Hz    magnitude (V/V), phase (deg)
          coil 0               coil 1               coil 2               coil 3             
   ch0     4.4955 /  +23.4        --  railed   63.0140 / -178.7    1.9098 / -134.2
   ch1     1.4298 / -121.0    2.7274 /  +47.6   68.8058 / -179.2    2.6823 /  +42.2
   ch2         --  railed        --  railed        --  railed        --  railed
   ch3     1.4207 / -113.8    2.5355 /  +57.8   69.2384 / -179.3    3.0390 /  +46.2

  2.008 Hz    magnitude (V/V), phase (deg)
          coil 0               coil 1               coil 2               coil 3             
   ch0     6.4410 / +125.7    2.3857 / +109.6        --  railed   68.1240 / -179.9
   ch1     0.0719 /  +52.5    0.4639 /  +44.8    0.1509 /  +34.8   74.6035 / -179.8
   ch2         --  railed        --  railed        --  railed        --  railed
   ch3     0.7229 /  -52.7    0.1641 /   +6.4    0.1582 /  -76.2   75.0943 / -179.7

  2.383 Hz    magnitude (V/V), phase (deg)
          coil 0               coil 1               coil 2               coil 3             
   ch0   1488.1159 / -162.4    0.3767 /  -50.8    0.6708 / -159.1        --  railed
   ch1   1566.7994 / -162.5    0.3897 /  +13.3    0.1587 /  +27.0    0.3687 /  +47.8
   ch2         --  railed        --  railed        --  railed        --  railed
   ch3   1564.5137 / -162.5    0.3291 /  +32.7    0.2561 /   +8.3    0.5743 /   -8.9

  2.833 Hz    magnitude (V/V), phase (deg)
          coil 0               coil 1               coil 2               coil 3             
   ch0         --  railed   65.4751 / +178.8    0.2598 / -110.6    0.1932 / -163.0
   ch1     0.1273 /  +27.2   71.4547 / +179.5    0.0320 /  +68.0    0.0936 /  +45.1
   ch2         --  railed        --  railed        --  railed        --  railed
   ch3     0.1523 /  +34.4   71.8767 / +179.6    0.0854 /  +52.9    0.2295 /  +27.7

  3.367 Hz    magnitude (V/V), phase (deg)
          coil 0               coil 1               coil 2               coil 3             
   ch0     0.7254 /  +47.2        --  railed   62.8059 / -179.4    0.2778 / +113.9
   ch1     0.0523 /  -59.7    0.1687 / +169.1   67.6844 / +179.5    0.0701 / +118.9
   ch2         --  railed        --  railed        --  railed        --  railed
   ch3     0.0173 /  +10.6    0.2766 / +152.6   67.9116 / +179.2    0.1537 /  +42.8

  4.000 Hz    magnitude (V/V), phase (deg)
          coil 0               coil 1               coil 2               coil 3             
   ch0     0.7759 /  +29.9    0.2108 / +170.3        --  railed   68.7106 / +179.0
   ch1     0.0354 /  -14.7    0.1280 /  +40.9    0.3073 /   +1.9   73.7807 / -179.8
   ch2         --  railed        --  railed        --  railed        --  railed
   ch3     0.0262 /  +23.5    0.0604 /  +67.2    0.3408 /   -5.7   73.9691 / -179.6

========================================================================
  RANK CHECK -- 4 coils should drive 2 DOF
  no frequency had all channels clean -- nothing to check.

  per frequency (diagnostic only -- rank drops to 1 near a resonance,
  where one mode dominates, and that is correct rather than a fault):

  saved data/20260804_120910_v61_multisine4.json

  raw data: 138205 samples -> data/20260804_113117_v61_multisine4_raw.csv
Connection closed. 99808 DAC writes.
