
  preflight: opening /dev/cu.usbserial-1120 (the board resets on open, ~2s)...
Connected on /dev/cu.usbserial-1120 at 500000 baud
Connection closed.
  preflight OK -- sketch answered READY.

  osem.v12   fixes claimed: saturation-latch, rail-threshold, runaway-baseline, auto-disable, fast-refault, fast-calib, warm-restart, runaway-trend, bias-trim, soft-saturation, baseline-floor, sat-window, fast-transport, sample-guard, decimate, persist-baseline   calibration: up to 20s
  channels driving: ch0,ch1,ch2,ch3,ch4,ch5,ch6,ch7 of 8
  steady    -0.0350  -0.0350  +0.0350  -0.0350  +0.0000  +0.0000  +0.0000  +0.0000
  capture   -0.0350  -0.0350  +0.0350  -0.0350  +0.0000  +0.0000  +0.0000  +0.0000
  ki        -0.0060  -0.0060  +0.0060  -0.0060  +0.0000  +0.0000  +0.0000  +0.0000
  kd        -0.0004  -0.0004  +0.0004  -0.0004  +0.0000  +0.0000  +0.0000  +0.0000
  coil map: [1, 3, 5, 7, 0, 2, 4, 6]
  logging to ./data/ (cwd is /Users/gojira/Documents/GitHub.nosync/ligo)


stored baseline: /Users/gojira/Documents/GitHub.nosync/ligo/data/baseline.json
  written by v12 at 2026-08-06T13:28:02+00:00, 162s ago
  REFUSED -- `bias` differs: file [0.25, 0.75, 0.25, 1.25, 0.25, 0.25, 0.25, 0.25], this build [0.25, 0.25, 0.25, 0.25, 0.25, 0.25, 0.25, 0.25]. Calibrating from scratch (up to 20s).

Connected on /dev/cu.usbserial-1120 at 500000 baud (fire-and-forget, ascii, ack off)
DAC biases set. stdin is not a tty -- starting without the prompt.
Logging to data/20260806_190046_fast_lock.csv, every raw sample, control step at 100 Hz (`ctl`/`n_avg` mark which samples each step averaged).

[CALIBRATING] measuring baseline noise (outputs held at bias, no damping yet). This stops as soon as the floor settles, and after 20s at the latest...

[    0.0s] CALIBRATING --/100Hz ch0:.... g=+0.0000 bp=+0.000V ratio=0.00  ch1:.... g=+0.0000 bp=+0.000V ratio=0.00  ch2:.... g=+0.0000 bp=+0.000V ratio=0.00  ch3:.... g=+0.0000 bp=+0.000V ratio=0.00  ch4:.... g=+0.0000 bp=+0.000V ratio=0.00  ch5:.... g=+0.0000 bp=+0.000V ratio=0.00  ch6:.... g=+0.0000 bp=+0.000V ratio=0.00  ch7:.... g=+0.0000 bp=+0.000V ratio=0.00
[    5.0s] CALIBRATING 1113/100Hz avg10 ch0:.... g=+0.0000 bp=+0.165V ratio=0.00  ch1:.... g=+0.0000 bp=+0.079V ratio=0.00  ch2:.... g=+0.0000 bp=+0.194V ratio=0.00  ch3:.... g=+0.0000 bp=+0.048V ratio=0.00  ch4:.... g=+0.0000 bp=+0.001V ratio=0.00  ch5:.... g=+0.0000 bp=-0.108V ratio=0.00  ch6:.... g=+0.0000 bp=-0.002V ratio=0.00  ch7:.... g=+0.0000 bp=-0.002V ratio=0.00
[   10.0s] CALIBRATING 1113/100Hz avg12 ch0:.... g=+0.0000 bp=+0.070V ratio=0.00  ch1:.... g=+0.0000 bp=+0.088V ratio=0.00  ch2:.... g=+0.0000 bp=+0.277V ratio=0.00  ch3:.... g=+0.0000 bp=+0.120V ratio=0.00  ch4:.... g=+0.0000 bp=+0.002V ratio=0.00  ch5:.... g=+0.0000 bp=-0.095V ratio=0.00  ch6:.... g=+0.0000 bp=-0.001V ratio=0.00  ch7:.... g=+0.0000 bp=-0.003V ratio=0.00
[   15.0s] CALIBRATING 1113/100Hz avg11 ch0:.... g=+0.0000 bp=+0.246V ratio=0.00  ch1:.... g=+0.0000 bp=+0.137V ratio=0.00  ch2:.... g=+0.0000 bp=+0.151V ratio=0.00  ch3:.... g=+0.0000 bp=+0.050V ratio=0.00  ch4:.... g=+0.0000 bp=+0.000V ratio=0.00  ch5:.... g=+0.0000 bp=-0.124V ratio=0.00  ch6:.... g=+0.0000 bp=-0.001V ratio=0.00  ch7:.... g=+0.0000 bp=-0.001V ratio=0.00

[baseline] written to /Users/gojira/Documents/GitHub.nosync/ligo/data/baseline.json -- the next start-up engages in ~2s instead of 20s, if nothing in the fingerprint or the room has moved.


[DAMPING] baseline set in 20.0s (ran the full 20s ceiling -- the floor never settled, median of sub-windows used): ch0=0.1677V, ch1=0.0719V, ch2=0.2499V, ch3=0.0585V, ch4=0.0022V, ch5=0.0911V, ch6=0.0027V, ch7=0.0012V. Gain schedules -0.035 -> -0.035...


!! ch4, ch6, ch7 demoted -- baseline 0.0022 / 0.0027 / 0.0012V, under 10% of the 0.0652V median across enabled channels. That sensor is not measuring the optic, so a ratio against it is a ratio against nothing -- held at bias and out of the interlocks. 5/8 still damping.

[   20.0s] DAMPING     1111/100Hz avg1 ch0:.... g=-0.0005 bp=+0.240V ratio=1.43  ch1:.... g=-0.0005 bp=+0.019V ratio=0.26  ch2:.... g=+0.0005 bp=+0.497V ratio=1.99  ch3:.... g=-0.0005 bp=+0.076V ratio=1.31  ch4:NOSIG bp=-0.003V base=0.0022V  ch5:.... g=+0.0000 bp=-0.078V ratio=0.86  ch6:NOSIG bp=+0.001V base=0.0027V  ch7:NOSIG bp=-0.004V base=0.0012V
[   25.0s] DAMPING     1091/100Hz avg10 ch0:.... g=-0.0350 bp=+0.003V ratio=0.15  ch1:.... g=-0.0350 bp=+0.004V ratio=0.16  ch2:.... g=+0.0350 bp=-0.028V ratio=0.22  ch3:.... g=-0.0350 bp=-0.011V ratio=0.22  ch4:NOSIG bp=-0.004V base=0.0022V  ch5:.... g=+0.0000 bp=-0.129V ratio=1.03  ch6:NOSIG bp=-0.005V base=0.0027V  ch7:NOSIG bp=-0.002V base=0.0012V
[   30.0s] DAMPING     1077/100Hz avg10 ch0:.... g=-0.0350 bp=+0.005V ratio=0.05  ch1:.... g=-0.0350 bp=+0.003V ratio=0.04  ch2:.... g=+0.0350 bp=-0.005V ratio=0.01  ch3:.... g=-0.0350 bp=-0.001V ratio=0.04  ch4:NOSIG bp=+0.004V base=0.0022V  ch5:.... g=+0.0000 bp=-0.123V ratio=1.02  ch6:NOSIG bp=+0.000V base=0.0027V  ch7:NOSIG bp=-0.001V base=0.0012V

[trim] ch3 rests at 678 counts (+167 off mid-scale) -- bias -> 0.50V

[   35.0s] DAMPING     1067/100Hz avg10 ch0:LOCK g=-0.0350 bp=-0.010V ratio=0.04  ch1:LOCK g=-0.0350 bp=-0.002V ratio=0.03  ch2:LOCK g=+0.0350 bp=-0.000V ratio=0.01  ch3:LOCK g=-0.0350 bp=+0.005V ratio=0.03  ch4:NOSIG bp=+0.001V base=0.0022V  ch5:.... g=+0.0000 bp=-0.127V ratio=1.02  ch6:NOSIG bp=+0.001V base=0.0027V  ch7:NOSIG bp=-0.002V base=0.0012V
[   40.0s] DAMPING     1059/100Hz avg9 ch0:LOCK g=-0.0350 bp=+0.017V ratio=0.08  ch1:LOCK g=-0.0350 bp=+0.008V ratio=0.11  ch2:LOCK g=+0.0350 bp=-0.020V ratio=0.10  ch3:.... g=-0.0350 bp=-0.006V ratio=0.13  ch4:NOSIG bp=+0.000V base=0.0022V  ch5:.... g=+0.0000 bp=-0.111V ratio=0.97  ch6:NOSIG bp=-0.002V base=0.0027V  ch7:NOSIG bp=+0.000V base=0.0012V
[   45.0s] DAMPING     1053/100Hz avg10 ch0:LOCK g=-0.0350 bp=-0.007V ratio=0.05  ch1:LOCK g=-0.0350 bp=+0.002V ratio=0.13  ch2:LOCK g=+0.0350 bp=+0.003V ratio=0.03  ch3:.... g=-0.0350 bp=-0.001V ratio=0.04  ch4:NOSIG bp=-0.002V base=0.0022V  ch5:.... g=+0.0000 bp=-0.111V ratio=0.94  ch6:NOSIG bp=+0.001V base=0.0027V  ch7:NOSIG bp=+0.001V base=0.0012V
[   50.0s] DAMPING     1048/100Hz avg10 ch0:LOCK g=-0.0350 bp=-0.006V ratio=0.04  ch1:LOCK g=-0.0350 bp=+0.000V ratio=0.04  ch2:LOCK g=+0.0350 bp=+0.006V ratio=0.02  ch3:LOCK g=-0.0350 bp=+0.002V ratio=0.05  ch4:NOSIG bp=-0.001V base=0.0022V  ch5:.... g=+0.0000 bp=-0.096V ratio=0.95  ch6:NOSIG bp=-0.001V base=0.0027V  ch7:NOSIG bp=-0.001V base=0.0012V

[trim] ch3 kept at 0.50V -- total offset 1191 -> 1168 counts.


[trim] ch3 rests at 666 counts (+154 off mid-scale) -- bias -> 0.75V

[   55.0s] DAMPING     1045/100Hz avg10 ch0:LOCK g=-0.0350 bp=+0.021V ratio=0.11  ch1:LOCK g=-0.0350 bp=+0.012V ratio=0.12  ch2:LOCK g=+0.0350 bp=-0.017V ratio=0.09  ch3:.... g=-0.0350 bp=-0.001V ratio=0.16  ch4:NOSIG bp=-0.000V base=0.0022V  ch5:.... g=+0.0000 bp=-0.074V ratio=0.90  ch6:NOSIG bp=-0.005V base=0.0027V  ch7:NOSIG bp=-0.001V base=0.0012V
[   60.0s] DAMPING     1042/100Hz avg10 ch0:LOCK g=-0.0350 bp=-0.012V ratio=0.07  ch1:LOCK g=-0.0350 bp=+0.000V ratio=0.05  ch2:LOCK g=+0.0350 bp=+0.002V ratio=0.03  ch3:.... g=-0.0350 bp=+0.003V ratio=0.07  ch4:NOSIG bp=-0.002V base=0.0022V  ch5:.... g=+0.0000 bp=-0.067V ratio=0.90  ch6:NOSIG bp=+0.005V base=0.0027V  ch7:NOSIG bp=-0.000V base=0.0012V
[   65.0s] DAMPING     1039/100Hz avg10 ch0:LOCK g=-0.0350 bp=+0.005V ratio=0.06  ch1:LOCK g=-0.0350 bp=+0.001V ratio=0.04  ch2:LOCK g=+0.0350 bp=+0.008V ratio=0.03  ch3:LOCK g=-0.0350 bp=+0.006V ratio=0.05  ch4:NOSIG bp=+0.004V base=0.0022V  ch5:.... g=+0.0000 bp=-0.036V ratio=0.90  ch6:NOSIG bp=-0.003V base=0.0027V  ch7:NOSIG bp=+0.000V base=0.0012V

[trim] ch3 kept at 0.75V -- total offset 1168 -> 1149 counts.


[trim] ch3 rests at 652 counts (+140 off mid-scale) -- bias -> 1.00V

[   70.0s] DAMPING     1037/100Hz avg9 ch0:LOCK g=-0.0350 bp=+0.014V ratio=0.06  ch1:LOCK g=-0.0350 bp=+0.001V ratio=0.06  ch2:LOCK g=+0.0350 bp=+0.012V ratio=0.05  ch3:LOCK g=-0.0350 bp=+0.001V ratio=0.13  ch4:NOSIG bp=-0.001V base=0.0022V  ch5:.... g=+0.0000 bp=-0.024V ratio=0.90  ch6:NOSIG bp=-0.003V base=0.0027V  ch7:NOSIG bp=+0.000V base=0.0012V
[   75.0s] DAMPING     1035/100Hz avg10 ch0:LOCK g=-0.0350 bp=+0.010V ratio=0.06  ch1:LOCK g=-0.0350 bp=+0.003V ratio=0.04  ch2:LOCK g=+0.0350 bp=+0.007V ratio=0.02  ch3:LOCK g=-0.0350 bp=+0.002V ratio=0.03  ch4:NOSIG bp=-0.000V base=0.0022V  ch5:.... g=+0.0000 bp=+0.006V ratio=0.90  ch6:NOSIG bp=+0.003V base=0.0027V  ch7:NOSIG bp=+0.000V base=0.0012V
[   80.0s] DAMPING     1033/100Hz avg11 ch0:LOCK g=-0.0350 bp=-0.007V ratio=0.05  ch1:LOCK g=-0.0350 bp=-0.000V ratio=0.04  ch2:LOCK g=+0.0350 bp=+0.002V ratio=0.02  ch3:LOCK g=-0.0350 bp=-0.000V ratio=0.04  ch4:NOSIG bp=+0.001V base=0.0022V  ch5:.... g=+0.0000 bp=+0.016V ratio=0.90  ch6:NOSIG bp=+0.002V base=0.0027V  ch7:NOSIG bp=+0.001V base=0.0012V

[trim] ch3 reverted to 0.75V and frozen -- total offset 1149 -> 1151 counts.

[   85.0s] DAMPING     1032/100Hz avg10 ch0:LOCK g=-0.0350 bp=+0.012V ratio=0.06  ch1:LOCK g=-0.0350 bp=+0.006V ratio=0.06  ch2:LOCK g=+0.0350 bp=+0.004V ratio=0.03  ch3:LOCK g=-0.0350 bp=+0.001V ratio=0.06  ch4:NOSIG bp=-0.004V base=0.0022V  ch5:.... g=+0.0000 bp=+0.048V ratio=0.91  ch6:NOSIG bp=-0.007V base=0.0027V  ch7:NOSIG bp=-0.000V base=0.0012V

!! ch2 railed -- held at bias, 4/8 still damping.


!! ch0 railed -- held at bias, 3/8 still damping.


!! ch3 runaway -- freezing all channels, entering FAULT.

[   90.0s] FAULT       1031/100Hz avg10 ch0:DOWN bp=+0.991V  ch1:.... g=+0.0000 bp=+0.993V ratio=9.14  ch2:DOWN bp=+1.531V  ch3:.... g=+0.0000 bp=+1.009V ratio=11.96  ch4:NOSIG bp=-0.457V base=0.0022V  ch5:.... g=+0.0000 bp=+0.362V ratio=7.12  ch6:NOSIG bp=-0.850V base=0.0027V  ch7:NOSIG bp=-0.325V base=0.0012V

[recovered] re-engaging on the baseline already in hand -- the previous engagement was healthy, so this baseline is known good and the fault was a transient -- measuring a new floor now would measure the ringdown (1/4 before a forced re-calibration). Gain ramps from zero. ch4, ch6, ch7 stays demoted -- same baseline, same verdict.

[   95.0s] DAMPING     1034/100Hz avg10 ch0:.... g=-0.0094 bp=-1.873V ratio=6.46  ch1:.... g=-0.0094 bp=-0.632V ratio=10.28  ch2:.... g=+0.0094 bp=-1.003V ratio=3.51  ch3:.... g=-0.0094 bp=-0.455V ratio=12.76  ch4:NOSIG bp=-0.001V base=0.0022V  ch5:.... g=+0.0000 bp=-0.246V ratio=4.45  ch6:NOSIG bp=-0.031V base=0.0027V  ch7:NOSIG bp=-0.011V base=0.0012V

[trim] ch0 rests at 675 counts (+163 off mid-scale) -- bias -> 0.50V

[  100.0s] DAMPING     1032/100Hz avg10 ch0:.... g=-0.0350 bp=-0.127V ratio=3.79  ch1:.... g=-0.0350 bp=+0.062V ratio=3.60  ch2:.... g=+0.0350 bp=-0.900V ratio=2.36  ch3:.... g=-0.0350 bp=-0.017V ratio=6.85  ch4:NOSIG bp=+0.000V base=0.0022V  ch5:.... g=+0.0000 bp=+0.125V ratio=3.34  ch6:NOSIG bp=+0.019V base=0.0027V  ch7:NOSIG bp=+0.010V base=0.0012V
[  105.0s] DAMPING     1030/100Hz avg10 ch0:.... g=-0.0350 bp=-0.027V ratio=0.60  ch1:.... g=-0.0350 bp=+0.057V ratio=1.08  ch2:.... g=+0.0350 bp=-0.115V ratio=0.39  ch3:.... g=-0.0350 bp=-0.001V ratio=0.76  ch4:NOSIG bp=+0.000V base=0.0022V  ch5:.... g=+0.0000 bp=+0.031V ratio=3.22  ch6:NOSIG bp=-0.038V base=0.0027V  ch7:NOSIG bp=-0.005V base=0.0012V
[  110.0s] DAMPING     1029/100Hz avg10 ch0:.... g=-0.0350 bp=-0.037V ratio=0.18  ch1:.... g=-0.0350 bp=-0.024V ratio=0.22  ch2:.... g=+0.0350 bp=+0.006V ratio=0.16  ch3:.... g=-0.0350 bp=+0.008V ratio=0.22  ch4:NOSIG bp=+0.013V base=0.0022V  ch5:.... g=+0.0000 bp=-0.004V ratio=3.16  ch6:NOSIG bp=-0.010V base=0.0027V  ch7:NOSIG bp=-0.007V base=0.0012V

[trim] ch0 kept at 0.50V -- total offset 1216 -> 1105 counts.

[  115.0s] DAMPING     1028/100Hz avg11 ch0:LOCK g=-0.0350 bp=-0.011V ratio=0.09  ch1:.... g=-0.0350 bp=-0.009V ratio=0.13  ch2:LOCK g=+0.0350 bp=-0.040V ratio=0.12  ch3:.... g=-0.0350 bp=-0.009V ratio=0.11  ch4:NOSIG bp=+0.006V base=0.0022V  ch5:.... g=+0.0000 bp=-0.027V ratio=3.16  ch6:NOSIG bp=-0.023V base=0.0027V  ch7:NOSIG bp=-0.008V base=0.0012V
[  120.0s] DAMPING     1027/100Hz avg10 ch0:LOCK g=-0.0350 bp=-0.018V ratio=0.09  ch1:LOCK g=-0.0350 bp=-0.011V ratio=0.15  ch2:LOCK g=+0.0350 bp=-0.022V ratio=0.08  ch3:LOCK g=-0.0350 bp=-0.008V ratio=0.11  ch4:NOSIG bp=+0.000V base=0.0022V  ch5:.... g=+0.0000 bp=-0.049V ratio=3.14  ch6:NOSIG bp=+0.003V base=0.0027V  ch7:NOSIG bp=+0.004V base=0.0012V
[  125.0s] DAMPING     1026/100Hz avg11 ch0:LOCK g=-0.0350 bp=-0.011V ratio=0.08  ch1:LOCK g=-0.0350 bp=-0.004V ratio=0.12  ch2:LOCK g=+0.0350 bp=-0.024V ratio=0.09  ch3:LOCK g=-0.0350 bp=-0.003V ratio=0.09  ch4:NOSIG bp=+0.001V base=0.0022V  ch5:.... g=+0.0000 bp=-0.073V ratio=3.13  ch6:NOSIG bp=+0.015V base=0.0027V  ch7:NOSIG bp=+0.006V base=0.0012V

[trim] ch1 rests at 621 counts (+109 off mid-scale) -- bias -> 0.50V

[  130.0s] DAMPING     1025/100Hz avg10 ch0:LOCK g=-0.0350 bp=-0.036V ratio=0.12  ch1:.... g=-0.0350 bp=-0.011V ratio=0.15  ch2:LOCK g=+0.0350 bp=+0.006V ratio=0.17  ch3:.... g=-0.0350 bp=+0.012V ratio=0.20  ch4:NOSIG bp=-0.009V base=0.0022V  ch5:.... g=+0.0000 bp=-0.099V ratio=3.11  ch6:NOSIG bp=+0.007V base=0.0027V  ch7:NOSIG bp=-0.001V base=0.0012V
[  135.0s] DAMPING     1025/100Hz avg10 ch0:LOCK g=-0.0350 bp=+0.001V ratio=0.09  ch1:.... g=-0.0350 bp=-0.004V ratio=0.16  ch2:LOCK g=+0.0350 bp=-0.013V ratio=0.13  ch3:.... g=-0.0350 bp=-0.008V ratio=0.13  ch4:NOSIG bp=+0.008V base=0.0022V  ch5:.... g=+0.0000 bp=-0.118V ratio=3.07  ch6:NOSIG bp=-0.000V base=0.0027V  ch7:NOSIG bp=-0.003V base=0.0012V
[  140.0s] DAMPING     1024/100Hz avg9 ch0:LOCK g=-0.0350 bp=-0.011V ratio=0.10  ch1:LOCK g=-0.0350 bp=+0.003V ratio=0.18  ch2:LOCK g=+0.0350 bp=-0.007V ratio=0.10  ch3:LOCK g=-0.0350 bp=-0.009V ratio=0.10  ch4:NOSIG bp=-0.000V base=0.0022V  ch5:.... g=+0.0000 bp=-0.150V ratio=3.06  ch6:NOSIG bp=-0.000V base=0.0027V  ch7:NOSIG bp=+0.002V base=0.0012V

[trim] ch1 kept at 0.50V -- total offset 1102 -> 1096 counts.


[trim] ch1 rests at 605 counts (+93 off mid-scale) -- bias -> 0.75V

[  145.0s] DAMPING     1023/100Hz avg10 ch0:.... g=-0.0350 bp=+0.054V ratio=0.35  ch1:.... g=-0.0350 bp=+0.043V ratio=0.60  ch2:.... g=+0.0350 bp=+0.063V ratio=0.35  ch3:.... g=-0.0350 bp=+0.029V ratio=0.55  ch4:NOSIG bp=+0.003V base=0.0022V  ch5:.... g=+0.0000 bp=-0.167V ratio=3.03  ch6:NOSIG bp=-0.003V base=0.0027V  ch7:NOSIG bp=-0.002V base=0.0012V
[  150.0s] DAMPING     1023/100Hz avg10 ch0:.... g=-0.0350 bp=+0.021V ratio=0.13  ch1:.... g=-0.0350 bp=-0.004V ratio=0.29  ch2:.... g=+0.0350 bp=+0.042V ratio=0.11  ch3:.... g=-0.0350 bp=-0.018V ratio=0.32  ch4:NOSIG bp=-0.004V base=0.0022V  ch5:.... g=+0.0000 bp=-0.203V ratio=3.01  ch6:NOSIG bp=+0.003V base=0.0027V  ch7:NOSIG bp=+0.005V base=0.0012V
[  155.0s] DAMPING     1022/100Hz avg10 ch0:LOCK g=-0.0350 bp=+0.013V ratio=0.08  ch1:LOCK g=-0.0350 bp=-0.009V ratio=0.20  ch2:LOCK g=+0.0350 bp=+0.031V ratio=0.12  ch3:.... g=-0.0350 bp=-0.008V ratio=0.26  ch4:NOSIG bp=+0.000V base=0.0022V  ch5:.... g=+0.0000 bp=-0.223V ratio=2.99  ch6:NOSIG bp=+0.001V base=0.0027V  ch7:NOSIG bp=+0.004V base=0.0012V

[trim] ch1 reverted to 0.50V and frozen -- total offset 1096 -> 1120 counts.

[  160.0s] DAMPING     1022/100Hz avg10 ch0:LOCK g=-0.0350 bp=-0.001V ratio=0.12  ch1:LOCK g=-0.0350 bp=+0.008V ratio=0.15  ch2:LOCK g=+0.0350 bp=+0.016V ratio=0.12  ch3:LOCK g=-0.0350 bp=-0.003V ratio=0.18  ch4:NOSIG bp=-0.003V base=0.0022V  ch5:.... g=+0.0000 bp=-0.269V ratio=2.97  ch6:NOSIG bp=+0.003V base=0.0027V  ch7:NOSIG bp=+0.001V base=0.0012V
[  165.0s] DAMPING     1021/100Hz avg11 ch0:LOCK g=-0.0350 bp=+0.005V ratio=0.13  ch1:LOCK g=-0.0350 bp=+0.018V ratio=0.13  ch2:LOCK g=+0.0350 bp=+0.013V ratio=0.13  ch3:LOCK g=-0.0350 bp=+0.011V ratio=0.12  ch4:NOSIG bp=-0.009V base=0.0022V  ch5:.... g=+0.0000 bp=-0.309V ratio=2.96  ch6:NOSIG bp=+0.004V base=0.0027V  ch7:NOSIG bp=+0.005V base=0.0012V
[  170.0s] DAMPING     1021/100Hz avg11 ch0:LOCK g=-0.0350 bp=+0.011V ratio=0.11  ch1:LOCK g=-0.0350 bp=+0.018V ratio=0.16  ch2:LOCK g=+0.0350 bp=+0.026V ratio=0.11  ch3:LOCK g=-0.0350 bp=+0.011V ratio=0.14  ch4:NOSIG bp=-0.008V base=0.0022V  ch5:.... g=+0.0000 bp=-0.361V ratio=2.93  ch6:NOSIG bp=+0.004V base=0.0027V  ch7:NOSIG bp=+0.007V base=0.0012V

[trim] ch0 rests at 591 counts (+80 off mid-scale) -- bias -> 0.75V

[  175.0s] DAMPING     1020/100Hz avg11 ch0:LOCK g=-0.0350 bp=+0.012V ratio=0.12  ch1:LOCK g=-0.0350 bp=+0.007V ratio=0.15  ch2:LOCK g=+0.0350 bp=+0.030V ratio=0.09  ch3:LOCK g=-0.0350 bp=+0.005V ratio=0.14  ch4:NOSIG bp=-0.002V base=0.0022V  ch5:.... g=+0.0000 bp=-0.389V ratio=2.92  ch6:NOSIG bp=-0.002V base=0.0027V  ch7:NOSIG bp=+0.006V base=0.0012V
[  180.0s] DAMPING     1020/100Hz avg9 ch0:LOCK g=-0.0350 bp=-0.000V ratio=0.11  ch1:LOCK g=-0.0350 bp=+0.008V ratio=0.10  ch2:LOCK g=+0.0350 bp=+0.024V ratio=0.11  ch3:LOCK g=-0.0350 bp=+0.011V ratio=0.12  ch4:NOSIG bp=-0.003V base=0.0022V  ch5:.... g=+0.0000 bp=-0.399V ratio=2.92  ch6:NOSIG bp=-0.002V base=0.0027V  ch7:NOSIG bp=+0.006V base=0.0012V
[  185.0s] DAMPING     1020/100Hz avg10 ch0:LOCK g=-0.0350 bp=+0.022V ratio=0.12  ch1:LOCK g=-0.0350 bp=+0.019V ratio=0.11  ch2:LOCK g=+0.0350 bp=+0.024V ratio=0.10  ch3:LOCK g=-0.0350 bp=+0.013V ratio=0.13  ch4:NOSIG bp=-0.000V base=0.0022V  ch5:.... g=+0.0000 bp=-0.387V ratio=2.89  ch6:NOSIG bp=-0.000V base=0.0027V  ch7:NOSIG bp=+0.006V base=0.0012V

[trim] ch0 reverted to 0.50V and frozen -- total offset 1126 -> 1132 counts.

[  190.0s] DAMPING     1019/100Hz avg10 ch0:LOCK g=-0.0350 bp=-0.003V ratio=0.10  ch1:LOCK g=-0.0350 bp=+0.010V ratio=0.14  ch2:LOCK g=+0.0350 bp=+0.030V ratio=0.09  ch3:LOCK g=-0.0350 bp=+0.017V ratio=0.15  ch4:NOSIG bp=-0.002V base=0.0022V  ch5:.... g=+0.0000 bp=-0.388V ratio=2.90  ch6:NOSIG bp=+0.000V base=0.0027V  ch7:NOSIG bp=+0.012V base=0.0012V
[  195.0s] DAMPING     1019/100Hz avg10 ch0:LOCK g=-0.0350 bp=+0.028V ratio=0.10  ch1:LOCK g=-0.0350 bp=+0.013V ratio=0.13  ch2:LOCK g=+0.0350 bp=+0.029V ratio=0.08  ch3:LOCK g=-0.0350 bp=+0.009V ratio=0.12  ch4:NOSIG bp=+0.002V base=0.0022V  ch5:.... g=+0.0000 bp=-0.334V ratio=2.87  ch6:NOSIG bp=+0.002V base=0.0027V  ch7:NOSIG bp=+0.012V base=0.0012V
[  200.0s] DAMPING     1019/100Hz avg10 ch0:LOCK g=-0.0350 bp=-0.000V ratio=0.09  ch1:LOCK g=-0.0350 bp=-0.000V ratio=0.10  ch2:LOCK g=+0.0350 bp=+0.026V ratio=0.09  ch3:LOCK g=-0.0350 bp=+0.005V ratio=0.11  ch4:NOSIG bp=-0.002V base=0.0022V  ch5:.... g=+0.0000 bp=-0.274V ratio=2.85  ch6:NOSIG bp=+0.004V base=0.0027V  ch7:NOSIG bp=+0.018V base=0.0012V

[trim] ch5 rests at 565 counts (+53 off mid-scale) -- bias -> 0.50V

[  205.0s] DAMPING     1018/100Hz avg10 ch0:LOCK g=-0.0350 bp=+0.023V ratio=0.11  ch1:LOCK g=-0.0350 bp=+0.009V ratio=0.12  ch2:LOCK g=+0.0350 bp=+0.020V ratio=0.09  ch3:LOCK g=-0.0350 bp=+0.007V ratio=0.09  ch4:NOSIG bp=-0.008V base=0.0022V  ch5:.... g=+0.0000 bp=-0.148V ratio=2.69  ch6:NOSIG bp=-0.003V base=0.0027V  ch7:NOSIG bp=+0.013V base=0.0012V
[  210.0s] DAMPING     1018/100Hz avg11 ch0:LOCK g=-0.0350 bp=+0.020V ratio=0.10  ch1:LOCK g=-0.0350 bp=+0.007V ratio=0.12  ch2:LOCK g=+0.0350 bp=+0.019V ratio=0.08  ch3:LOCK g=-0.0350 bp=+0.011V ratio=0.10  ch4:NOSIG bp=-0.000V base=0.0022V  ch5:.... g=+0.0000 bp=-0.060V ratio=2.68  ch6:NOSIG bp=+0.004V base=0.0027V  ch7:NOSIG bp=+0.006V base=0.0012V
[  215.0s] DAMPING     1018/100Hz avg10 ch0:LOCK g=-0.0350 bp=+0.005V ratio=0.07  ch1:LOCK g=-0.0350 bp=+0.002V ratio=0.10  ch2:LOCK g=+0.0350 bp=+0.014V ratio=0.07  ch3:LOCK g=-0.0350 bp=+0.001V ratio=0.08  ch4:NOSIG bp=+0.007V base=0.0022V  ch5:.... g=+0.0000 bp=+0.010V ratio=2.68  ch6:NOSIG bp=-0.003V base=0.0027V  ch7:NOSIG bp=+0.004V base=0.0012V

[trim] ch5 reverted to 0.25V and frozen -- total offset 1135 -> 1139 counts.

[  220.0s] DAMPING     1017/100Hz avg11 ch0:LOCK g=-0.0350 bp=+0.010V ratio=0.08  ch1:LOCK g=-0.0350 bp=+0.004V ratio=0.08  ch2:LOCK g=+0.0350 bp=+0.018V ratio=0.07  ch3:LOCK g=-0.0350 bp=+0.005V ratio=0.10  ch4:NOSIG bp=-0.000V base=0.0022V  ch5:.... g=+0.0000 bp=+0.062V ratio=2.72  ch6:NOSIG bp=+0.006V base=0.0027V  ch7:NOSIG bp=+0.000V base=0.0012V
[  225.0s] DAMPING     1017/100Hz avg10 ch0:LOCK g=-0.0350 bp=+0.030V ratio=0.11  ch1:LOCK g=-0.0350 bp=+0.010V ratio=0.11  ch2:LOCK g=+0.0350 bp=+0.016V ratio=0.08  ch3:LOCK g=-0.0350 bp=+0.004V ratio=0.12  ch4:NOSIG bp=+0.002V base=0.0022V  ch5:.... g=+0.0000 bp=+0.139V ratio=2.70  ch6:NOSIG bp=-0.000V base=0.0027V  ch7:NOSIG bp=-0.008V base=0.0012V
[  230.0s] DAMPING     1017/100Hz avg10 ch0:LOCK g=-0.0350 bp=+0.019V ratio=0.09  ch1:LOCK g=-0.0350 bp=+0.004V ratio=0.10  ch2:LOCK g=+0.0350 bp=+0.012V ratio=0.09  ch3:LOCK g=-0.0350 bp=+0.004V ratio=0.13  ch4:NOSIG bp=+0.002V base=0.0022V  ch5:.... g=+0.0000 bp=+0.191V ratio=2.69  ch6:NOSIG bp=-0.002V base=0.0027V  ch7:NOSIG bp=-0.016V base=0.0012V
[  235.0s] DAMPING     1016/100Hz avg10 ch0:LOCK g=-0.0350 bp=+0.010V ratio=0.12  ch1:LOCK g=-0.0350 bp=-0.004V ratio=0.11  ch2:LOCK g=+0.0350 bp=+0.009V ratio=0.09  ch3:LOCK g=-0.0350 bp=+0.001V ratio=0.11  ch4:NOSIG bp=+0.003V base=0.0022V  ch5:.... g=+0.0000 bp=+0.255V ratio=2.76  ch6:NOSIG bp=-0.001V base=0.0027V  ch7:NOSIG bp=-0.016V base=0.0012V
[  240.0s] DAMPING     1016/100Hz avg10 ch0:LOCK g=-0.0350 bp=+0.025V ratio=0.10  ch1:LOCK g=-0.0350 bp=-0.000V ratio=0.10  ch2:LOCK g=+0.0350 bp=+0.006V ratio=0.08  ch3:LOCK g=-0.0350 bp=-0.001V ratio=0.12  ch4:NOSIG bp=+0.004V base=0.0022V  ch5:.... g=+0.0000 bp=+0.308V ratio=2.66  ch6:NOSIG bp=-0.002V base=0.0027V  ch7:NOSIG bp=-0.019V base=0.0012V
[  245.0s] DAMPING     1016/100Hz avg10 ch0:LOCK g=-0.0350 bp=+0.009V ratio=0.09  ch1:LOCK g=-0.0350 bp=-0.002V ratio=0.10  ch2:LOCK g=+0.0350 bp=-0.001V ratio=0.08  ch3:LOCK g=-0.0350 bp=-0.001V ratio=0.09  ch4:NOSIG bp=+0.006V base=0.0022V  ch5:.... g=+0.0000 bp=+0.346V ratio=2.65  ch6:NOSIG bp=-0.007V base=0.0027V  ch7:NOSIG bp=-0.021V base=0.0012V
[  250.0s] DAMPING     1016/100Hz avg10 ch0:LOCK g=-0.0350 bp=-0.007V ratio=0.08  ch1:LOCK g=-0.0350 bp=-0.013V ratio=0.10  ch2:LOCK g=+0.0350 bp=-0.008V ratio=0.08  ch3:LOCK g=-0.0350 bp=-0.004V ratio=0.10  ch4:NOSIG bp=+0.002V base=0.0022V  ch5:.... g=+0.0000 bp=+0.370V ratio=2.62  ch6:NOSIG bp=-0.004V base=0.0027V  ch7:NOSIG bp=-0.012V base=0.0012V
[  255.1s] DAMPING     1016/100Hz avg10 ch0:LOCK g=-0.0350 bp=+0.015V ratio=0.08  ch1:LOCK g=-0.0350 bp=-0.002V ratio=0.08  ch2:LOCK g=+0.0350 bp=-0.012V ratio=0.07  ch3:LOCK g=-0.0350 bp=-0.002V ratio=0.09  ch4:NOSIG bp=+0.006V base=0.0022V  ch5:.... g=+0.0000 bp=+0.399V ratio=2.63  ch6:NOSIG bp=+0.003V base=0.0027V  ch7:NOSIG bp=-0.014V base=0.0012V
[  260.1s] DAMPING     1016/100Hz avg10 ch0:LOCK g=-0.0350 bp=+0.006V ratio=0.09  ch1:LOCK g=-0.0350 bp=-0.005V ratio=0.10  ch2:LOCK g=+0.0350 bp=-0.015V ratio=0.08  ch3:LOCK g=-0.0350 bp=-0.004V ratio=0.09  ch4:NOSIG bp=+0.004V base=0.0022V  ch5:.... g=+0.0000 bp=+0.398V ratio=2.62  ch6:NOSIG bp=-0.003V base=0.0027V  ch7:NOSIG bp=-0.010V base=0.0012V
[  265.1s] DAMPING     1015/100Hz avg11 ch0:LOCK g=-0.0350 bp=-0.007V ratio=0.10  ch1:LOCK g=-0.0350 bp=-0.007V ratio=0.09  ch2:LOCK g=+0.0350 bp=-0.016V ratio=0.08  ch3:LOCK g=-0.0350 bp=-0.004V ratio=0.10  ch4:NOSIG bp=+0.006V base=0.0022V  ch5:.... g=+0.0000 bp=+0.372V ratio=2.59  ch6:NOSIG bp=-0.001V base=0.0027V  ch7:NOSIG bp=-0.005V base=0.0012V
[  270.1s] DAMPING     1015/100Hz avg11 ch0:LOCK g=-0.0350 bp=-0.005V ratio=0.09  ch1:LOCK g=-0.0350 bp=-0.009V ratio=0.09  ch2:LOCK g=+0.0350 bp=-0.019V ratio=0.08  ch3:LOCK g=-0.0350 bp=-0.006V ratio=0.09  ch4:NOSIG bp=+0.001V base=0.0022V  ch5:.... g=+0.0000 bp=+0.333V ratio=2.56  ch6:NOSIG bp=-0.000V base=0.0027V  ch7:NOSIG bp=-0.000V base=0.0012V
[  275.1s] DAMPING     1015/100Hz avg10 ch0:LOCK g=-0.0350 bp=+0.004V ratio=0.10  ch1:LOCK g=-0.0350 bp=-0.007V ratio=0.10  ch2:LOCK g=+0.0350 bp=-0.025V ratio=0.08  ch3:LOCK g=-0.0350 bp=-0.007V ratio=0.10  ch4:NOSIG bp=+0.003V base=0.0022V  ch5:.... g=+0.0000 bp=+0.276V ratio=2.57  ch6:NOSIG bp=+0.000V base=0.0027V  ch7:NOSIG bp=+0.008V base=0.0012V
[  280.1s] DAMPING     1015/100Hz avg10 ch0:LOCK g=-0.0350 bp=-0.007V ratio=0.09  ch1:LOCK g=-0.0350 bp=-0.006V ratio=0.10  ch2:LOCK g=+0.0350 bp=-0.023V ratio=0.08  ch3:LOCK g=-0.0350 bp=-0.009V ratio=0.10  ch4:NOSIG bp=+0.002V base=0.0022V  ch5:.... g=+0.0000 bp=+0.243V ratio=2.55  ch6:NOSIG bp=+0.005V base=0.0027V  ch7:NOSIG bp=+0.004V base=0.0012V
[  285.1s] DAMPING     1015/100Hz avg10 ch0:LOCK g=-0.0350 bp=-0.008V ratio=0.09  ch1:LOCK g=-0.0350 bp=-0.008V ratio=0.10  ch2:LOCK g=+0.0350 bp=-0.028V ratio=0.08  ch3:LOCK g=-0.0350 bp=-0.006V ratio=0.09  ch4:NOSIG bp=+0.006V base=0.0022V  ch5:.... g=+0.0000 bp=+0.185V ratio=2.54  ch6:NOSIG bp=-0.001V base=0.0027V  ch7:NOSIG bp=+0.002V base=0.0012V
[  290.1s] DAMPING     1015/100Hz avg11 ch0:LOCK g=-0.0350 bp=-0.027V ratio=0.10  ch1:LOCK g=-0.0350 bp=-0.015V ratio=0.11  ch2:LOCK g=+0.0350 bp=-0.027V ratio=0.07  ch3:LOCK g=-0.0350 bp=-0.009V ratio=0.09  ch4:NOSIG bp=+0.002V base=0.0022V  ch5:.... g=+0.0000 bp=+0.127V ratio=2.52  ch6:NOSIG bp=-0.001V base=0.0027V  ch7:NOSIG bp=+0.001V base=0.0012V
[  295.1s] DAMPING     1015/100Hz avg10 ch0:LOCK g=-0.0350 bp=-0.012V ratio=0.07  ch1:LOCK g=-0.0350 bp=-0.008V ratio=0.08  ch2:LOCK g=+0.0350 bp=-0.027V ratio=0.07  ch3:LOCK g=-0.0350 bp=-0.008V ratio=0.11  ch4:NOSIG bp=+0.002V base=0.0022V  ch5:.... g=+0.0000 bp=+0.083V ratio=2.50  ch6:NOSIG bp=+0.003V base=0.0027V  ch7:NOSIG bp=+0.004V base=0.0012V
[  300.1s] DAMPING     1014/100Hz avg11 ch0:LOCK g=-0.0350 bp=-0.006V ratio=0.10  ch1:LOCK g=-0.0350 bp=-0.006V ratio=0.09  ch2:LOCK g=+0.0350 bp=-0.027V ratio=0.07  ch3:LOCK g=-0.0350 bp=-0.007V ratio=0.10  ch4:NOSIG bp=-0.001V base=0.0022V  ch5:.... g=+0.0000 bp=+0.043V ratio=2.49  ch6:NOSIG bp=-0.002V base=0.0027V  ch7:NOSIG bp=+0.001V base=0.0012V
[  305.1s] DAMPING     1014/100Hz avg10 ch0:LOCK g=-0.0350 bp=-0.012V ratio=0.07  ch1:LOCK g=-0.0350 bp=-0.005V ratio=0.07  ch2:LOCK g=+0.0350 bp=-0.024V ratio=0.07  ch3:LOCK g=-0.0350 bp=-0.008V ratio=0.10  ch4:NOSIG bp=-0.000V base=0.0022V  ch5:.... g=+0.0000 bp=-0.001V ratio=2.48  ch6:NOSIG bp=-0.000V base=0.0027V  ch7:NOSIG bp=+0.001V base=0.0012V
[  310.1s] DAMPING     1014/100Hz avg9 ch0:LOCK g=-0.0350 bp=-0.024V ratio=0.09  ch1:LOCK g=-0.0350 bp=-0.008V ratio=0.09  ch2:LOCK g=+0.0350 bp=-0.023V ratio=0.07  ch3:LOCK g=-0.0350 bp=-0.006V ratio=0.07  ch4:NOSIG bp=-0.002V base=0.0022V  ch5:.... g=+0.0000 bp=-0.031V ratio=2.47  ch6:NOSIG bp=+0.003V base=0.0027V  ch7:NOSIG bp=-0.001V base=0.0012V
[  315.1s] DAMPING     1014/100Hz avg10 ch0:LOCK g=-0.0350 bp=-0.033V ratio=0.11  ch1:LOCK g=-0.0350 bp=-0.009V ratio=0.11  ch2:LOCK g=+0.0350 bp=-0.020V ratio=0.07  ch3:LOCK g=-0.0350 bp=-0.006V ratio=0.10  ch4:NOSIG bp=+0.000V base=0.0022V  ch5:.... g=+0.0000 bp=-0.045V ratio=2.45  ch6:NOSIG bp=-0.001V base=0.0027V  ch7:NOSIG bp=-0.002V base=0.0012V
[  320.1s] DAMPING     1014/100Hz avg10 ch0:LOCK g=-0.0350 bp=-0.021V ratio=0.08  ch1:LOCK g=-0.0350 bp=-0.008V ratio=0.10  ch2:LOCK g=+0.0350 bp=-0.018V ratio=0.07  ch3:LOCK g=-0.0350 bp=-0.005V ratio=0.10  ch4:NOSIG bp=-0.002V base=0.0022V  ch5:.... g=+0.0000 bp=-0.057V ratio=2.45  ch6:NOSIG bp=+0.000V base=0.0027V  ch7:NOSIG bp=+0.007V base=0.0012V
[  325.1s] DAMPING     1014/100Hz avg10 ch0:LOCK g=-0.0350 bp=-0.012V ratio=0.08  ch1:LOCK g=-0.0350 bp=-0.000V ratio=0.09  ch2:LOCK g=+0.0350 bp=-0.014V ratio=0.07  ch3:LOCK g=-0.0350 bp=-0.002V ratio=0.09  ch4:NOSIG bp=+0.001V base=0.0022V  ch5:.... g=+0.0000 bp=-0.070V ratio=2.43  ch6:NOSIG bp=-0.002V base=0.0027V  ch7:NOSIG bp=-0.002V base=0.0012V
[  330.1s] DAMPING     1014/100Hz avg10 ch0:LOCK g=-0.0350 bp=-0.005V ratio=0.10  ch1:LOCK g=-0.0350 bp=-0.001V ratio=0.10  ch2:LOCK g=+0.0350 bp=-0.013V ratio=0.07  ch3:LOCK g=-0.0350 bp=+0.002V ratio=0.10  ch4:NOSIG bp=+0.007V base=0.0022V  ch5:.... g=+0.0000 bp=-0.085V ratio=2.41  ch6:NOSIG bp=+0.003V base=0.0027V  ch7:NOSIG bp=-0.002V base=0.0012V
[  335.1s] DAMPING     1014/100Hz avg10 ch0:LOCK g=-0.0350 bp=-0.005V ratio=0.10  ch1:LOCK g=-0.0350 bp=+0.002V ratio=0.09  ch2:LOCK g=+0.0350 bp=-0.008V ratio=0.07  ch3:LOCK g=-0.0350 bp=-0.000V ratio=0.09  ch4:NOSIG bp=-0.000V base=0.0022V  ch5:.... g=+0.0000 bp=-0.106V ratio=2.41  ch6:NOSIG bp=+0.001V base=0.0027V  ch7:NOSIG bp=+0.004V base=0.0012V
[  340.1s] DAMPING     1013/100Hz avg10 ch0:LOCK g=-0.0350 bp=-0.012V ratio=0.08  ch1:LOCK g=-0.0350 bp=+0.000V ratio=0.09  ch2:LOCK g=+0.0350 bp=-0.005V ratio=0.07  ch3:LOCK g=-0.0350 bp=+0.001V ratio=0.09  ch4:NOSIG bp=+0.003V base=0.0022V  ch5:.... g=+0.0000 bp=-0.131V ratio=2.40  ch6:NOSIG bp=-0.003V base=0.0027V  ch7:NOSIG bp=-0.004V base=0.0012V
[  345.1s] DAMPING     1013/100Hz avg10 ch0:LOCK g=-0.0350 bp=-0.022V ratio=0.10  ch1:LOCK g=-0.0350 bp=+0.001V ratio=0.09  ch2:LOCK g=+0.0350 bp=+0.005V ratio=0.08  ch3:LOCK g=-0.0350 bp=+0.000V ratio=0.09  ch4:NOSIG bp=-0.012V base=0.0022V  ch5:.... g=+0.0000 bp=-0.154V ratio=2.38  ch6:NOSIG bp=+0.005V base=0.0027V  ch7:NOSIG bp=+0.005V base=0.0012V
[  350.1s] DAMPING     1013/100Hz avg11 ch0:LOCK g=-0.0350 bp=-0.001V ratio=0.08  ch1:LOCK g=-0.0350 bp=+0.001V ratio=0.09  ch2:LOCK g=+0.0350 bp=+0.009V ratio=0.07  ch3:LOCK g=-0.0350 bp=+0.000V ratio=0.10  ch4:NOSIG bp=-0.002V base=0.0022V  ch5:.... g=+0.0000 bp=-0.171V ratio=2.38  ch6:NOSIG bp=+0.001V base=0.0027V  ch7:NOSIG bp=+0.004V base=0.0012V
[  355.1s] DAMPING     1013/100Hz avg9 ch0:LOCK g=-0.0350 bp=+0.006V ratio=0.10  ch1:LOCK g=-0.0350 bp=+0.006V ratio=0.09  ch2:LOCK g=+0.0350 bp=+0.011V ratio=0.07  ch3:LOCK g=-0.0350 bp=+0.006V ratio=0.09  ch4:NOSIG bp=+0.005V base=0.0022V  ch5:.... g=+0.0000 bp=-0.198V ratio=2.35  ch6:NOSIG bp=-0.000V base=0.0027V  ch7:NOSIG bp=-0.003V base=0.0012V
[  360.1s] DAMPING     1013/100Hz avg10 ch0:LOCK g=-0.0350 bp=+0.001V ratio=0.07  ch1:LOCK g=-0.0350 bp=+0.006V ratio=0.07  ch2:LOCK g=+0.0350 bp=+0.012V ratio=0.06  ch3:LOCK g=-0.0350 bp=+0.002V ratio=0.08  ch4:NOSIG bp=-0.003V base=0.0022V  ch5:.... g=+0.0000 bp=-0.239V ratio=2.35  ch6:NOSIG bp=-0.001V base=0.0027V  ch7:NOSIG bp=+0.002V base=0.0012V
[  365.1s] DAMPING     1012/100Hz avg10 ch0:LOCK g=-0.0350 bp=-0.026V ratio=0.17  ch1:LOCK g=-0.0350 bp=+0.002V ratio=0.14  ch2:LOCK g=+0.0350 bp=+0.004V ratio=0.07  ch3:LOCK g=-0.0350 bp=+0.004V ratio=0.07  ch4:NOSIG bp=-0.006V base=0.0022V  ch5:.... g=+0.0000 bp=-0.273V ratio=2.30  ch6:NOSIG bp=-0.002V base=0.0027V  ch7:NOSIG bp=+0.003V base=0.0012V

!! ch5 runaway -- freezing all channels, entering FAULT.

[  370.1s] FAULT       1012/100Hz avg6 ch0:LOCK g=+0.0000 bp=+0.047V ratio=0.13  ch1:LOCK g=+0.0000 bp=+0.021V ratio=0.14  ch2:LOCK g=+0.0000 bp=-0.043V ratio=0.08  ch3:LOCK g=+0.0000 bp=-0.008V ratio=0.10  ch4:NOSIG bp=-0.001V base=0.0022V  ch5:.... g=+0.0000 bp=-0.288V ratio=2.32  ch6:NOSIG bp=+0.001V base=0.0027V  ch7:NOSIG bp=-0.008V base=0.0012V

[recovered] all channels clear for 5s -- re-calibrating (the baseline is 354s old, over the 300s limit) for up to 20s.

[  375.1s] CALIBRATING 1014/100Hz avg11 ch0:.... g=+0.0000 bp=-0.062V ratio=0.00  ch1:.... g=+0.0000 bp=-0.030V ratio=0.00  ch2:.... g=+0.0000 bp=+0.073V ratio=0.00  ch3:.... g=+0.0000 bp=+0.021V ratio=0.00  ch4:.... g=+0.0000 bp=-0.005V ratio=0.00  ch5:.... g=+0.0000 bp=-0.301V ratio=0.00  ch6:.... g=+0.0000 bp=-0.001V ratio=0.00  ch7:.... g=+0.0000 bp=+0.004V ratio=0.00
[  380.1s] CALIBRATING 1015/100Hz avg12 ch0:.... g=+0.0000 bp=+0.054V ratio=0.00  ch1:.... g=+0.0000 bp=+0.033V ratio=0.00  ch2:.... g=+0.0000 bp=-0.037V ratio=0.00  ch3:.... g=+0.0000 bp=-0.017V ratio=0.00  ch4:.... g=+0.0000 bp=-0.002V ratio=0.00  ch5:.... g=+0.0000 bp=-0.296V ratio=0.00  ch6:.... g=+0.0000 bp=-0.007V ratio=0.00  ch7:.... g=+0.0000 bp=+0.006V ratio=0.00
[  385.1s] CALIBRATING 1016/100Hz avg11 ch0:.... g=+0.0000 bp=+0.004V ratio=0.00  ch1:.... g=+0.0000 bp=-0.002V ratio=0.00  ch2:.... g=+0.0000 bp=+0.103V ratio=0.00  ch3:.... g=+0.0000 bp=+0.033V ratio=0.00  ch4:.... g=+0.0000 bp=+0.000V ratio=0.00  ch5:.... g=+0.0000 bp=-0.289V ratio=0.00  ch6:.... g=+0.0000 bp=+0.000V ratio=0.00  ch7:.... g=+0.0000 bp=+0.005V ratio=0.00
[  390.1s] CALIBRATING 1017/100Hz avg11 ch0:.... g=+0.0000 bp=+0.061V ratio=0.00  ch1:.... g=+0.0000 bp=+0.039V ratio=0.00  ch2:.... g=+0.0000 bp=+0.062V ratio=0.00  ch3:.... g=+0.0000 bp=+0.021V ratio=0.00  ch4:.... g=+0.0000 bp=+0.003V ratio=0.00  ch5:.... g=+0.0000 bp=-0.278V ratio=0.00  ch6:.... g=+0.0000 bp=+0.002V ratio=0.00  ch7:.... g=+0.0000 bp=+0.004V ratio=0.00

[baseline] written to /Users/gojira/Documents/GitHub.nosync/ligo/data/baseline.json -- the next start-up engages in ~2s instead of 20s, if nothing in the fingerprint or the room has moved.


[DAMPING] baseline set in 20.0s (ran the full 20s ceiling -- the floor never settled, median of sub-windows used): ch0=0.0638V, ch1=0.0290V, ch2=0.0804V, ch3=0.0250V, ch4=0.0034V, ch5=0.2086V, ch6=0.0025V, ch7=0.0053V. Gain schedules -0.035 -> -0.035...


!! ch6 demoted -- baseline 0.0025V, under 10% of the 0.0270V median across enabled channels. That sensor is not measuring the optic, so a ratio against it is a ratio against nothing -- held at bias and out of the interlocks. 7/8 still damping.

[  395.1s] DAMPING     1018/100Hz avg10 ch0:.... g=-0.0196 bp=+0.105V ratio=1.53  ch1:.... g=-0.0196 bp=+0.043V ratio=1.46  ch2:.... g=+0.0196 bp=+0.103V ratio=1.24  ch3:.... g=-0.0196 bp=+0.027V ratio=1.04  ch4:.... g=+0.0000 bp=+0.003V ratio=0.96  ch5:.... g=+0.0000 bp=-0.231V ratio=0.98  ch6:NOSIG bp=+0.004V base=0.0025V  ch7:.... g=+0.0000 bp=-0.001V ratio=0.69